Copyright 1986-2018 Xilinx, Inc. All Rights Reserved.
------------------------------------------------------------------------------------------------------------------------------------------------------------------------------
| Tool Version : Vivado v.2018.3 (lin64) Build 2405991 Thu Dec  6 23:36:41 MST 2018
| Date         : Fri Feb 13 22:49:42 2026
| Host         : chenxun-Z790-UD-AC running 64-bit Ubuntu 24.04.3 LTS
| Command      : report_drc -file eth_xcvr_gth_full_example_top_drc_opted.rpt -pb eth_xcvr_gth_full_example_top_drc_opted.pb -rpx eth_xcvr_gth_full_example_top_drc_opted.rpx
| Design       : eth_xcvr_gth_full_example_top
| Device       : xcku035-fbva676-2-e
| Speed File   : -2
| Design State : Synthesized
------------------------------------------------------------------------------------------------------------------------------------------------------------------------------

Report DRC

Table of Contents
-----------------
1. REPORT SUMMARY
2. REPORT DETAILS

1. REPORT SUMMARY
-----------------
            Netlist: netlist
          Floorplan: design_1
      Design limits: <entire design considered>
           Ruledeck: default
             Max violations: <unlimited>
             Violations found: 0
+------+----------+-------------+------------+
| Rule | Severity | Description | Violations |
+------+----------+-------------+------------+
+------+----------+-------------+------------+

2. REPORT DETAILS
-----------------

