Copyright 1986-2018 Xilinx, Inc. All Rights Reserved.
-----------------------------------------------------------------------------------------------------------------------------------------------------------------------------------------------------------------------------
| Tool Version : Vivado v.2018.3 (lin64) Build 2405991 Thu Dec  6 23:36:41 MST 2018
| Date         : Fri Feb 13 22:50:15 2026
| Host         : chenxun-Z790-UD-AC running 64-bit Ubuntu 24.04.3 LTS
| Command      : report_methodology -file eth_xcvr_gth_full_example_top_methodology_drc_routed.rpt -pb eth_xcvr_gth_full_example_top_methodology_drc_routed.pb -rpx eth_xcvr_gth_full_example_top_methodology_drc_routed.rpx
| Design       : eth_xcvr_gth_full_example_top
| Device       : xcku035-fbva676-2-e
| Speed File   : -2
| Design State : Fully Routed
-----------------------------------------------------------------------------------------------------------------------------------------------------------------------------------------------------------------------------

Report Methodology

Table of Contents
-----------------
1. REPORT SUMMARY
2. REPORT DETAILS

1. REPORT SUMMARY
-----------------
            Netlist: netlist
          Floorplan: design_1
      Design limits: <entire design considered>
             Max violations: <unlimited>
             Violations found: 27
+-----------+----------+------------------------------------------------+------------+
| Rule      | Severity | Description                                    | Violations |
+-----------+----------+------------------------------------------------+------------+
| LUTAR-1   | Warning  | LUT drives async reset alert                   | 10         |
| TIMING-6  | Warning  | No common primary clock between related clocks | 2          |
| TIMING-7  | Warning  | No common node between related clocks          | 2          |
| TIMING-8  | Warning  | No common period between related clocks        | 2          |
| TIMING-9  | Warning  | Unknown CDC Logic                              | 1          |
| TIMING-16 | Warning  | Large setup violation                          | 6          |
| TIMING-18 | Warning  | Missing input or output delay                  | 1          |
| XDCH-2    | Warning  | Same min and max delay values on IO port       | 3          |
+-----------+----------+------------------------------------------------+------------+

2. REPORT DETAILS
-----------------
LUTAR-1#1 Warning
LUT drives async reset alert  
LUT cell dbg_hub/inst/BSCANID.u_xsdbm_id/CORE_XSDB.UUT_MASTER/U_ICON_INTERFACE/U_CMD6_RD/U_RD_FIFO/SUBCORE_FIFO.xsdbm_v3_0_0_rdfifo_inst/inst_fifo_gen/gconvfifo.rf/grf.rf/rstblk/ngwrdrst.grst.g7serrst.gwrrd_rst_sync_stage[2].rrst_inst/ngwrdrst.grst.g7serrst.rd_rst_reg[2]_i_1, with 2 or more inputs, drives asynchronous preset/clear pin(s) dbg_hub/inst/BSCANID.u_xsdbm_id/CORE_XSDB.UUT_MASTER/U_ICON_INTERFACE/U_CMD6_RD/U_RD_FIFO/SUBCORE_FIFO.xsdbm_v3_0_0_rdfifo_inst/inst_fifo_gen/gconvfifo.rf/grf.rf/rstblk/ngwrdrst.grst.g7serrst.rd_rst_reg_reg[0]/PRE, dbg_hub/inst/BSCANID.u_xsdbm_id/CORE_XSDB.UUT_MASTER/U_ICON_INTERFACE/U_CMD6_RD/U_RD_FIFO/SUBCORE_FIFO.xsdbm_v3_0_0_rdfifo_inst/inst_fifo_gen/gconvfifo.rf/grf.rf/rstblk/ngwrdrst.grst.g7serrst.rd_rst_reg_reg[1]/PRE, dbg_hub/inst/BSCANID.u_xsdbm_id/CORE_XSDB.UUT_MASTER/U_ICON_INTERFACE/U_CMD6_RD/U_RD_FIFO/SUBCORE_FIFO.xsdbm_v3_0_0_rdfifo_inst/inst_fifo_gen/gconvfifo.rf/grf.rf/rstblk/ngwrdrst.grst.g7serrst.rd_rst_reg_reg[2]/PRE. The LUT may glitch and trigger an unexpected reset, even if it is a properly timed path.
Related violations: <none>

LUTAR-1#2 Warning
LUT drives async reset alert  
LUT cell dbg_hub/inst/BSCANID.u_xsdbm_id/CORE_XSDB.UUT_MASTER/U_ICON_INTERFACE/U_CMD6_RD/U_RD_FIFO/SUBCORE_FIFO.xsdbm_v3_0_0_rdfifo_inst/inst_fifo_gen/gconvfifo.rf/grf.rf/rstblk/ngwrdrst.grst.g7serrst.gwrrd_rst_sync_stage[2].wrst_inst/ngwrdrst.grst.g7serrst.wr_rst_reg[2]_i_1, with 2 or more inputs, drives asynchronous preset/clear pin(s) dbg_hub/inst/BSCANID.u_xsdbm_id/CORE_XSDB.UUT_MASTER/U_ICON_INTERFACE/U_CMD6_RD/U_RD_FIFO/SUBCORE_FIFO.xsdbm_v3_0_0_rdfifo_inst/inst_fifo_gen/gconvfifo.rf/grf.rf/rstblk/ngwrdrst.grst.g7serrst.wr_rst_reg_reg[0]/PRE, dbg_hub/inst/BSCANID.u_xsdbm_id/CORE_XSDB.UUT_MASTER/U_ICON_INTERFACE/U_CMD6_RD/U_RD_FIFO/SUBCORE_FIFO.xsdbm_v3_0_0_rdfifo_inst/inst_fifo_gen/gconvfifo.rf/grf.rf/rstblk/ngwrdrst.grst.g7serrst.wr_rst_reg_reg[1]/PRE, dbg_hub/inst/BSCANID.u_xsdbm_id/CORE_XSDB.UUT_MASTER/U_ICON_INTERFACE/U_CMD6_RD/U_RD_FIFO/SUBCORE_FIFO.xsdbm_v3_0_0_rdfifo_inst/inst_fifo_gen/gconvfifo.rf/grf.rf/rstblk/ngwrdrst.grst.g7serrst.wr_rst_reg_reg[2]/PRE. The LUT may glitch and trigger an unexpected reset, even if it is a properly timed path.
Related violations: <none>

LUTAR-1#3 Warning
LUT drives async reset alert  
LUT cell dbg_hub/inst/BSCANID.u_xsdbm_id/CORE_XSDB.UUT_MASTER/U_ICON_INTERFACE/U_CMD6_WR/U_WR_FIFO/SUBCORE_FIFO.xsdbm_v3_0_0_wrfifo_inst/inst_fifo_gen/gconvfifo.rf/grf.rf/rstblk/ngwrdrst.grst.g7serrst.gwrrd_rst_sync_stage[2].rrst_inst/ngwrdrst.grst.g7serrst.rd_rst_reg[2]_i_1, with 2 or more inputs, drives asynchronous preset/clear pin(s) dbg_hub/inst/BSCANID.u_xsdbm_id/CORE_XSDB.UUT_MASTER/U_ICON_INTERFACE/U_CMD6_WR/U_WR_FIFO/SUBCORE_FIFO.xsdbm_v3_0_0_wrfifo_inst/inst_fifo_gen/gconvfifo.rf/grf.rf/rstblk/ngwrdrst.grst.g7serrst.rd_rst_reg_reg[0]/PRE, dbg_hub/inst/BSCANID.u_xsdbm_id/CORE_XSDB.UUT_MASTER/U_ICON_INTERFACE/U_CMD6_WR/U_WR_FIFO/SUBCORE_FIFO.xsdbm_v3_0_0_wrfifo_inst/inst_fifo_gen/gconvfifo.rf/grf.rf/rstblk/ngwrdrst.grst.g7serrst.rd_rst_reg_reg[1]/PRE, dbg_hub/inst/BSCANID.u_xsdbm_id/CORE_XSDB.UUT_MASTER/U_ICON_INTERFACE/U_CMD6_WR/U_WR_FIFO/SUBCORE_FIFO.xsdbm_v3_0_0_wrfifo_inst/inst_fifo_gen/gconvfifo.rf/grf.rf/rstblk/ngwrdrst.grst.g7serrst.rd_rst_reg_reg[2]/PRE. The LUT may glitch and trigger an unexpected reset, even if it is a properly timed path.
Related violations: <none>

LUTAR-1#4 Warning
LUT drives async reset alert  
LUT cell dbg_hub/inst/BSCANID.u_xsdbm_id/CORE_XSDB.UUT_MASTER/U_ICON_INTERFACE/U_CMD6_WR/U_WR_FIFO/SUBCORE_FIFO.xsdbm_v3_0_0_wrfifo_inst/inst_fifo_gen/gconvfifo.rf/grf.rf/rstblk/ngwrdrst.grst.g7serrst.gwrrd_rst_sync_stage[2].wrst_inst/ngwrdrst.grst.g7serrst.wr_rst_reg[2]_i_1, with 2 or more inputs, drives asynchronous preset/clear pin(s) dbg_hub/inst/BSCANID.u_xsdbm_id/CORE_XSDB.UUT_MASTER/U_ICON_INTERFACE/U_CMD6_WR/U_WR_FIFO/SUBCORE_FIFO.xsdbm_v3_0_0_wrfifo_inst/inst_fifo_gen/gconvfifo.rf/grf.rf/rstblk/ngwrdrst.grst.g7serrst.wr_rst_reg_reg[0]/PRE, dbg_hub/inst/BSCANID.u_xsdbm_id/CORE_XSDB.UUT_MASTER/U_ICON_INTERFACE/U_CMD6_WR/U_WR_FIFO/SUBCORE_FIFO.xsdbm_v3_0_0_wrfifo_inst/inst_fifo_gen/gconvfifo.rf/grf.rf/rstblk/ngwrdrst.grst.g7serrst.wr_rst_reg_reg[1]/PRE, dbg_hub/inst/BSCANID.u_xsdbm_id/CORE_XSDB.UUT_MASTER/U_ICON_INTERFACE/U_CMD6_WR/U_WR_FIFO/SUBCORE_FIFO.xsdbm_v3_0_0_wrfifo_inst/inst_fifo_gen/gconvfifo.rf/grf.rf/rstblk/ngwrdrst.grst.g7serrst.wr_rst_reg_reg[2]/PRE. The LUT may glitch and trigger an unexpected reset, even if it is a properly timed path.
Related violations: <none>

LUTAR-1#5 Warning
LUT drives async reset alert  
LUT cell dbg_hub/inst/BSCANID.u_xsdbm_id/SWITCH_N_EXT_BSCAN.bscan_switch/m_bscan_sel[0]_INST_0, with 2 or more inputs, drives asynchronous preset/clear pin(s) dbg_hub/inst/BSCANID.u_xsdbm_id/CORE_XSDB.U_ICON/U_CMD/iTARGET_reg[10]/CLR, dbg_hub/inst/BSCANID.u_xsdbm_id/CORE_XSDB.U_ICON/U_CMD/iTARGET_reg[11]/CLR, dbg_hub/inst/BSCANID.u_xsdbm_id/CORE_XSDB.U_ICON/U_CMD/iTARGET_reg[12]/CLR, dbg_hub/inst/BSCANID.u_xsdbm_id/CORE_XSDB.U_ICON/U_CMD/iTARGET_reg[13]/CLR, dbg_hub/inst/BSCANID.u_xsdbm_id/CORE_XSDB.U_ICON/U_CMD/iTARGET_reg[14]/CLR, dbg_hub/inst/BSCANID.u_xsdbm_id/CORE_XSDB.U_ICON/U_CMD/iTARGET_reg[15]/CLR, dbg_hub/inst/BSCANID.u_xsdbm_id/CORE_XSDB.U_ICON/U_CMD/iTARGET_reg[6]/CLR, dbg_hub/inst/BSCANID.u_xsdbm_id/CORE_XSDB.U_ICON/U_CMD/iTARGET_reg[7]/CLR, dbg_hub/inst/BSCANID.u_xsdbm_id/CORE_XSDB.U_ICON/U_CMD/iTARGET_reg[8]/CLR, dbg_hub/inst/BSCANID.u_xsdbm_id/CORE_XSDB.U_ICON/U_CMD/iTARGET_reg[9]/CLR. The LUT may glitch and trigger an unexpected reset, even if it is a properly timed path.
Related violations: <none>

LUTAR-1#6 Warning
LUT drives async reset alert  
LUT cell example_wrapper_inst/gtwiz_reset_inst/reset_synchronizer_gtwiz_reset_rx_any_inst_i_1, with 2 or more inputs, drives asynchronous preset/clear pin(s) example_wrapper_inst/gtwiz_reset_inst/reset_synchronizer_gtwiz_reset_rx_any_inst/rst_in_meta_reg/PRE, example_wrapper_inst/gtwiz_reset_inst/reset_synchronizer_gtwiz_reset_rx_any_inst/rst_in_out_reg/PRE, example_wrapper_inst/gtwiz_reset_inst/reset_synchronizer_gtwiz_reset_rx_any_inst/rst_in_sync1_reg/PRE, example_wrapper_inst/gtwiz_reset_inst/reset_synchronizer_gtwiz_reset_rx_any_inst/rst_in_sync2_reg/PRE, example_wrapper_inst/gtwiz_reset_inst/reset_synchronizer_gtwiz_reset_rx_any_inst/rst_in_sync3_reg/PRE. The LUT may glitch and trigger an unexpected reset, even if it is a properly timed path.
Related violations: <none>

LUTAR-1#7 Warning
LUT drives async reset alert  
LUT cell example_wrapper_inst/gtwiz_reset_inst/reset_synchronizer_gtwiz_reset_rx_datapath_inst_i_1, with 2 or more inputs, drives asynchronous preset/clear pin(s) example_wrapper_inst/gtwiz_reset_inst/reset_synchronizer_gtwiz_reset_rx_datapath_inst/rst_in_meta_reg/PRE, example_wrapper_inst/gtwiz_reset_inst/reset_synchronizer_gtwiz_reset_rx_datapath_inst/rst_in_out_reg/PRE, example_wrapper_inst/gtwiz_reset_inst/reset_synchronizer_gtwiz_reset_rx_datapath_inst/rst_in_sync1_reg/PRE, example_wrapper_inst/gtwiz_reset_inst/reset_synchronizer_gtwiz_reset_rx_datapath_inst/rst_in_sync2_reg/PRE, example_wrapper_inst/gtwiz_reset_inst/reset_synchronizer_gtwiz_reset_rx_datapath_inst/rst_in_sync3_reg/PRE. The LUT may glitch and trigger an unexpected reset, even if it is a properly timed path.
Related violations: <none>

LUTAR-1#8 Warning
LUT drives async reset alert  
LUT cell example_wrapper_inst_i_1, with 2 or more inputs, drives asynchronous preset/clear pin(s) example_wrapper_inst/eth_xcvr_gth_full_inst/inst/gen_gtwizard_gthe3_top.eth_xcvr_gth_full_gtwizard_gthe3_inst/gen_gtwizard_gthe3.gen_tx_user_clocking_internal.gen_single_instance.gtwiz_userclk_tx_inst/gen_gtwiz_userclk_tx_main.gtwiz_userclk_tx_active_meta_reg/CLR, example_wrapper_inst/eth_xcvr_gth_full_inst/inst/gen_gtwizard_gthe3_top.eth_xcvr_gth_full_gtwizard_gthe3_inst/gen_gtwizard_gthe3.gen_tx_user_clocking_internal.gen_single_instance.gtwiz_userclk_tx_inst/gen_gtwiz_userclk_tx_main.gtwiz_userclk_tx_active_sync_reg/CLR, example_wrapper_inst/eth_xcvr_gth_full_inst/inst/gen_gtwizard_gthe3_top.eth_xcvr_gth_full_gtwizard_gthe3_inst/gen_gtwizard_gthe3.gen_channel_container[0].gen_enabled_channel.gthe3_channel_wrapper_inst/channel_inst/BUFG_GT_SYNC_1/CLR. The LUT may glitch and trigger an unexpected reset, even if it is a properly timed path.
Related violations: <none>

LUTAR-1#9 Warning
LUT drives async reset alert  
LUT cell example_wrapper_inst_i_2, with 2 or more inputs, drives asynchronous preset/clear pin(s) example_wrapper_inst/eth_xcvr_gth_full_inst/inst/gen_gtwizard_gthe3_top.eth_xcvr_gth_full_gtwizard_gthe3_inst/gen_gtwizard_gthe3.gen_rx_user_clocking_internal.gen_single_instance.gtwiz_userclk_rx_inst/gen_gtwiz_userclk_rx_main.gtwiz_userclk_rx_active_meta_reg/CLR, example_wrapper_inst/eth_xcvr_gth_full_inst/inst/gen_gtwizard_gthe3_top.eth_xcvr_gth_full_gtwizard_gthe3_inst/gen_gtwizard_gthe3.gen_rx_user_clocking_internal.gen_single_instance.gtwiz_userclk_rx_inst/gen_gtwiz_userclk_rx_main.gtwiz_userclk_rx_active_sync_reg/CLR, example_wrapper_inst/eth_xcvr_gth_full_inst/inst/gen_gtwizard_gthe3_top.eth_xcvr_gth_full_gtwizard_gthe3_inst/gen_gtwizard_gthe3.gen_channel_container[0].gen_enabled_channel.gthe3_channel_wrapper_inst/channel_inst/BUFG_GT_SYNC/CLR. The LUT may glitch and trigger an unexpected reset, even if it is a properly timed path.
Related violations: <none>

LUTAR-1#10 Warning
LUT drives async reset alert  
LUT cell hb_gtwiz_reset_all_int_inferred_i_1, with 2 or more inputs, drives asynchronous preset/clear pin(s) example_wrapper_inst/gtwiz_reset_inst/reset_synchronizer_gtwiz_reset_all_inst/rst_in_meta_reg/PRE, example_wrapper_inst/gtwiz_reset_inst/reset_synchronizer_gtwiz_reset_all_inst/rst_in_out_reg/PRE, example_wrapper_inst/gtwiz_reset_inst/reset_synchronizer_gtwiz_reset_all_inst/rst_in_sync1_reg/PRE, example_wrapper_inst/gtwiz_reset_inst/reset_synchronizer_gtwiz_reset_all_inst/rst_in_sync2_reg/PRE, example_wrapper_inst/gtwiz_reset_inst/reset_synchronizer_gtwiz_reset_all_inst/rst_in_sync3_reg/PRE, example_init_inst/reset_synchronizer_reset_all_inst/rst_in_meta_reg/PRE, example_init_inst/reset_synchronizer_reset_all_inst/rst_in_out_reg/PRE, example_init_inst/reset_synchronizer_reset_all_inst/rst_in_sync1_reg/PRE, example_init_inst/reset_synchronizer_reset_all_inst/rst_in_sync2_reg/PRE, example_init_inst/reset_synchronizer_reset_all_inst/rst_in_sync3_reg/PRE. The LUT may glitch and trigger an unexpected reset, even if it is a properly timed path.
Related violations: <none>

TIMING-6#1 Warning
No common primary clock between related clocks  
The clocks gtwiz_userclk_rx_usrclk2_int and clk_freerun are related (timed together) but they have no common primary clock. The design could fail in hardware. To find a timing path between these clocks, run the following command: report_timing -from [get_clocks gtwiz_userclk_rx_usrclk2_int] -to [get_clocks clk_freerun]
Related violations: <none>

TIMING-6#2 Warning
No common primary clock between related clocks  
The clocks gtwiz_userclk_tx_usrclk2_int and clk_freerun are related (timed together) but they have no common primary clock. The design could fail in hardware. To find a timing path between these clocks, run the following command: report_timing -from [get_clocks gtwiz_userclk_tx_usrclk2_int] -to [get_clocks clk_freerun]
Related violations: <none>

TIMING-7#1 Warning
No common node between related clocks  
The clocks gtwiz_userclk_rx_usrclk2_int and clk_freerun are related (timed together) but they have no common node. The design could fail in hardware. To find a timing path between these clocks, run the following command: report_timing -from [get_clocks gtwiz_userclk_rx_usrclk2_int] -to [get_clocks clk_freerun]
Related violations: <none>

TIMING-7#2 Warning
No common node between related clocks  
The clocks gtwiz_userclk_tx_usrclk2_int and clk_freerun are related (timed together) but they have no common node. The design could fail in hardware. To find a timing path between these clocks, run the following command: report_timing -from [get_clocks gtwiz_userclk_tx_usrclk2_int] -to [get_clocks clk_freerun]
Related violations: <none>

TIMING-8#1 Warning
No common period between related clocks  
The clocks gtwiz_userclk_rx_usrclk2_int and clk_freerun are found related (timed together) but have no common (expandable) period
Related violations: <none>

TIMING-8#2 Warning
No common period between related clocks  
The clocks gtwiz_userclk_tx_usrclk2_int and clk_freerun are found related (timed together) but have no common (expandable) period
Related violations: <none>

TIMING-9#1 Warning
Unknown CDC Logic  
One or more asynchronous Clock Domain Crossing has been detected between 2 clock domains through a set_false_path or a set_clock_groups or set_max_delay -datapath_only constraint but no double-registers logic synchronizer has been found on the side of the capture clock. It is recommended to run report_cdc for a complete and detailed CDC coverage. Please consider using XPM_CDC to avoid Critical severities
Related violations: <none>

TIMING-16#1 Warning
Large setup violation  
There is a large setup violation of -1.867 ns between example_wrapper_inst/gtwiz_reset_inst/reset_synchronizer_rx_done_inst/rst_in_out_reg/C (clocked by gtwiz_userclk_rx_usrclk2_int) and bs_rx_done/i_in_meta_reg/D (clocked by clk_freerun). Large setup violations at the end of those stages might be difficult to fix during the post-placement implementation flow and could be the result of non-optimal XDC constraints or non-optimal design architecture
Related violations: <none>

TIMING-16#2 Warning
Large setup violation  
There is a large setup violation of -1.900 ns between phy_inst/eth_phy_10g_rx_inst/eth_phy_10g_rx_if_inst/eth_phy_10g_rx_watchdog_inst/rx_status_reg_reg/C (clocked by gtwiz_userclk_rx_usrclk2_int) and bs_rxstatus/i_in_meta_reg/D (clocked by clk_freerun). Large setup violations at the end of those stages might be difficult to fix during the post-placement implementation flow and could be the result of non-optimal XDC constraints or non-optimal design architecture
Related violations: <none>

TIMING-16#3 Warning
Large setup violation  
There is a large setup violation of -1.937 ns between phy_inst/eth_phy_10g_rx_inst/eth_phy_10g_rx_if_inst/eth_phy_10g_rx_watchdog_inst/rx_status_reg_reg/C (clocked by gtwiz_userclk_rx_usrclk2_int) and bit_sync_rx_status_inst/i_in_meta_reg/D (clocked by clk_freerun). Large setup violations at the end of those stages might be difficult to fix during the post-placement implementation flow and could be the result of non-optimal XDC constraints or non-optimal design architecture
Related violations: <none>

TIMING-16#4 Warning
Large setup violation  
There is a large setup violation of -1.950 ns between example_wrapper_inst/gtwiz_reset_inst/reset_synchronizer_tx_done_inst/rst_in_out_reg/C (clocked by gtwiz_userclk_tx_usrclk2_int) and bs_tx_done/i_in_meta_reg/D (clocked by clk_freerun). Large setup violations at the end of those stages might be difficult to fix during the post-placement implementation flow and could be the result of non-optimal XDC constraints or non-optimal design architecture
Related violations: <none>

TIMING-16#5 Warning
Large setup violation  
There is a large setup violation of -2.139 ns between phy_inst/eth_phy_10g_rx_inst/eth_phy_10g_rx_if_inst/eth_phy_10g_rx_watchdog_inst/serdes_rx_reset_req_reg_reg/C (clocked by gtwiz_userclk_rx_usrclk2_int) and bit_sync_rx_reset_req_inst/i_in_meta_reg/D (clocked by clk_freerun). Large setup violations at the end of those stages might be difficult to fix during the post-placement implementation flow and could be the result of non-optimal XDC constraints or non-optimal design architecture
Related violations: <none>

TIMING-16#6 Warning
Large setup violation  
There is a large setup violation of -2.192 ns between phy_inst/eth_phy_10g_rx_inst/eth_phy_10g_rx_if_inst/eth_phy_10g_rx_frame_sync_inst/rx_block_lock_reg_reg/C (clocked by gtwiz_userclk_rx_usrclk2_int) and bs_blocklock/i_in_meta_reg/D (clocked by clk_freerun). Large setup violations at the end of those stages might be difficult to fix during the post-placement implementation flow and could be the result of non-optimal XDC constraints or non-optimal design architecture
Related violations: <none>

TIMING-18#1 Warning
Missing input or output delay  
An input delay is missing on hb_gtwiz_reset_all_in relative to clock(s) clk_freerun
Related violations: <none>

XDCH-2#1 Warning
Same min and max delay values on IO port  
The same output delay of 0.000 ns has been defined on port 'sfp_0_rs' for both max and min. Make sure this reflects the design intent.
set_output_delay 0.000 [get_ports {sfp_0_tx_disable sfp_1_tx_disable sfp_0_rs}]
/home/chenxun/Documents/Project/Venturi/Vivado_example/eth_xcvr_gth_full_ex/imports/eth_xcvr_gth_full_example_top.xdc (Line: 55)
Related violations: <none>

XDCH-2#2 Warning
Same min and max delay values on IO port  
The same output delay of 0.000 ns has been defined on port 'sfp_0_tx_disable' for both max and min. Make sure this reflects the design intent.
set_output_delay 0.000 [get_ports {sfp_0_tx_disable sfp_1_tx_disable sfp_0_rs}]
/home/chenxun/Documents/Project/Venturi/Vivado_example/eth_xcvr_gth_full_ex/imports/eth_xcvr_gth_full_example_top.xdc (Line: 55)
Related violations: <none>

XDCH-2#3 Warning
Same min and max delay values on IO port  
The same output delay of 0.000 ns has been defined on port 'sfp_1_tx_disable' for both max and min. Make sure this reflects the design intent.
set_output_delay 0.000 [get_ports {sfp_0_tx_disable sfp_1_tx_disable sfp_0_rs}]
/home/chenxun/Documents/Project/Venturi/Vivado_example/eth_xcvr_gth_full_ex/imports/eth_xcvr_gth_full_example_top.xdc (Line: 55)
Related violations: <none>


