Copyright 1986-2018 Xilinx, Inc. All Rights Reserved.
----------------------------------------------------------------------------------------------------------------
| Tool Version      : Vivado v.2018.3 (lin64) Build 2405991 Thu Dec  6 23:36:41 MST 2018
| Date              : Fri Feb 13 22:50:17 2026
| Host              : chenxun-Z790-UD-AC running 64-bit Ubuntu 24.04.3 LTS
| Command           : report_clock_utilization -file eth_xcvr_gth_full_example_top_clock_utilization_routed.rpt
| Design            : eth_xcvr_gth_full_example_top
| Device            : xcku035-fbva676
| Speed File        : -2  PRODUCTION 1.25 10-29-2018
| Temperature Grade : E
----------------------------------------------------------------------------------------------------------------

Clock Utilization Report

Table of Contents
-----------------
1. Clock Primitive Utilization
2. Global Clock Resources
3. Global Clock Source Details
4. Clock Regions : Clock Primitives
5. Clock Regions : Load Primitives
6. Clock Regions : Global Clock Summary
7. Clock Regions : Routing Resource Utilization
8. Device Cell Placement Summary for Global Clock g0
9. Device Cell Placement Summary for Global Clock g1
10. Device Cell Placement Summary for Global Clock g2
11. Device Cell Placement Summary for Global Clock g3
12. Device Cell Placement Summary for Global Clock g4
13. Device Cell Placement Summary for Global Clock g5
14. Clock Region Cell Placement per Global Clock: Region X3Y1
15. Clock Region Cell Placement per Global Clock: Region X1Y2
16. Clock Region Cell Placement per Global Clock: Region X2Y2
17. Clock Region Cell Placement per Global Clock: Region X3Y2
18. Clock Region Cell Placement per Global Clock: Region X2Y3
19. Clock Region Cell Placement per Global Clock: Region X3Y3

1. Clock Primitive Utilization
------------------------------

+------------+------+-----------+-----+--------------+--------+
| Type       | Used | Available | LOC | Clock Region | Pblock |
+------------+------+-----------+-----+--------------+--------+
| BUFGCE     |    2 |       240 |   0 |            0 |      0 |
| BUFGCE_DIV |    0 |        40 |   0 |            0 |      0 |
| BUFGCTRL   |    0 |        80 |   0 |            0 |      0 |
| BUFG_GT    |    4 |       120 |   0 |            0 |      0 |
| MMCM       |    0 |        10 |   0 |            0 |      0 |
| PLL        |    0 |        20 |   0 |            0 |      0 |
+------------+------+-----------+-----+--------------+--------+


2. Global Clock Resources
-------------------------

+-----------+-----------+-----------------+------------+---------------+--------------+------+-------------------+-------------------+-------------+-----------------+--------------+--------------------------------------------------------------------------------------------+-----------------------------------------------------------------------------------------------------------------------------------------------------------------------------------------------------------------------------------------------------------+------------------------------------------------------------------------------------------------------------------------------------------------------------------------------------------------------------------------------------------+
| Global Id | Source Id | Driver Type/Pin | Constraint | Site          | Clock Region | Root | Clock Delay Group | Load Clock Region | Clock Loads | Non-Clock Loads | Clock Period | Clock                                                                                      | Driver Pin                                                                                                                                                                                                                                                | Net                                                                                                                                                                                                                                      |
+-----------+-----------+-----------------+------------+---------------+--------------+------+-------------------+-------------------+-------------+-----------------+--------------+--------------------------------------------------------------------------------------------+-----------------------------------------------------------------------------------------------------------------------------------------------------------------------------------------------------------------------------------------------------------+------------------------------------------------------------------------------------------------------------------------------------------------------------------------------------------------------------------------------------------+
| g0        | src0      | BUFG_GT/O       | None       | BUFG_GT_X0Y86 | X3Y3         | X3Y3 |                   |                 4 |        3551 |               0 |        6.400 | gtwiz_userclk_rx_usrclk2_int                                                               | example_wrapper_inst/eth_xcvr_gth_full_inst/inst/gen_gtwizard_gthe3_top.eth_xcvr_gth_full_gtwizard_gthe3_inst/gen_gtwizard_gthe3.gen_rx_user_clocking_internal.gen_single_instance.gtwiz_userclk_rx_inst/gen_gtwiz_userclk_rx_main.bufg_gt_usrclk2_inst/O | example_wrapper_inst/eth_xcvr_gth_full_inst/inst/gen_gtwizard_gthe3_top.eth_xcvr_gth_full_gtwizard_gthe3_inst/gen_gtwizard_gthe3.gen_rx_user_clocking_internal.gen_single_instance.gtwiz_userclk_rx_inst/gtwiz_userclk_rx_usrclk2_out[0] |
| g1        | src0      | BUFG_GT/O       | None       | BUFG_GT_X0Y92 | X3Y3         | X3Y3 |                   |                 1 |           1 |               0 |        3.200 | rxoutclk_out[0]                                                                            | example_wrapper_inst/eth_xcvr_gth_full_inst/inst/gen_gtwizard_gthe3_top.eth_xcvr_gth_full_gtwizard_gthe3_inst/gen_gtwizard_gthe3.gen_rx_user_clocking_internal.gen_single_instance.gtwiz_userclk_rx_inst/gen_gtwiz_userclk_rx_main.bufg_gt_usrclk_inst/O  | example_wrapper_inst/eth_xcvr_gth_full_inst/inst/gen_gtwizard_gthe3_top.eth_xcvr_gth_full_gtwizard_gthe3_inst/gen_gtwizard_gthe3.gen_rx_user_clocking_internal.gen_single_instance.gtwiz_userclk_rx_inst/gtwiz_userclk_rx_usrclk_out[0]  |
| g2        | src1      | BUFGCE/O        | None       | BUFGCE_X0Y50  | X0Y2         | X2Y2 |                   |                 4 |         585 |               0 |       10.000 | clk_freerun                                                                                | bufg_clk_freerun_inst/O                                                                                                                                                                                                                                   | hb_gtwiz_reset_clk_freerun_buf_int                                                                                                                                                                                                       |
| g3        | src2      | BUFGCE/O        | None       | BUFGCE_X1Y56  | X2Y2         | X3Y2 |                   |                 3 |         464 |               0 |       33.000 | dbg_hub/inst/BSCANID.u_xsdbm_id/SWITCH_N_EXT_BSCAN.bscan_inst/SERIES7_BSCAN.bscan_inst/TCK | dbg_hub/inst/BSCANID.u_xsdbm_id/SWITCH_N_EXT_BSCAN.u_bufg_icon_tck/O                                                                                                                                                                                      | dbg_hub/inst/BSCANID.u_xsdbm_id/itck_i                                                                                                                                                                                                   |
| g4        | src0      | BUFG_GT/O       | None       | BUFG_GT_X0Y84 | X3Y3         | X3Y3 |                   |                 2 |         136 |               0 |        6.400 | gtwiz_userclk_tx_usrclk2_int                                                               | example_wrapper_inst/eth_xcvr_gth_full_inst/inst/gen_gtwizard_gthe3_top.eth_xcvr_gth_full_gtwizard_gthe3_inst/gen_gtwizard_gthe3.gen_tx_user_clocking_internal.gen_single_instance.gtwiz_userclk_tx_inst/gen_gtwiz_userclk_tx_main.bufg_gt_usrclk2_inst/O | example_wrapper_inst/eth_xcvr_gth_full_inst/inst/gen_gtwizard_gthe3_top.eth_xcvr_gth_full_gtwizard_gthe3_inst/gen_gtwizard_gthe3.gen_tx_user_clocking_internal.gen_single_instance.gtwiz_userclk_tx_inst/gtwiz_userclk_tx_usrclk2_out[0] |
| g5        | src0      | BUFG_GT/O       | None       | BUFG_GT_X0Y85 | X3Y3         | X3Y3 |                   |                 1 |           1 |               0 |        3.200 | txoutclk_out[0]                                                                            | example_wrapper_inst/eth_xcvr_gth_full_inst/inst/gen_gtwizard_gthe3_top.eth_xcvr_gth_full_gtwizard_gthe3_inst/gen_gtwizard_gthe3.gen_tx_user_clocking_internal.gen_single_instance.gtwiz_userclk_tx_inst/gen_gtwiz_userclk_tx_main.bufg_gt_usrclk_inst/O  | example_wrapper_inst/eth_xcvr_gth_full_inst/inst/gen_gtwizard_gthe3_top.eth_xcvr_gth_full_gtwizard_gthe3_inst/gen_gtwizard_gthe3.gen_tx_user_clocking_internal.gen_single_instance.gtwiz_userclk_tx_inst/gtwiz_userclk_tx_usrclk_out[0]  |
+-----------+-----------+-----------------+------------+---------------+--------------+------+-------------------+-------------------+-------------+-----------------+--------------+--------------------------------------------------------------------------------------------+-----------------------------------------------------------------------------------------------------------------------------------------------------------------------------------------------------------------------------------------------------------+------------------------------------------------------------------------------------------------------------------------------------------------------------------------------------------------------------------------------------------+
* Clock Loads column represents the clock pin loads (pin count)
** Non-Clock Loads column represents the non-clock pin loads (pin count)


3. Global Clock Source Details
------------------------------

+-----------+-----------+------------------------+---------------------+---------------------+--------------+-------------+-----------------+---------------------+--------------------------------------------------------------------------------------------+----------------------------------------------------------------------------------------------------------------------------------------------------------------------------------------------------------------------------------------------------------------------------------------------------+---------------------------------------------------------------------------------------------------------------------------------------------------------------------------------------------------------------------------------------+
| Source Id | Global Id | Driver Type/Pin        | Constraint          | Site                | Clock Region | Clock Loads | Non-Clock Loads | Source Clock Period | Source Clock                                                                               | Driver Pin                                                                                                                                                                                                                                                                                         | Net                                                                                                                                                                                                                                   |
+-----------+-----------+------------------------+---------------------+---------------------+--------------+-------------+-----------------+---------------------+--------------------------------------------------------------------------------------------+----------------------------------------------------------------------------------------------------------------------------------------------------------------------------------------------------------------------------------------------------------------------------------------------------+---------------------------------------------------------------------------------------------------------------------------------------------------------------------------------------------------------------------------------------+
| src0      | g0, g1    | GTHE3_CHANNEL/RXOUTCLK | GTHE3_CHANNEL_X0Y12 | GTHE3_CHANNEL_X0Y12 | X3Y3         |           3 |               0 |               3.200 | rxoutclk_out[0]                                                                            | example_wrapper_inst/eth_xcvr_gth_full_inst/inst/gen_gtwizard_gthe3_top.eth_xcvr_gth_full_gtwizard_gthe3_inst/gen_gtwizard_gthe3.gen_channel_container[0].gen_enabled_channel.gthe3_channel_wrapper_inst/channel_inst/gthe3_channel_gen.gen_gthe3_channel_inst[0].GTHE3_CHANNEL_PRIM_INST/RXOUTCLK | example_wrapper_inst/eth_xcvr_gth_full_inst/inst/gen_gtwizard_gthe3_top.eth_xcvr_gth_full_gtwizard_gthe3_inst/gen_gtwizard_gthe3.gen_channel_container[0].gen_enabled_channel.gthe3_channel_wrapper_inst/channel_inst/rxoutclk_out[0] |
| src0      | g4, g5    | GTHE3_CHANNEL/TXOUTCLK | GTHE3_CHANNEL_X0Y12 | GTHE3_CHANNEL_X0Y12 | X3Y3         |           3 |               0 |               3.200 | txoutclk_out[0]                                                                            | example_wrapper_inst/eth_xcvr_gth_full_inst/inst/gen_gtwizard_gthe3_top.eth_xcvr_gth_full_gtwizard_gthe3_inst/gen_gtwizard_gthe3.gen_channel_container[0].gen_enabled_channel.gthe3_channel_wrapper_inst/channel_inst/gthe3_channel_gen.gen_gthe3_channel_inst[0].GTHE3_CHANNEL_PRIM_INST/TXOUTCLK | example_wrapper_inst/eth_xcvr_gth_full_inst/inst/gen_gtwizard_gthe3_top.eth_xcvr_gth_full_gtwizard_gthe3_inst/gen_gtwizard_gthe3.gen_channel_container[0].gen_enabled_channel.gthe3_channel_wrapper_inst/channel_inst/txoutclk_out[0] |
| src1      | g2        | IBUFCTRL/O             | IOB_X0Y132          | IOB_X0Y132          | X0Y2         |           1 |               0 |              10.000 | clk_freerun                                                                                | ibufds_clk_freerun_inst/IBUFCTRL_INST/O                                                                                                                                                                                                                                                            | ibufds_clk_freerun_inst/O                                                                                                                                                                                                             |
| src2      | g3        | BSCANE2/TCK            | None                | CONFIG_SITE_X0Y0    | X3Y1         |           1 |               0 |              33.000 | dbg_hub/inst/BSCANID.u_xsdbm_id/SWITCH_N_EXT_BSCAN.bscan_inst/SERIES7_BSCAN.bscan_inst/TCK | dbg_hub/inst/BSCANID.u_xsdbm_id/SWITCH_N_EXT_BSCAN.bscan_inst/SERIES7_BSCAN.bscan_inst/TCK                                                                                                                                                                                                         | dbg_hub/inst/BSCANID.u_xsdbm_id/SWITCH_N_EXT_BSCAN.bscan_inst/tck_bs                                                                                                                                                                  |
+-----------+-----------+------------------------+---------------------+---------------------+--------------+-------------+-----------------+---------------------+--------------------------------------------------------------------------------------------+----------------------------------------------------------------------------------------------------------------------------------------------------------------------------------------------------------------------------------------------------------------------------------------------------+---------------------------------------------------------------------------------------------------------------------------------------------------------------------------------------------------------------------------------------+
* Clock Loads column represents the clock pin loads (pin count)
** Non-Clock Loads column represents the non-clock pin loads (pin count)


4. Clock Regions : Clock Primitives
-----------------------------------

+-------------------+--------------+--------------+--------------+--------------+--------------+--------------+--------------+
|                   | Global Clock |    BUFGCE    |  BUFGCE_DIV  |   BUFGCTRL   |    BUFG_GT   |     MMCM     |      PLL     |
+-------------------+------+-------+------+-------+------+-------+------+-------+------+-------+------+-------+------+-------+
| Clock Region Name | Used | Avail | Used | Avail | Used | Avail | Used | Avail | Used | Avail | Used | Avail | Used | Avail |
+-------------------+------+-------+------+-------+------+-------+------+-------+------+-------+------+-------+------+-------+
| X0Y0              |    0 |    24 |    0 |    24 |    0 |     4 |    0 |     8 |    0 |     0 |    0 |     1 |    0 |     2 |
| X1Y0              |    0 |    24 |    0 |     0 |    0 |     0 |    0 |     0 |    0 |     0 |    0 |     0 |    0 |     0 |
| X2Y0              |    0 |    24 |    0 |    24 |    0 |     4 |    0 |     8 |    0 |     0 |    0 |     1 |    0 |     2 |
| X3Y0              |    0 |    24 |    0 |     0 |    0 |     0 |    0 |     0 |    0 |    24 |    0 |     0 |    0 |     0 |
| X0Y1              |    0 |    24 |    0 |    24 |    0 |     4 |    0 |     8 |    0 |     0 |    0 |     1 |    0 |     2 |
| X1Y1              |    0 |    24 |    0 |     0 |    0 |     0 |    0 |     0 |    0 |     0 |    0 |     0 |    0 |     0 |
| X2Y1              |    0 |    24 |    0 |    24 |    0 |     4 |    0 |     8 |    0 |     0 |    0 |     1 |    0 |     2 |
| X3Y1              |    2 |    24 |    0 |     0 |    0 |     0 |    0 |     0 |    0 |    24 |    0 |     0 |    0 |     0 |
| X0Y2              |    1 |    24 |    1 |    24 |    0 |     4 |    0 |     8 |    0 |     0 |    0 |     1 |    0 |     2 |
| X1Y2              |    2 |    24 |    0 |     0 |    0 |     0 |    0 |     0 |    0 |     0 |    0 |     0 |    0 |     0 |
| X2Y2              |    3 |    24 |    1 |    24 |    0 |     4 |    0 |     8 |    0 |     0 |    0 |     1 |    0 |     2 |
| X3Y2              |    4 |    24 |    0 |     0 |    0 |     0 |    0 |     0 |    0 |    24 |    0 |     0 |    0 |     0 |
| X0Y3              |    0 |    24 |    0 |    24 |    0 |     4 |    0 |     8 |    0 |     0 |    0 |     1 |    0 |     2 |
| X1Y3              |    0 |    24 |    0 |     0 |    0 |     0 |    0 |     0 |    0 |     0 |    0 |     0 |    0 |     0 |
| X2Y3              |    1 |    24 |    0 |    24 |    0 |     4 |    0 |     8 |    0 |     0 |    0 |     1 |    0 |     2 |
| X3Y3              |    6 |    24 |    0 |     0 |    0 |     0 |    0 |     0 |    4 |    24 |    0 |     0 |    0 |     0 |
| X0Y4              |    0 |    24 |    0 |    24 |    0 |     4 |    0 |     8 |    0 |     0 |    0 |     1 |    0 |     2 |
| X1Y4              |    0 |    24 |    0 |     0 |    0 |     0 |    0 |     0 |    0 |     0 |    0 |     0 |    0 |     0 |
| X2Y4              |    0 |    24 |    0 |    24 |    0 |     4 |    0 |     8 |    0 |     0 |    0 |     1 |    0 |     2 |
| X3Y4              |    0 |    24 |    0 |     0 |    0 |     0 |    0 |     0 |    0 |    24 |    0 |     0 |    0 |     0 |
+-------------------+------+-------+------+-------+------+-------+------+-------+------+-------+------+-------+------+-------+
* Global Clock column represents track count; while other columns represents cell counts


5. Clock Regions : Load Primitives
----------------------------------

+-------------------+------------------+------------------+------------------+------------------+------------------+------------------+------------------+
|                   |   Global Clock   |        FF        |      LUTRAM      |  Block RAM (18K) |        DSP       |        GT        |      HARD IP     |
+-------------------+--------+---------+--------+---------+--------+---------+--------+---------+--------+---------+--------+---------+--------+---------+
| Clock Region Name | Used   | Avail   | Used   | Avail   | Used   | Avail   | Used   | Avail   | Used   | Avail   | Used   | Avail   | Used   | Avail   |
+-------------------+--------+---------+--------+---------+--------+---------+--------+---------+--------+---------+--------+---------+--------+---------+
| X0Y0              |      0 |      24 |      0 |   23040 |      0 |    5760 |      0 |      72 |      0 |      96 |      0 |       0 |      0 |       0 |
| X1Y0              |      0 |      24 |      0 |   24000 |      0 |    6240 |      0 |      72 |      0 |      96 |      0 |       0 |      0 |       0 |
| X2Y0              |      0 |      24 |      0 |   25920 |      0 |    7200 |      0 |      48 |      0 |     144 |      0 |       0 |      0 |       0 |
| X3Y0              |      0 |      24 |      0 |   24000 |      0 |    3360 |      0 |      48 |      0 |      48 |      0 |       4 |      0 |       1 |
| X0Y1              |      0 |      24 |      0 |   23040 |      0 |    5760 |      0 |      72 |      0 |      96 |      0 |       0 |      0 |       0 |
| X1Y1              |      0 |      24 |      0 |   24000 |      0 |    6240 |      0 |      72 |      0 |      96 |      0 |       0 |      0 |       0 |
| X2Y1              |      0 |      24 |      0 |   25920 |      0 |    7200 |      0 |      48 |      0 |     144 |      0 |       0 |      0 |       0 |
| X3Y1              |      2 |      24 |    225 |   24000 |      0 |    3360 |      0 |      48 |      0 |      48 |      0 |       4 |      0 |       0 |
| X0Y2              |      1 |      24 |      0 |   23040 |      0 |    5760 |      0 |      72 |      0 |      96 |      0 |       0 |      0 |       0 |
| X1Y2              |      2 |      24 |      9 |   24000 |      0 |    6240 |      0 |      72 |      0 |      96 |      0 |       0 |      0 |       0 |
| X2Y2              |      3 |      24 |      3 |   25920 |      0 |    7200 |      0 |      48 |      0 |     144 |      0 |       0 |      0 |       0 |
| X3Y2              |      4 |      24 |   3722 |   24000 |    157 |    3360 |      6 |      48 |      0 |      48 |      0 |       4 |      0 |       0 |
| X0Y3              |      0 |      24 |      0 |   23040 |      0 |    5760 |      0 |      72 |      0 |      96 |      0 |       0 |      0 |       0 |
| X1Y3              |      0 |      24 |      0 |   24000 |      0 |    6240 |      0 |      72 |      0 |      96 |      0 |       0 |      0 |       0 |
| X2Y3              |      1 |      24 |      0 |   25920 |      0 |    7200 |      0 |      48 |      0 |     144 |      0 |       0 |      0 |       0 |
| X3Y3              |      6 |      24 |    458 |   24000 |      0 |    3360 |      0 |      48 |      0 |      48 |      1 |       4 |      0 |       1 |
| X0Y4              |      0 |      24 |      0 |   23040 |      0 |    5760 |      0 |      72 |      0 |      96 |      0 |       0 |      0 |       0 |
| X1Y4              |      0 |      24 |      0 |   24000 |      0 |    6240 |      0 |      72 |      0 |      96 |      0 |       0 |      0 |       0 |
| X2Y4              |      0 |      24 |      0 |   25920 |      0 |    7200 |      0 |      48 |      0 |     144 |      0 |       0 |      0 |       0 |
| X3Y4              |      0 |      24 |      0 |   24000 |      0 |    3360 |      0 |      48 |      0 |      48 |      0 |       4 |      0 |       1 |
+-------------------+--------+---------+--------+---------+--------+---------+--------+---------+--------+---------+--------+---------+--------+---------+
* Global Clock column represents track count; while other columns represents cell counts


6. Clock Regions : Global Clock Summary
---------------------------------------

All Modules
+----+----+----+----+----+
|    | X0 | X1 | X2 | X3 |
+----+----+----+----+----+
| Y4 |  0 |  0 |  0 |  0 |
| Y3 |  0 |  0 |  1 |  6 |
| Y2 |  0 |  2 |  4 |  4 |
| Y1 |  0 |  0 |  0 |  2 |
| Y0 |  0 |  0 |  0 |  0 |
+----+----+----+----+----+


7. Clock Regions : Routing Resource Utilization
-----------------------------------------------

All Modules
+-------------------+----------------------+----------------------+----------------------+----------------------+
|                   |        HROUTES       |        HDISTRS       |        VROUTES       |        VDISTRS       |
+-------------------+------+-------+-------+------+-------+-------+------+-------+-------+------+-------+-------+
| Clock Region Name | Used | Avail | Util% | Used | Avail | Util% | Used | Avail | Util% | Used | Avail | Util% |
+-------------------+------+-------+-------+------+-------+-------+------+-------+-------+------+-------+-------+
| X0Y0              |    0 |    24 |  0.00 |    0 |    24 |  0.00 |    0 |    24 |  0.00 |    0 |    24 |  0.00 |
| X1Y0              |    0 |    24 |  0.00 |    0 |    24 |  0.00 |    0 |    24 |  0.00 |    0 |    24 |  0.00 |
| X2Y0              |    0 |    24 |  0.00 |    0 |    24 |  0.00 |    0 |    24 |  0.00 |    0 |    24 |  0.00 |
| X3Y0              |    0 |    24 |  0.00 |    0 |    24 |  0.00 |    0 |    24 |  0.00 |    0 |    24 |  0.00 |
| X0Y1              |    0 |    24 |  0.00 |    0 |    24 |  0.00 |    0 |    24 |  0.00 |    0 |    24 |  0.00 |
| X1Y1              |    0 |    24 |  0.00 |    0 |    24 |  0.00 |    0 |    24 |  0.00 |    0 |    24 |  0.00 |
| X2Y1              |    0 |    24 |  0.00 |    0 |    24 |  0.00 |    0 |    24 |  0.00 |    0 |    24 |  0.00 |
| X3Y1              |    0 |    24 |  0.00 |    2 |    24 |  8.33 |    0 |    24 |  0.00 |    2 |    24 |  8.33 |
| X0Y2              |    1 |    24 |  4.17 |    0 |    24 |  0.00 |    0 |    24 |  0.00 |    0 |    24 |  0.00 |
| X1Y2              |    1 |    24 |  4.17 |    2 |    24 |  8.33 |    0 |    24 |  0.00 |    0 |    24 |  0.00 |
| X2Y2              |    2 |    24 |  8.33 |    2 |    24 |  8.33 |    0 |    24 |  0.00 |    1 |    24 |  4.17 |
| X3Y2              |    1 |    24 |  4.17 |    4 |    24 | 16.67 |    0 |    24 |  0.00 |    3 |    24 | 12.50 |
| X0Y3              |    0 |    24 |  0.00 |    0 |    24 |  0.00 |    0 |    24 |  0.00 |    0 |    24 |  0.00 |
| X1Y3              |    0 |    24 |  0.00 |    0 |    24 |  0.00 |    0 |    24 |  0.00 |    0 |    24 |  0.00 |
| X2Y3              |    0 |    24 |  0.00 |    1 |    24 |  4.17 |    0 |    24 |  0.00 |    0 |    24 |  0.00 |
| X3Y3              |    4 |    24 | 16.67 |    6 |    24 | 25.00 |    0 |    24 |  0.00 |    4 |    24 | 16.67 |
| X0Y4              |    0 |    24 |  0.00 |    0 |    24 |  0.00 |    0 |    24 |  0.00 |    0 |    24 |  0.00 |
| X1Y4              |    0 |    24 |  0.00 |    0 |    24 |  0.00 |    0 |    24 |  0.00 |    0 |    24 |  0.00 |
| X2Y4              |    0 |    24 |  0.00 |    0 |    24 |  0.00 |    0 |    24 |  0.00 |    0 |    24 |  0.00 |
| X3Y4              |    0 |    24 |  0.00 |    0 |    24 |  0.00 |    0 |    24 |  0.00 |    0 |    24 |  0.00 |
+-------------------+------+-------+-------+------+-------+-------+------+-------+-------+------+-------+-------+


8. Device Cell Placement Summary for Global Clock g0
----------------------------------------------------

+-----------+-----------------+-------------------+------------------------------+-------------+---------------+----------+-------------+----------+----------------+----------+------------------------------------------------------------------------------------------------------------------------------------------------------------------------------------------------------------------------------------------+
| Global Id | Driver Type/Pin | Driver Region (D) | Clock                        | Period (ns) | Waveform (ns) | Root (R) | Slice Loads | IO Loads | Clocking Loads | GT Loads | Net                                                                                                                                                                                                                                      |
+-----------+-----------------+-------------------+------------------------------+-------------+---------------+----------+-------------+----------+----------------+----------+------------------------------------------------------------------------------------------------------------------------------------------------------------------------------------------------------------------------------------------+
| g0        | BUFG_GT/O       | X3Y3              | gtwiz_userclk_rx_usrclk2_int |       6.400 | {0.000 3.200} | X3Y3     |        3397 |        0 |              0 |        1 | example_wrapper_inst/eth_xcvr_gth_full_inst/inst/gen_gtwizard_gthe3_top.eth_xcvr_gth_full_gtwizard_gthe3_inst/gen_gtwizard_gthe3.gen_rx_user_clocking_internal.gen_single_instance.gtwiz_userclk_rx_inst/gtwiz_userclk_rx_usrclk2_out[0] |
+-----------+-----------------+-------------------+------------------------------+-------------+---------------+----------+-------------+----------+----------------+----------+------------------------------------------------------------------------------------------------------------------------------------------------------------------------------------------------------------------------------------------+
* Logic Loads column represents load cell count of all cell types other than IO, GT and clock resources
** IO Loads column represents load cell count of IO types
*** Clocking Loads column represents load cell count that are clock resources (global clock buffer, MMCM, PLL, etc)
**** GT Loads column represents load cell count of GT types


+----+----+----+----+-------------+
|    | X0 | X1 | X2 | X3          |
+----+----+----+----+-------------+
| Y4 |  0 |  0 |  0 |           0 |
| Y3 |  0 |  0 |  0 | (R) (D) 166 |
| Y2 |  0 |  6 |  0 |        3102 |
| Y1 |  0 |  0 |  0 |         124 |
| Y0 |  0 |  0 |  0 |           0 |
+----+----+----+----+-------------+


9. Device Cell Placement Summary for Global Clock g1
----------------------------------------------------

+-----------+-----------------+-------------------+-----------------+-------------+---------------+----------+-------------+----------+----------------+----------+-----------------------------------------------------------------------------------------------------------------------------------------------------------------------------------------------------------------------------------------+
| Global Id | Driver Type/Pin | Driver Region (D) | Clock           | Period (ns) | Waveform (ns) | Root (R) | Slice Loads | IO Loads | Clocking Loads | GT Loads | Net                                                                                                                                                                                                                                     |
+-----------+-----------------+-------------------+-----------------+-------------+---------------+----------+-------------+----------+----------------+----------+-----------------------------------------------------------------------------------------------------------------------------------------------------------------------------------------------------------------------------------------+
| g1        | BUFG_GT/O       | X3Y3              | rxoutclk_out[0] |       3.200 | {0.000 1.600} | X3Y3     |           0 |        0 |              0 |        1 | example_wrapper_inst/eth_xcvr_gth_full_inst/inst/gen_gtwizard_gthe3_top.eth_xcvr_gth_full_gtwizard_gthe3_inst/gen_gtwizard_gthe3.gen_rx_user_clocking_internal.gen_single_instance.gtwiz_userclk_rx_inst/gtwiz_userclk_rx_usrclk_out[0] |
+-----------+-----------------+-------------------+-----------------+-------------+---------------+----------+-------------+----------+----------------+----------+-----------------------------------------------------------------------------------------------------------------------------------------------------------------------------------------------------------------------------------------+
* Logic Loads column represents load cell count of all cell types other than IO, GT and clock resources
** IO Loads column represents load cell count of IO types
*** Clocking Loads column represents load cell count that are clock resources (global clock buffer, MMCM, PLL, etc)
**** GT Loads column represents load cell count of GT types


+----+----+----+----+-----------+
|    | X0 | X1 | X2 | X3        |
+----+----+----+----+-----------+
| Y4 |  0 |  0 |  0 |         0 |
| Y3 |  0 |  0 |  0 | (R) (D) 1 |
| Y2 |  0 |  0 |  0 |         0 |
| Y1 |  0 |  0 |  0 |         0 |
| Y0 |  0 |  0 |  0 |         0 |
+----+----+----+----+-----------+


10. Device Cell Placement Summary for Global Clock g2
-----------------------------------------------------

+-----------+-----------------+-------------------+-------------+-------------+---------------+----------+-------------+----------+----------------+----------+------------------------------------+
| Global Id | Driver Type/Pin | Driver Region (D) | Clock       | Period (ns) | Waveform (ns) | Root (R) | Slice Loads | IO Loads | Clocking Loads | GT Loads | Net                                |
+-----------+-----------------+-------------------+-------------+-------------+---------------+----------+-------------+----------+----------------+----------+------------------------------------+
| g2        | BUFGCE/O        | X0Y2              | clk_freerun |      10.000 | {0.000 5.000} | X2Y2     |         585 |        0 |              0 |        0 | hb_gtwiz_reset_clk_freerun_buf_int |
+-----------+-----------------+-------------------+-------------+-------------+---------------+----------+-------------+----------+----------------+----------+------------------------------------+
* Logic Loads column represents load cell count of all cell types other than IO, GT and clock resources
** IO Loads column represents load cell count of IO types
*** Clocking Loads column represents load cell count that are clock resources (global clock buffer, MMCM, PLL, etc)
**** GT Loads column represents load cell count of GT types


+----+--------+----+-------+------+
|    | X0     | X1 | X2    | X3   |
+----+--------+----+-------+------+
| Y4 |      0 |  0 |     0 |    0 |
| Y3 |      0 |  0 |     0 |    8 |
| Y2 |  (D) 0 |  3 | (R) 3 |  571 |
| Y1 |      0 |  0 |     0 |    0 |
| Y0 |      0 |  0 |     0 |    0 |
+----+--------+----+-------+------+


11. Device Cell Placement Summary for Global Clock g3
-----------------------------------------------------

+-----------+-----------------+-------------------+--------------------------------------------------------------------------------------------+-------------+----------------+----------+-------------+----------+----------------+----------+----------------------------------------+
| Global Id | Driver Type/Pin | Driver Region (D) | Clock                                                                                      | Period (ns) | Waveform (ns)  | Root (R) | Slice Loads | IO Loads | Clocking Loads | GT Loads | Net                                    |
+-----------+-----------------+-------------------+--------------------------------------------------------------------------------------------+-------------+----------------+----------+-------------+----------+----------------+----------+----------------------------------------+
| g3        | BUFGCE/O        | X2Y2              | dbg_hub/inst/BSCANID.u_xsdbm_id/SWITCH_N_EXT_BSCAN.bscan_inst/SERIES7_BSCAN.bscan_inst/TCK |      33.000 | {0.000 16.500} | X3Y2     |         462 |        0 |              0 |        0 | dbg_hub/inst/BSCANID.u_xsdbm_id/itck_i |
+-----------+-----------------+-------------------+--------------------------------------------------------------------------------------------+-------------+----------------+----------+-------------+----------+----------------+----------+----------------------------------------+
* Logic Loads column represents load cell count of all cell types other than IO, GT and clock resources
** IO Loads column represents load cell count of IO types
*** Clocking Loads column represents load cell count that are clock resources (global clock buffer, MMCM, PLL, etc)
**** GT Loads column represents load cell count of GT types


+----+----+----+--------+---------+
|    | X0 | X1 | X2     | X3      |
+----+----+----+--------+---------+
| Y4 |  0 |  0 |      0 |       0 |
| Y3 |  0 |  0 |      0 |     159 |
| Y2 |  0 |  0 |  (D) 0 | (R) 202 |
| Y1 |  0 |  0 |      0 |     101 |
| Y0 |  0 |  0 |      0 |       0 |
+----+----+----+--------+---------+


12. Device Cell Placement Summary for Global Clock g4
-----------------------------------------------------

+-----------+-----------------+-------------------+------------------------------+-------------+---------------+----------+-------------+----------+----------------+----------+------------------------------------------------------------------------------------------------------------------------------------------------------------------------------------------------------------------------------------------+
| Global Id | Driver Type/Pin | Driver Region (D) | Clock                        | Period (ns) | Waveform (ns) | Root (R) | Slice Loads | IO Loads | Clocking Loads | GT Loads | Net                                                                                                                                                                                                                                      |
+-----------+-----------------+-------------------+------------------------------+-------------+---------------+----------+-------------+----------+----------------+----------+------------------------------------------------------------------------------------------------------------------------------------------------------------------------------------------------------------------------------------------+
| g4        | BUFG_GT/O       | X3Y3              | gtwiz_userclk_tx_usrclk2_int |       6.400 | {0.000 3.200} | X3Y3     |         135 |        0 |              0 |        1 | example_wrapper_inst/eth_xcvr_gth_full_inst/inst/gen_gtwizard_gthe3_top.eth_xcvr_gth_full_gtwizard_gthe3_inst/gen_gtwizard_gthe3.gen_tx_user_clocking_internal.gen_single_instance.gtwiz_userclk_tx_inst/gtwiz_userclk_tx_usrclk2_out[0] |
+-----------+-----------------+-------------------+------------------------------+-------------+---------------+----------+-------------+----------+----------------+----------+------------------------------------------------------------------------------------------------------------------------------------------------------------------------------------------------------------------------------------------+
* Logic Loads column represents load cell count of all cell types other than IO, GT and clock resources
** IO Loads column represents load cell count of IO types
*** Clocking Loads column represents load cell count that are clock resources (global clock buffer, MMCM, PLL, etc)
**** GT Loads column represents load cell count of GT types


+----+----+----+----+-------------+
|    | X0 | X1 | X2 | X3          |
+----+----+----+----+-------------+
| Y4 |  0 |  0 |  0 |           0 |
| Y3 |  0 |  0 |  0 | (R) (D) 127 |
| Y2 |  0 |  0 |  0 |           9 |
| Y1 |  0 |  0 |  0 |           0 |
| Y0 |  0 |  0 |  0 |           0 |
+----+----+----+----+-------------+


13. Device Cell Placement Summary for Global Clock g5
-----------------------------------------------------

+-----------+-----------------+-------------------+-----------------+-------------+---------------+----------+-------------+----------+----------------+----------+-----------------------------------------------------------------------------------------------------------------------------------------------------------------------------------------------------------------------------------------+
| Global Id | Driver Type/Pin | Driver Region (D) | Clock           | Period (ns) | Waveform (ns) | Root (R) | Slice Loads | IO Loads | Clocking Loads | GT Loads | Net                                                                                                                                                                                                                                     |
+-----------+-----------------+-------------------+-----------------+-------------+---------------+----------+-------------+----------+----------------+----------+-----------------------------------------------------------------------------------------------------------------------------------------------------------------------------------------------------------------------------------------+
| g5        | BUFG_GT/O       | X3Y3              | txoutclk_out[0] |       3.200 | {0.000 1.600} | X3Y3     |           0 |        0 |              0 |        1 | example_wrapper_inst/eth_xcvr_gth_full_inst/inst/gen_gtwizard_gthe3_top.eth_xcvr_gth_full_gtwizard_gthe3_inst/gen_gtwizard_gthe3.gen_tx_user_clocking_internal.gen_single_instance.gtwiz_userclk_tx_inst/gtwiz_userclk_tx_usrclk_out[0] |
+-----------+-----------------+-------------------+-----------------+-------------+---------------+----------+-------------+----------+----------------+----------+-----------------------------------------------------------------------------------------------------------------------------------------------------------------------------------------------------------------------------------------+
* Logic Loads column represents load cell count of all cell types other than IO, GT and clock resources
** IO Loads column represents load cell count of IO types
*** Clocking Loads column represents load cell count that are clock resources (global clock buffer, MMCM, PLL, etc)
**** GT Loads column represents load cell count of GT types


+----+----+----+----+-----------+
|    | X0 | X1 | X2 | X3        |
+----+----+----+----+-----------+
| Y4 |  0 |  0 |  0 |         0 |
| Y3 |  0 |  0 |  0 | (R) (D) 1 |
| Y2 |  0 |  0 |  0 |         0 |
| Y1 |  0 |  0 |  0 |         0 |
| Y0 |  0 |  0 |  0 |         0 |
+----+----+----+----+-----------+


14. Clock Region Cell Placement per Global Clock: Region X3Y1
-------------------------------------------------------------

+-----------+-------+-----------------+------------+-------------+-----------------+-----+--------+------+-----+----+------+-----+---------+------------------------------------------------------------------------------------------------------------------------------------------------------------------------------------------------------------------------------------------+
| Global Id | Track | Driver Type/Pin | Constraint | Clock Loads | Non-Clock Loads | FF  | LUTRAM | RAMB | DSP | GT | MMCM | PLL | Hard IP | Net                                                                                                                                                                                                                                      |
+-----------+-------+-----------------+------------+-------------+-----------------+-----+--------+------+-----+----+------+-----+---------+------------------------------------------------------------------------------------------------------------------------------------------------------------------------------------------------------------------------------------------+
| g0        | 14    | BUFG_GT/O       | None       |         124 |               0 | 124 |      0 |    0 |   0 |  0 |    0 |   0 |       0 | example_wrapper_inst/eth_xcvr_gth_full_inst/inst/gen_gtwizard_gthe3_top.eth_xcvr_gth_full_gtwizard_gthe3_inst/gen_gtwizard_gthe3.gen_rx_user_clocking_internal.gen_single_instance.gtwiz_userclk_rx_inst/gtwiz_userclk_rx_usrclk2_out[0] |
| g3        | 8     | BUFGCE/O        | None       |         101 |               0 | 101 |      0 |    0 |   0 |  0 |    0 |   0 |       0 | dbg_hub/inst/BSCANID.u_xsdbm_id/itck_i                                                                                                                                                                                                   |
+-----------+-------+-----------------+------------+-------------+-----------------+-----+--------+------+-----+----+------+-----+---------+------------------------------------------------------------------------------------------------------------------------------------------------------------------------------------------------------------------------------------------+
* Clock Loads column represents the clock pin loads (pin count)
** Non-Clock Loads column represents the non-clock pin loads (pin count)
*** Columns FF, LUTRAM, RAMB through 'Hard IP' represents load cell counts


15. Clock Region Cell Placement per Global Clock: Region X1Y2
-------------------------------------------------------------

+-----------+-------+-----------------+------------+-------------+-----------------+----+--------+------+-----+----+------+-----+---------+------------------------------------------------------------------------------------------------------------------------------------------------------------------------------------------------------------------------------------------+
| Global Id | Track | Driver Type/Pin | Constraint | Clock Loads | Non-Clock Loads | FF | LUTRAM | RAMB | DSP | GT | MMCM | PLL | Hard IP | Net                                                                                                                                                                                                                                      |
+-----------+-------+-----------------+------------+-------------+-----------------+----+--------+------+-----+----+------+-----+---------+------------------------------------------------------------------------------------------------------------------------------------------------------------------------------------------------------------------------------------------+
| g0        | 14    | BUFG_GT/O       | None       |           6 |               0 |  6 |      0 |    0 |   0 |  0 |    0 |   0 |       0 | example_wrapper_inst/eth_xcvr_gth_full_inst/inst/gen_gtwizard_gthe3_top.eth_xcvr_gth_full_gtwizard_gthe3_inst/gen_gtwizard_gthe3.gen_rx_user_clocking_internal.gen_single_instance.gtwiz_userclk_rx_inst/gtwiz_userclk_rx_usrclk2_out[0] |
| g2        | 2     | BUFGCE/O        | None       |           3 |               0 |  3 |      0 |    0 |   0 |  0 |    0 |   0 |       0 | hb_gtwiz_reset_clk_freerun_buf_int                                                                                                                                                                                                       |
+-----------+-------+-----------------+------------+-------------+-----------------+----+--------+------+-----+----+------+-----+---------+------------------------------------------------------------------------------------------------------------------------------------------------------------------------------------------------------------------------------------------+
* Clock Loads column represents the clock pin loads (pin count)
** Non-Clock Loads column represents the non-clock pin loads (pin count)
*** Columns FF, LUTRAM, RAMB through 'Hard IP' represents load cell counts


16. Clock Region Cell Placement per Global Clock: Region X2Y2
-------------------------------------------------------------

+-----------+-------+-----------------+------------+-------------+-----------------+----+--------+------+-----+----+------+-----+---------+------------------------------------------------------------------------------------------------------------------------------------------------------------------------------------------------------------------------------------------+
| Global Id | Track | Driver Type/Pin | Constraint | Clock Loads | Non-Clock Loads | FF | LUTRAM | RAMB | DSP | GT | MMCM | PLL | Hard IP | Net                                                                                                                                                                                                                                      |
+-----------+-------+-----------------+------------+-------------+-----------------+----+--------+------+-----+----+------+-----+---------+------------------------------------------------------------------------------------------------------------------------------------------------------------------------------------------------------------------------------------------+
| g0+       | 14    | BUFG_GT/O       | None       |           0 |               0 |  0 |      0 |    0 |   0 |  0 |    0 |   0 |       0 | example_wrapper_inst/eth_xcvr_gth_full_inst/inst/gen_gtwizard_gthe3_top.eth_xcvr_gth_full_gtwizard_gthe3_inst/gen_gtwizard_gthe3.gen_rx_user_clocking_internal.gen_single_instance.gtwiz_userclk_rx_inst/gtwiz_userclk_rx_usrclk2_out[0] |
| g2        | 2     | BUFGCE/O        | None       |           3 |               0 |  3 |      0 |    0 |   0 |  0 |    0 |   0 |       0 | hb_gtwiz_reset_clk_freerun_buf_int                                                                                                                                                                                                       |
| g3+       | 8     | BUFGCE/O        | None       |           0 |               0 |  0 |      0 |    0 |   0 |  0 |    0 |   0 |       0 | dbg_hub/inst/BSCANID.u_xsdbm_id/itck_i                                                                                                                                                                                                   |
+-----------+-------+-----------------+------------+-------------+-----------------+----+--------+------+-----+----+------+-----+---------+------------------------------------------------------------------------------------------------------------------------------------------------------------------------------------------------------------------------------------------+
* Clock Loads column represents the clock pin loads (pin count)
** Non-Clock Loads column represents the non-clock pin loads (pin count)
*** Columns FF, LUTRAM, RAMB through 'Hard IP' represents load cell counts
**** In Global Id column, sympbol '+' indicates that global clock was used only to route through the clock region.


17. Clock Region Cell Placement per Global Clock: Region X3Y2
-------------------------------------------------------------

+-----------+-------+-----------------+------------+-------------+-----------------+------+--------+------+-----+----+------+-----+---------+------------------------------------------------------------------------------------------------------------------------------------------------------------------------------------------------------------------------------------------+
| Global Id | Track | Driver Type/Pin | Constraint | Clock Loads | Non-Clock Loads | FF   | LUTRAM | RAMB | DSP | GT | MMCM | PLL | Hard IP | Net                                                                                                                                                                                                                                      |
+-----------+-------+-----------------+------------+-------------+-----------------+------+--------+------+-----+----+------+-----+---------+------------------------------------------------------------------------------------------------------------------------------------------------------------------------------------------------------------------------------------------+
| g0        | 14    | BUFG_GT/O       | None       |        3102 |               0 | 2957 |    141 |    4 |   0 |  0 |    0 |   0 |       0 | example_wrapper_inst/eth_xcvr_gth_full_inst/inst/gen_gtwizard_gthe3_top.eth_xcvr_gth_full_gtwizard_gthe3_inst/gen_gtwizard_gthe3.gen_rx_user_clocking_internal.gen_single_instance.gtwiz_userclk_rx_inst/gtwiz_userclk_rx_usrclk2_out[0] |
| g2        | 2     | BUFGCE/O        | None       |         571 |               0 |  554 |     16 |    1 |   0 |  0 |    0 |   0 |       0 | hb_gtwiz_reset_clk_freerun_buf_int                                                                                                                                                                                                       |
| g3        | 8     | BUFGCE/O        | None       |         202 |               0 |  202 |      0 |    0 |   0 |  0 |    0 |   0 |       0 | dbg_hub/inst/BSCANID.u_xsdbm_id/itck_i                                                                                                                                                                                                   |
| g4        | 12    | BUFG_GT/O       | None       |           9 |               0 |    9 |      0 |    0 |   0 |  0 |    0 |   0 |       0 | example_wrapper_inst/eth_xcvr_gth_full_inst/inst/gen_gtwizard_gthe3_top.eth_xcvr_gth_full_gtwizard_gthe3_inst/gen_gtwizard_gthe3.gen_tx_user_clocking_internal.gen_single_instance.gtwiz_userclk_tx_inst/gtwiz_userclk_tx_usrclk2_out[0] |
+-----------+-------+-----------------+------------+-------------+-----------------+------+--------+------+-----+----+------+-----+---------+------------------------------------------------------------------------------------------------------------------------------------------------------------------------------------------------------------------------------------------+
* Clock Loads column represents the clock pin loads (pin count)
** Non-Clock Loads column represents the non-clock pin loads (pin count)
*** Columns FF, LUTRAM, RAMB through 'Hard IP' represents load cell counts


18. Clock Region Cell Placement per Global Clock: Region X2Y3
-------------------------------------------------------------

+-----------+-------+-----------------+------------+-------------+-----------------+----+--------+------+-----+----+------+-----+---------+------------------------------------+
| Global Id | Track | Driver Type/Pin | Constraint | Clock Loads | Non-Clock Loads | FF | LUTRAM | RAMB | DSP | GT | MMCM | PLL | Hard IP | Net                                |
+-----------+-------+-----------------+------------+-------------+-----------------+----+--------+------+-----+----+------+-----+---------+------------------------------------+
| g2+       | 2     | BUFGCE/O        | None       |           0 |               0 |  0 |      0 |    0 |   0 |  0 |    0 |   0 |       0 | hb_gtwiz_reset_clk_freerun_buf_int |
+-----------+-------+-----------------+------------+-------------+-----------------+----+--------+------+-----+----+------+-----+---------+------------------------------------+
* Clock Loads column represents the clock pin loads (pin count)
** Non-Clock Loads column represents the non-clock pin loads (pin count)
*** Columns FF, LUTRAM, RAMB through 'Hard IP' represents load cell counts
**** In Global Id column, sympbol '+' indicates that global clock was used only to route through the clock region.


19. Clock Region Cell Placement per Global Clock: Region X3Y3
-------------------------------------------------------------

+-----------+-------+-----------------+------------+-------------+-----------------+-----+--------+------+-----+----+------+-----+---------+------------------------------------------------------------------------------------------------------------------------------------------------------------------------------------------------------------------------------------------+
| Global Id | Track | Driver Type/Pin | Constraint | Clock Loads | Non-Clock Loads | FF  | LUTRAM | RAMB | DSP | GT | MMCM | PLL | Hard IP | Net                                                                                                                                                                                                                                      |
+-----------+-------+-----------------+------------+-------------+-----------------+-----+--------+------+-----+----+------+-----+---------+------------------------------------------------------------------------------------------------------------------------------------------------------------------------------------------------------------------------------------------+
| g0        | 14    | BUFG_GT/O       | None       |         166 |               0 | 165 |      0 |    0 |   0 |  1 |    0 |   0 |       0 | example_wrapper_inst/eth_xcvr_gth_full_inst/inst/gen_gtwizard_gthe3_top.eth_xcvr_gth_full_gtwizard_gthe3_inst/gen_gtwizard_gthe3.gen_rx_user_clocking_internal.gen_single_instance.gtwiz_userclk_rx_inst/gtwiz_userclk_rx_usrclk2_out[0] |
| g2        | 2     | BUFGCE/O        | None       |           8 |               0 |   8 |      0 |    0 |   0 |  0 |    0 |   0 |       0 | hb_gtwiz_reset_clk_freerun_buf_int                                                                                                                                                                                                       |
| g3        | 8     | BUFGCE/O        | None       |         159 |               0 | 159 |      0 |    0 |   0 |  0 |    0 |   0 |       0 | dbg_hub/inst/BSCANID.u_xsdbm_id/itck_i                                                                                                                                                                                                   |
| g4        | 12    | BUFG_GT/O       | None       |         127 |               0 | 126 |      0 |    0 |   0 |  1 |    0 |   0 |       0 | example_wrapper_inst/eth_xcvr_gth_full_inst/inst/gen_gtwizard_gthe3_top.eth_xcvr_gth_full_gtwizard_gthe3_inst/gen_gtwizard_gthe3.gen_tx_user_clocking_internal.gen_single_instance.gtwiz_userclk_tx_inst/gtwiz_userclk_tx_usrclk2_out[0] |
| g1        | 20    | BUFG_GT/O       | None       |           1 |               0 |   0 |      0 |    0 |   0 |  1 |    0 |   0 |       0 | example_wrapper_inst/eth_xcvr_gth_full_inst/inst/gen_gtwizard_gthe3_top.eth_xcvr_gth_full_gtwizard_gthe3_inst/gen_gtwizard_gthe3.gen_rx_user_clocking_internal.gen_single_instance.gtwiz_userclk_rx_inst/gtwiz_userclk_rx_usrclk_out[0]  |
| g5        | 13    | BUFG_GT/O       | None       |           1 |               0 |   0 |      0 |    0 |   0 |  1 |    0 |   0 |       0 | example_wrapper_inst/eth_xcvr_gth_full_inst/inst/gen_gtwizard_gthe3_top.eth_xcvr_gth_full_gtwizard_gthe3_inst/gen_gtwizard_gthe3.gen_tx_user_clocking_internal.gen_single_instance.gtwiz_userclk_tx_inst/gtwiz_userclk_tx_usrclk_out[0]  |
+-----------+-------+-----------------+------------+-------------+-----------------+-----+--------+------+-----+----+------+-----+---------+------------------------------------------------------------------------------------------------------------------------------------------------------------------------------------------------------------------------------------------+
* Clock Loads column represents the clock pin loads (pin count)
** Non-Clock Loads column represents the non-clock pin loads (pin count)
*** Columns FF, LUTRAM, RAMB through 'Hard IP' represents load cell counts


