Copyright 1986-2018 Xilinx, Inc. All Rights Reserved.
-------------------------------------------------------------------------------------------------------------------------------------------------------
| Tool Version : Vivado v.2018.3 (lin64) Build 2405991 Thu Dec  6 23:36:41 MST 2018
| Date         : Fri Feb 13 22:49:52 2026
| Host         : chenxun-Z790-UD-AC running 64-bit Ubuntu 24.04.3 LTS
| Command      : report_utilization -file eth_xcvr_gth_full_example_top_utilization_placed.rpt -pb eth_xcvr_gth_full_example_top_utilization_placed.pb
| Design       : eth_xcvr_gth_full_example_top
| Device       : xcku035fbva676-2
| Design State : Fully Placed
-------------------------------------------------------------------------------------------------------------------------------------------------------

Utilization Design Information

Table of Contents
-----------------
1. CLB Logic
1.1 Summary of Registers by Type
2. CLB Logic Distribution
3. BLOCKRAM
4. ARITHMETIC
5. I/O
6. CLOCK
7. ADVANCED
8. CONFIGURATION
9. Primitives
10. Black Boxes
11. Instantiated Netlists

1. CLB Logic
------------

+----------------------------+------+-------+-----------+-------+
|          Site Type         | Used | Fixed | Available | Util% |
+----------------------------+------+-------+-----------+-------+
| CLB LUTs                   | 2846 |     0 |    203128 |  1.40 |
|   LUT as Logic             | 2549 |     0 |    203128 |  1.25 |
|   LUT as Memory            |  297 |     0 |    112800 |  0.26 |
|     LUT as Distributed RAM |   32 |     0 |           |       |
|     LUT as Shift Register  |  265 |     0 |           |       |
| CLB Registers              | 4417 |     0 |    406256 |  1.09 |
|   Register as Flip Flop    | 4417 |     0 |    406256 |  1.09 |
|   Register as Latch        |    0 |     0 |    406256 |  0.00 |
| CARRY8                     |   49 |     0 |     30300 |  0.16 |
| F7 Muxes                   |   23 |     0 |    121200 |  0.02 |
| F8 Muxes                   |    2 |     0 |     60600 | <0.01 |
| F9 Muxes                   |    0 |     0 |     30300 |  0.00 |
+----------------------------+------+-------+-----------+-------+


1.1 Summary of Registers by Type
--------------------------------

+-------+--------------+-------------+--------------+
| Total | Clock Enable | Synchronous | Asynchronous |
+-------+--------------+-------------+--------------+
| 0     |            _ |           - |            - |
| 0     |            _ |           - |          Set |
| 0     |            _ |           - |        Reset |
| 0     |            _ |         Set |            - |
| 0     |            _ |       Reset |            - |
| 0     |          Yes |           - |            - |
| 89    |          Yes |           - |          Set |
| 192   |          Yes |           - |        Reset |
| 94    |          Yes |         Set |            - |
| 4042  |          Yes |       Reset |            - |
+-------+--------------+-------------+--------------+


2. CLB Logic Distribution
-------------------------

+--------------------------------------------+------+-------+-----------+-------+
|                  Site Type                 | Used | Fixed | Available | Util% |
+--------------------------------------------+------+-------+-----------+-------+
| CLB                                        |  796 |     0 |     30300 |  2.63 |
|   CLBL                                     |  656 |     0 |           |       |
|   CLBM                                     |  140 |     0 |           |       |
| LUT as Logic                               | 2549 |     0 |    203128 |  1.25 |
|   using O5 output only                     |   91 |       |           |       |
|   using O6 output only                     | 2033 |       |           |       |
|   using O5 and O6                          |  425 |       |           |       |
| LUT as Memory                              |  297 |     0 |    112800 |  0.26 |
|   LUT as Distributed RAM                   |   32 |     0 |           |       |
|     using O5 output only                   |    0 |       |           |       |
|     using O6 output only                   |    0 |       |           |       |
|     using O5 and O6                        |   32 |       |           |       |
|   LUT as Shift Register                    |  265 |     0 |           |       |
|     using O5 output only                   |    0 |       |           |       |
|     using O6 output only                   |   77 |       |           |       |
|     using O5 and O6                        |  188 |       |           |       |
| CLB Registers                              | 4417 |     0 |    406256 |  1.09 |
|   Register driven from within the CLB      | 1968 |       |           |       |
|   Register driven from outside the CLB     | 2449 |       |           |       |
|     LUT in front of the register is unused | 1806 |       |           |       |
|     LUT in front of the register is used   |  643 |       |           |       |
| Unique Control Sets                        |  231 |       |     60600 |  0.38 |
+--------------------------------------------+------+-------+-----------+-------+
* Note: Available Control Sets calculated as CLB Registers / 8, Review the Control Sets Report for more information regarding control sets.


3. BLOCKRAM
-----------

+-------------------+------+-------+-----------+-------+
|     Site Type     | Used | Fixed | Available | Util% |
+-------------------+------+-------+-----------+-------+
| Block RAM Tile    |    3 |     0 |       540 |  0.56 |
|   RAMB36/FIFO*    |    2 |     0 |       540 |  0.37 |
|     RAMB36E2 only |    2 |       |           |       |
|   RAMB18          |    2 |     0 |      1080 |  0.19 |
|     RAMB18E2 only |    2 |       |           |       |
+-------------------+------+-------+-----------+-------+
* Note: Each Block RAM Tile only has one FIFO logic available and therefore can accommodate only one FIFO36E2 or one FIFO18E2. However, if a FIFO18E2 occupies a Block RAM Tile, that tile can still accommodate a RAMB18E2


4. ARITHMETIC
-------------

+-----------+------+-------+-----------+-------+
| Site Type | Used | Fixed | Available | Util% |
+-----------+------+-------+-----------+-------+
| DSPs      |    0 |     0 |      1700 |  0.00 |
+-----------+------+-------+-----------+-------+


5. I/O
------

+------------------+------+-------+-----------+-------+
|     Site Type    | Used | Fixed | Available | Util% |
+------------------+------+-------+-----------+-------+
| Bonded IOB       |    6 |     6 |       312 |  1.92 |
| HPIOB            |    3 |     3 |       208 |  1.44 |
|   INPUT          |    2 |       |           |       |
|   OUTPUT         |    1 |       |           |       |
|   BIDIR          |    0 |       |           |       |
| HRIO             |    3 |     3 |       104 |  2.88 |
|   INPUT          |    1 |       |           |       |
|   OUTPUT         |    2 |       |           |       |
|   BIDIR          |    0 |       |           |       |
| HPIOBDIFFINBUF   |    1 |     1 |       192 |  0.52 |
|   DIFFINBUF      |    1 |     1 |           |       |
| HPIOBDIFFOUTBUF  |    0 |     0 |       192 |  0.00 |
| HRIODIFFINBUF    |    0 |     0 |        48 |  0.00 |
| HRIODIFFOUTBUF   |    0 |     0 |        48 |  0.00 |
| BITSLICE_CONTROL |    0 |     0 |        80 |  0.00 |
| BITSLICE_RX_TX   |    0 |     0 |       520 |  0.00 |
| BITSLICE_TX      |    0 |     0 |        80 |  0.00 |
| RIU_OR           |    0 |     0 |        40 |  0.00 |
+------------------+------+-------+-----------+-------+


6. CLOCK
--------

+----------------------+------+-------+-----------+-------+
|       Site Type      | Used | Fixed | Available | Util% |
+----------------------+------+-------+-----------+-------+
| GLOBAL CLOCK BUFFERs |    6 |     0 |       480 |  1.25 |
|   BUFGCE             |    2 |     0 |       240 |  0.83 |
|   BUFGCE_DIV         |    0 |     0 |        40 |  0.00 |
|   BUFG_GT            |    4 |     0 |       120 |  3.33 |
|   BUFGCTRL*          |    0 |     0 |        80 |  0.00 |
| PLLE3_ADV            |    0 |     0 |        20 |  0.00 |
| MMCME3_ADV           |    0 |     0 |        10 |  0.00 |
+----------------------+------+-------+-----------+-------+
* Note: Each used BUFGCTRL counts as two global buffer resources. This table does not include global clocking resources, only buffer cell usage. See the Clock Utilization Report (report_clock_utilization) for detailed accounting of global clocking resource availability.


7. ADVANCED
-----------

+-----------------+------+-------+-----------+-------+
|    Site Type    | Used | Fixed | Available | Util% |
+-----------------+------+-------+-----------+-------+
| GTHE3_CHANNEL   |    1 |     1 |        16 |  6.25 |
| GTHE3_COMMON    |    1 |     0 |         4 | 25.00 |
| IBUFDS_GTE3     |    1 |     1 |         8 | 12.50 |
| OBUFDS_GTE3     |    0 |     0 |         8 |  0.00 |
| OBUFDS_GTE3_ADV |    0 |     0 |         8 |  0.00 |
| PCIE_3_1        |    0 |     0 |         2 |  0.00 |
| SYSMONE1        |    0 |     0 |         1 |  0.00 |
+-----------------+------+-------+-----------+-------+


8. CONFIGURATION
----------------

+-------------+------+-------+-----------+-------+
|  Site Type  | Used | Fixed | Available | Util% |
+-------------+------+-------+-----------+-------+
| BSCANE2     |    1 |     0 |         4 | 25.00 |
| DNA_PORTE2  |    0 |     0 |         1 |  0.00 |
| EFUSE_USR   |    0 |     0 |         1 |  0.00 |
| FRAME_ECCE3 |    0 |     0 |         1 |  0.00 |
| ICAPE3      |    0 |     0 |         2 |  0.00 |
| MASTER_JTAG |    0 |     0 |         1 |  0.00 |
| STARTUPE3   |    0 |     0 |         1 |  0.00 |
+-------------+------+-------+-----------+-------+


9. Primitives
-------------

+---------------+------+---------------------+
|    Ref Name   | Used | Functional Category |
+---------------+------+---------------------+
| FDRE          | 4042 |            Register |
| LUT6          | 1217 |                 CLB |
| LUT3          |  483 |                 CLB |
| LUT4          |  479 |                 CLB |
| LUT5          |  425 |                 CLB |
| LUT2          |  300 |                 CLB |
| SRL16E        |  244 |                 CLB |
| SRLC32E       |  205 |                 CLB |
| FDCE          |  192 |            Register |
| FDSE          |   94 |            Register |
| FDPE          |   89 |            Register |
| LUT1          |   70 |                 CLB |
| RAMD32        |   56 |                 CLB |
| CARRY8        |   49 |                 CLB |
| MUXF7         |   23 |                 CLB |
| RAMS32        |    8 |                 CLB |
| SRLC16E       |    4 |                 CLB |
| BUFG_GT       |    4 |               Clock |
| OBUF          |    3 |                 I/O |
| RAMB36E2      |    2 |           Block Ram |
| RAMB18E2      |    2 |           Block Ram |
| MUXF8         |    2 |                 CLB |
| IBUFCTRL      |    2 |              Others |
| BUFG_GT_SYNC  |    2 |               Clock |
| BUFGCE        |    2 |               Clock |
| INBUF         |    1 |                 I/O |
| IBUFDS_GTE3   |    1 |            Advanced |
| GTHE3_COMMON  |    1 |            Advanced |
| GTHE3_CHANNEL |    1 |            Advanced |
| DIFFINBUF     |    1 |                 I/O |
| BSCANE2       |    1 |       Configuration |
+---------------+------+---------------------+


10. Black Boxes
---------------

+----------+------+
| Ref Name | Used |
+----------+------+


11. Instantiated Netlists
-------------------------

+-------------------+------+
|      Ref Name     | Used |
+-------------------+------+
| ila_xgmii_rx      |    1 |
| ila_gt_debug      |    1 |
| eth_xcvr_gth_full |    1 |
| dbg_hub           |    1 |
+-------------------+------+


