Copyright 1986-2018 Xilinx, Inc. All Rights Reserved.
-------------------------------------------------------------------------------------------------------------------------------------------------------------------------------------------------------------
| Tool Version     : Vivado v.2018.3 (lin64) Build 2405991 Thu Dec  6 23:36:41 MST 2018
| Date             : Fri Feb 13 22:50:16 2026
| Host             : chenxun-Z790-UD-AC running 64-bit Ubuntu 24.04.3 LTS
| Command          : report_power -file eth_xcvr_gth_full_example_top_power_routed.rpt -pb eth_xcvr_gth_full_example_top_power_summary_routed.pb -rpx eth_xcvr_gth_full_example_top_power_routed.rpx
| Design           : eth_xcvr_gth_full_example_top
| Device           : xcku035-fbva676-2-e
| Design State     : routed
| Grade            : extended
| Process          : typical
| Characterization : Production
-------------------------------------------------------------------------------------------------------------------------------------------------------------------------------------------------------------

Power Report

Table of Contents
-----------------
1. Summary
1.1 On-Chip Components
1.2 Power Supply Summary
1.3 Confidence Level
2. Settings
2.1 Environment
2.2 Clock Constraints
3. Detailed Reports
3.1 By Hierarchy

1. Summary
----------

+--------------------------+--------------+
| Total On-Chip Power (W)  | 0.865        |
| Design Power Budget (W)  | Unspecified* |
| Power Budget Margin (W)  | NA           |
| Dynamic (W)              | 0.345        |
| Device Static (W)        | 0.520        |
| Effective TJA (C/W)      | 1.9          |
| Max Ambient (C)          | 98.4         |
| Junction Temperature (C) | 26.6         |
| Confidence Level         | Medium       |
| Setting File             | ---          |
| Simulation Activity File | ---          |
| Design Nets Matched      | NA           |
+--------------------------+--------------+
* Specify Design Power Budget using, set_operating_conditions -design_power_budget <value in Watts>


1.1 On-Chip Components
----------------------

+--------------------------+-----------+----------+-----------+-----------------+
| On-Chip                  | Power (W) | Used     | Available | Utilization (%) |
+--------------------------+-----------+----------+-----------+-----------------+
| Clocks                   |     0.034 |       11 |       --- |             --- |
| CLB Logic                |     0.012 |     8529 |       --- |             --- |
|   LUT as Shift Register  |     0.006 |      265 |    112800 |            0.23 |
|   LUT as Logic           |     0.005 |     2549 |    203128 |            1.25 |
|   Register               |    <0.001 |     4417 |    406256 |            1.09 |
|   LUT as Distributed RAM |    <0.001 |       32 |    112800 |            0.03 |
|   CARRY8                 |    <0.001 |       49 |     30300 |            0.16 |
|   F7/F8 Muxes            |    <0.001 |       25 |    242400 |            0.01 |
|   Others                 |     0.000 |      547 |       --- |             --- |
| Signals                  |     0.009 |     6434 |       --- |             --- |
| Block RAM                |     0.004 |        3 |       540 |            0.56 |
| I/O                      |     0.003 |        6 |       312 |            1.92 |
| GTH                      |     0.283 |        1 |        16 |            6.25 |
| Static Power             |     0.520 |          |           |                 |
| Total                    |     0.865 |          |           |                 |
+--------------------------+-----------+----------+-----------+-----------------+


1.2 Power Supply Summary
------------------------

+------------+-------------+-----------+-------------+------------+
| Source     | Voltage (V) | Total (A) | Dynamic (A) | Static (A) |
+------------+-------------+-----------+-------------+------------+
| Vccint     |       0.950 |     0.247 |       0.097 |      0.150 |
| Vccaux     |       1.800 |     0.096 |       0.000 |      0.096 |
| Vccaux_io  |       1.800 |     0.066 |       0.001 |      0.065 |
| Vccint_io  |       0.950 |     0.016 |       0.001 |      0.016 |
| Vcco33     |       3.300 |     0.000 |       0.000 |      0.000 |
| Vcco25     |       2.500 |     0.000 |       0.000 |      0.000 |
| Vcco18     |       1.800 |     0.000 |       0.000 |      0.000 |
| Vcco15     |       1.500 |     0.000 |       0.000 |      0.000 |
| Vcco135    |       1.350 |     0.000 |       0.000 |      0.000 |
| Vcco12     |       1.200 |     0.000 |       0.000 |      0.000 |
| Vcco10     |       1.000 |     0.000 |       0.000 |      0.000 |
| Vccbram    |       0.950 |     0.011 |       0.000 |      0.011 |
| MGTAVcc    |       1.000 |     0.192 |       0.168 |      0.024 |
| MGTAVtt    |       1.200 |     0.060 |       0.048 |      0.011 |
| MGTVccaux  |       1.800 |     0.013 |       0.013 |      0.000 |
| Vccadc     |       1.800 |     0.014 |       0.000 |      0.014 |
| MGTYVccaux |       1.800 |     0.000 |       0.000 |      0.000 |
| MGTYAVcc   |       1.000 |     0.000 |       0.000 |      0.000 |
| MGTYAVtt   |       1.200 |     0.000 |       0.000 |      0.000 |
+------------+-------------+-----------+-------------+------------+


1.3 Confidence Level
--------------------

+-----------------------------+------------+-------------------------------------------------------+------------------------------------------------------------------------------------------------------------+
| User Input Data             | Confidence | Details                                               | Action                                                                                                     |
+-----------------------------+------------+-------------------------------------------------------+------------------------------------------------------------------------------------------------------------+
| Design implementation state | High       | Design is routed                                      |                                                                                                            |
| Clock nodes activity        | High       | User specified more than 95% of clocks                |                                                                                                            |
| I/O nodes activity          | Medium     | More than 5% of inputs are missing user specification | Provide missing input activity with simulation results or by editing the "By Resource Type -> I/Os" view   |
| Internal nodes activity     | Medium     | User specified less than 25% of internal nodes        | Provide missing internal nodes activity with simulation results or by editing the "By Resource Type" views |
| Device models               | High       | Device models are Production                          |                                                                                                            |
|                             |            |                                                       |                                                                                                            |
| Overall confidence level    | Medium     |                                                       |                                                                                                            |
+-----------------------------+------------+-------------------------------------------------------+------------------------------------------------------------------------------------------------------------+


2. Settings
-----------

2.1 Environment
---------------

+-----------------------+--------------------------+
| Ambient Temp (C)      | 25.0                     |
| ThetaJA (C/W)         | 1.9                      |
| Airflow (LFM)         | 250                      |
| Heat Sink             | medium (Medium Profile)  |
| ThetaSA (C/W)         | 3.4                      |
| Board Selection       | medium (10"x10")         |
| # of Board Layers     | 12to15 (12 to 15 Layers) |
| Board Temperature (C) | 25.0                     |
+-----------------------+--------------------------+


2.2 Clock Constraints
---------------------

+--------------------------------------------------------------------------------------------+----------------------------------------------------------------------------------------------------------------------------------------------------------------------------------------------------------------------------------------------------+-----------------+
| Clock                                                                                      | Domain                                                                                                                                                                                                                                             | Constraint (ns) |
+--------------------------------------------------------------------------------------------+----------------------------------------------------------------------------------------------------------------------------------------------------------------------------------------------------------------------------------------------------+-----------------+
| clk_freerun                                                                                | hb_gtwiz_reset_clk_freerun_p                                                                                                                                                                                                                       |            10.0 |
| clk_mgtrefclk0_x0y0_p                                                                      | mgtrefclk0_x0y0_p                                                                                                                                                                                                                                  |             6.2 |
| dbg_hub/inst/BSCANID.u_xsdbm_id/SWITCH_N_EXT_BSCAN.bscan_inst/SERIES7_BSCAN.bscan_inst/TCK | dbg_hub/inst/BSCANID.u_xsdbm_id/SWITCH_N_EXT_BSCAN.bscan_inst/tck_bs                                                                                                                                                                               |            33.0 |
| gtwiz_userclk_rx_usrclk2_int                                                               | example_wrapper_inst/eth_xcvr_gth_full_inst/inst/gen_gtwizard_gthe3_top.eth_xcvr_gth_full_gtwizard_gthe3_inst/gen_gtwizard_gthe3.gen_rx_user_clocking_internal.gen_single_instance.gtwiz_userclk_rx_inst/gtwiz_userclk_rx_usrclk2_out[0]           |             6.4 |
| gtwiz_userclk_tx_usrclk2_int                                                               | example_wrapper_inst/eth_xcvr_gth_full_inst/inst/gen_gtwizard_gthe3_top.eth_xcvr_gth_full_gtwizard_gthe3_inst/gen_gtwizard_gthe3.gen_tx_user_clocking_internal.gen_single_instance.gtwiz_userclk_tx_inst/gtwiz_userclk_tx_usrclk2_out[0]           |             6.4 |
| qpll0outclk_out[0]                                                                         | example_wrapper_inst/eth_xcvr_gth_full_inst/inst/gen_gtwizard_gthe3_top.eth_xcvr_gth_full_gtwizard_gthe3_inst/gen_gtwizard_gthe3.gen_common.gen_common_container[0].gen_enabled_common.gthe3_common_wrapper_inst/common_inst/qpll0outclk_out[0]    |             0.2 |
| qpll0outrefclk_out[0]                                                                      | example_wrapper_inst/eth_xcvr_gth_full_inst/inst/gen_gtwizard_gthe3_top.eth_xcvr_gth_full_gtwizard_gthe3_inst/gen_gtwizard_gthe3.gen_common.gen_common_container[0].gen_enabled_common.gthe3_common_wrapper_inst/common_inst/qpll0outrefclk_out[0] |             6.2 |
| rxoutclk_out[0]                                                                            | example_wrapper_inst/eth_xcvr_gth_full_inst/inst/gen_gtwizard_gthe3_top.eth_xcvr_gth_full_gtwizard_gthe3_inst/gen_gtwizard_gthe3.gen_channel_container[0].gen_enabled_channel.gthe3_channel_wrapper_inst/channel_inst/rxoutclk_out[0]              |             3.2 |
| txoutclk_out[0]                                                                            | example_wrapper_inst/eth_xcvr_gth_full_inst/inst/gen_gtwizard_gthe3_top.eth_xcvr_gth_full_gtwizard_gthe3_inst/gen_gtwizard_gthe3.gen_channel_container[0].gen_enabled_channel.gthe3_channel_wrapper_inst/channel_inst/txoutclk_out[0]              |             3.2 |
+--------------------------------------------------------------------------------------------+----------------------------------------------------------------------------------------------------------------------------------------------------------------------------------------------------------------------------------------------------+-----------------+


3. Detailed Reports
-------------------

3.1 By Hierarchy
----------------

+-------------------------------+-----------+
| Name                          | Power (W) |
+-------------------------------+-----------+
| eth_xcvr_gth_full_example_top |     0.345 |
|   dbg_hub                     |     0.004 |
|     inst                      |     0.004 |
|       BSCANID.u_xsdbm_id      |     0.004 |
|   example_wrapper_inst        |     0.290 |
|     eth_xcvr_gth_full_inst    |     0.288 |
|       inst                    |     0.288 |
|     gtwiz_reset_inst          |     0.002 |
|   ibufds_clk_freerun_inst     |     0.003 |
|   ila_inst                    |     0.016 |
|     inst                      |     0.016 |
|       ila_core_inst           |     0.015 |
|   ila_xgmii_rx_inst           |     0.017 |
|     inst                      |     0.017 |
|       ila_core_inst           |     0.017 |
|   phy_inst                    |     0.013 |
|     eth_phy_10g_rx_inst       |     0.008 |
|       eth_phy_10g_rx_if_inst  |     0.007 |
|     eth_phy_10g_tx_inst       |     0.005 |
|       eth_phy_10g_tx_if_inst  |     0.005 |
+-------------------------------+-----------+


