
*** Running vivado
    with args -log eth_xcvr_gth_full_example_top.vdi -applog -m64 -product Vivado -messageDb vivado.pb -mode batch -source eth_xcvr_gth_full_example_top.tcl -notrace


****** Vivado v2018.3 (64-bit)
  **** SW Build 2405991 on Thu Dec  6 23:36:41 MST 2018
  **** IP Build 2404404 on Fri Dec  7 01:43:56 MST 2018
    ** Copyright 1986-2018 Xilinx, Inc. All Rights Reserved.

source eth_xcvr_gth_full_example_top.tcl -notrace
Command: link_design -top eth_xcvr_gth_full_example_top -part xcku035-fbva676-2-e
Design is defaulting to srcset: sources_1
Design is defaulting to constrset: constrs_1
INFO: [Project 1-454] Reading design checkpoint '/home/chenxun/Documents/Project/Venturi/Vivado_example/eth_xcvr_gth_full_ex/eth_xcvr_gth_full_ex.srcs/sources_1/ip/ila_gt_debug/ila_gt_debug.dcp' for cell 'ila_inst'
INFO: [Project 1-454] Reading design checkpoint '/home/chenxun/Documents/Project/Venturi/Vivado_example/eth_xcvr_gth_full_ex/eth_xcvr_gth_full_ex.srcs/sources_1/ip/ila_xgmii_rx/ila_xgmii_rx.dcp' for cell 'ila_xgmii_rx_inst'
INFO: [Project 1-454] Reading design checkpoint '/home/chenxun/Documents/Project/Venturi/Vivado_example/eth_xcvr_gth_full_ex/eth_xcvr_gth_full_ex.srcs/sources_1/ip/eth_xcvr_gth_full/eth_xcvr_gth_full.dcp' for cell 'example_wrapper_inst/eth_xcvr_gth_full_inst'
INFO: [Netlist 29-17] Analyzing 217 Unisim elements for replacement
INFO: [Netlist 29-28] Unisim Transformation completed in 0 CPU seconds
INFO: [Project 1-479] Netlist was created with Vivado 2018.3
INFO: [Device 21-403] Loading part xcku035-fbva676-2-e
INFO: [Project 1-570] Preparing netlist for logic optimization
INFO: [Chipscope 16-324] Core: ila_inst UUID: b65d52e4-76d5-562d-b429-2afca0f6d0a3 
INFO: [Chipscope 16-324] Core: ila_xgmii_rx_inst UUID: 104ab64f-73d1-5399-a776-650eee12417b 
Parsing XDC File [/home/chenxun/Documents/Project/Venturi/Vivado_example/eth_xcvr_gth_full_ex/eth_xcvr_gth_full_ex.srcs/sources_1/ip/eth_xcvr_gth_full/synth/eth_xcvr_gth_full.xdc] for cell 'example_wrapper_inst/eth_xcvr_gth_full_inst/inst'
Finished Parsing XDC File [/home/chenxun/Documents/Project/Venturi/Vivado_example/eth_xcvr_gth_full_ex/eth_xcvr_gth_full_ex.srcs/sources_1/ip/eth_xcvr_gth_full/synth/eth_xcvr_gth_full.xdc] for cell 'example_wrapper_inst/eth_xcvr_gth_full_inst/inst'
Parsing XDC File [/home/chenxun/Documents/Project/Venturi/Vivado_example/eth_xcvr_gth_full_ex/eth_xcvr_gth_full_ex.srcs/sources_1/ip/ila_gt_debug/ila_v6_2/constraints/ila_impl.xdc] for cell 'ila_inst/inst'
Finished Parsing XDC File [/home/chenxun/Documents/Project/Venturi/Vivado_example/eth_xcvr_gth_full_ex/eth_xcvr_gth_full_ex.srcs/sources_1/ip/ila_gt_debug/ila_v6_2/constraints/ila_impl.xdc] for cell 'ila_inst/inst'
Parsing XDC File [/home/chenxun/Documents/Project/Venturi/Vivado_example/eth_xcvr_gth_full_ex/eth_xcvr_gth_full_ex.srcs/sources_1/ip/ila_gt_debug/ila_v6_2/constraints/ila.xdc] for cell 'ila_inst/inst'
Finished Parsing XDC File [/home/chenxun/Documents/Project/Venturi/Vivado_example/eth_xcvr_gth_full_ex/eth_xcvr_gth_full_ex.srcs/sources_1/ip/ila_gt_debug/ila_v6_2/constraints/ila.xdc] for cell 'ila_inst/inst'
Parsing XDC File [/home/chenxun/Documents/Project/Venturi/Vivado_example/eth_xcvr_gth_full_ex/eth_xcvr_gth_full_ex.srcs/sources_1/ip/ila_xgmii_rx/ila_v6_2/constraints/ila_impl.xdc] for cell 'ila_xgmii_rx_inst/inst'
Finished Parsing XDC File [/home/chenxun/Documents/Project/Venturi/Vivado_example/eth_xcvr_gth_full_ex/eth_xcvr_gth_full_ex.srcs/sources_1/ip/ila_xgmii_rx/ila_v6_2/constraints/ila_impl.xdc] for cell 'ila_xgmii_rx_inst/inst'
Parsing XDC File [/home/chenxun/Documents/Project/Venturi/Vivado_example/eth_xcvr_gth_full_ex/eth_xcvr_gth_full_ex.srcs/sources_1/ip/ila_xgmii_rx/ila_v6_2/constraints/ila.xdc] for cell 'ila_xgmii_rx_inst/inst'
Finished Parsing XDC File [/home/chenxun/Documents/Project/Venturi/Vivado_example/eth_xcvr_gth_full_ex/eth_xcvr_gth_full_ex.srcs/sources_1/ip/ila_xgmii_rx/ila_v6_2/constraints/ila.xdc] for cell 'ila_xgmii_rx_inst/inst'
Parsing XDC File [/home/chenxun/Documents/Project/Venturi/Vivado_example/eth_xcvr_gth_full_ex/imports/eth_xcvr_gth_full_example_top.xdc]
INFO: [Constraints 18-632] set_output_delay: No clock object specified, the clocks will be automatically identified [/home/chenxun/Documents/Project/Venturi/Vivado_example/eth_xcvr_gth_full_ex/imports/eth_xcvr_gth_full_example_top.xdc:55]
WARNING: [Vivado 12-180] No cells matched 'get_cells -hierarchical -filter {NAME =~ *sync_reset*sync_reg[0]}'. [/home/chenxun/Documents/Project/Venturi/Vivado_example/eth_xcvr_gth_full_ex/imports/eth_xcvr_gth_full_example_top.xdc:88]
CRITICAL WARNING: [Vivado 12-4739] set_false_path:No valid object(s) found for '-to [get_cells -hierarchical -filter {NAME =~ *sync_reset*sync_reg[0]}]'. [/home/chenxun/Documents/Project/Venturi/Vivado_example/eth_xcvr_gth_full_ex/imports/eth_xcvr_gth_full_example_top.xdc:88]
Resolution: Check if the specified object(s) exists in the current design. If it does, ensure that the correct design hierarchy was specified for the object. If you are working with clocks, make sure create_clock was used to create the clock object before it is referenced.
Finished Parsing XDC File [/home/chenxun/Documents/Project/Venturi/Vivado_example/eth_xcvr_gth_full_ex/imports/eth_xcvr_gth_full_example_top.xdc]
INFO: [Opt 31-138] Pushed 0 inverter(s) to 0 load pin(s).
Netlist sorting complete. Time (s): cpu = 00:00:00 ; elapsed = 00:00:00 . Memory (MB): peak = 1946.262 ; gain = 0.000 ; free physical = 9922 ; free virtual = 23229
INFO: [Project 1-111] Unisim Transformation Summary:
  A total of 150 instances were transformed.
  CFGLUT5 => CFGLUT5 (SRLC32E, SRL16E): 148 instances
  IBUF => IBUF (IBUFCTRL, INBUF): 1 instances
  IBUFDS => IBUFDS (DIFFINBUF, IBUFCTRL): 1 instances

13 Infos, 1 Warnings, 1 Critical Warnings and 0 Errors encountered.
link_design completed successfully
link_design: Time (s): cpu = 00:00:04 ; elapsed = 00:00:05 . Memory (MB): peak = 1946.262 ; gain = 576.324 ; free physical = 9922 ; free virtual = 23229
INFO: [Common 17-600] The following parameters have non-default value.
tcl.collectionResultDisplayLimit
Command: opt_design
Attempting to get a license for feature 'Implementation' and/or device 'xcku035'
INFO: [Common 17-349] Got license for feature 'Implementation' and/or device 'xcku035'
Running DRC as a precondition to command opt_design

Starting DRC Task
INFO: [DRC 23-27] Running DRC with 8 threads
INFO: [Project 1-461] DRC finished with 0 Errors
INFO: [Project 1-462] Please refer to the DRC report (report_drc) for more information.

Time (s): cpu = 00:00:00.88 ; elapsed = 00:00:00.82 . Memory (MB): peak = 2012.293 ; gain = 66.031 ; free physical = 9917 ; free virtual = 23224

Starting Cache Timing Information Task
INFO: [Constraints 18-632] set_output_delay: No clock object specified, the clocks will be automatically identified [/home/chenxun/Documents/Project/Venturi/Vivado_example/eth_xcvr_gth_full_ex/imports/eth_xcvr_gth_full_example_top.xdc:55]
INFO: [Timing 38-35] Done setting XDC timing constraints.
INFO: [Timing 38-2] Deriving generated clocks
Ending Cache Timing Information Task | Checksum: 24a8d8d5b

Time (s): cpu = 00:00:01 ; elapsed = 00:00:02 . Memory (MB): peak = 2237.137 ; gain = 224.844 ; free physical = 9822 ; free virtual = 23129

Starting Logic Optimization Task

Phase 1 Generate And Synthesize Debug Cores
INFO: [Chipscope 16-329] Generating Script for core instance : dbg_hub 
INFO: [IP_Flow 19-3806] Processing IP xilinx.com:ip:xsdbm:3.0 for cell dbg_hub_CV.
Netlist sorting complete. Time (s): cpu = 00:00:00.01 ; elapsed = 00:00:00 . Memory (MB): peak = 2328.199 ; gain = 0.000 ; free physical = 9580 ; free virtual = 22895
Phase 1 Generate And Synthesize Debug Cores | Checksum: 1be4da05e

Time (s): cpu = 00:00:29 ; elapsed = 00:00:42 . Memory (MB): peak = 2328.199 ; gain = 14.062 ; free physical = 9580 ; free virtual = 22895

Phase 2 Retarget
INFO: [Opt 31-138] Pushed 7 inverter(s) to 52 load pin(s).
INFO: [Opt 31-422] The CLOCK_DOMAINS attribute on the BRAM cell ila_xgmii_rx_inst/inst/ila_core_inst/ila_trace_memory_inst/SUBCORE_RAM_BLK_MEM_1.trace_block_memory/inst_blk_mem_gen/gnbram.gnativebmg.native_blk_mem_gen/valid.cstr/ramloop[0].ram.r/prim_noinit.ram/DEVICE_8SERIES.NO_BMM_INFO.SDP.SIMPLE_PRIM18.ram has been changed from INDEPENDENT to COMMON to match the clocking topology used for the BRAM.
INFO: [Opt 31-422] The CLOCK_DOMAINS attribute on the BRAM cell ila_xgmii_rx_inst/inst/ila_core_inst/ila_trace_memory_inst/SUBCORE_RAM_BLK_MEM_1.trace_block_memory/inst_blk_mem_gen/gnbram.gnativebmg.native_blk_mem_gen/valid.cstr/ramloop[1].ram.r/prim_noinit.ram/DEVICE_8SERIES.NO_BMM_INFO.SDP.SIMPLE_PRIM36.ram has been changed from INDEPENDENT to COMMON to match the clocking topology used for the BRAM.
INFO: [Opt 31-422] The CLOCK_DOMAINS attribute on the BRAM cell ila_xgmii_rx_inst/inst/ila_core_inst/ila_trace_memory_inst/SUBCORE_RAM_BLK_MEM_1.trace_block_memory/inst_blk_mem_gen/gnbram.gnativebmg.native_blk_mem_gen/valid.cstr/ramloop[2].ram.r/prim_noinit.ram/DEVICE_8SERIES.NO_BMM_INFO.SDP.SIMPLE_PRIM36.ram has been changed from INDEPENDENT to COMMON to match the clocking topology used for the BRAM.
INFO: [Opt 31-49] Retargeted 0 cell(s).
Phase 2 Retarget | Checksum: 1589e7b1d

Time (s): cpu = 00:00:30 ; elapsed = 00:00:42 . Memory (MB): peak = 2328.199 ; gain = 14.062 ; free physical = 9579 ; free virtual = 22894
INFO: [Opt 31-389] Phase Retarget created 163 cells and removed 229 cells
INFO: [Opt 31-1021] In phase Retarget, 244 netlist objects are constrained preventing optimization. Please run opt_design with -debug_log to get more detail. 

Phase 3 Constant propagation
INFO: [Opt 31-138] Pushed 0 inverter(s) to 0 load pin(s).
Phase 3 Constant propagation | Checksum: 1c45a8f18

Time (s): cpu = 00:00:30 ; elapsed = 00:00:42 . Memory (MB): peak = 2328.199 ; gain = 14.062 ; free physical = 9579 ; free virtual = 22894
INFO: [Opt 31-389] Phase Constant propagation created 60 cells and removed 486 cells
INFO: [Opt 31-1021] In phase Constant propagation, 206 netlist objects are constrained preventing optimization. Please run opt_design with -debug_log to get more detail. 

Phase 4 Sweep
Phase 4 Sweep | Checksum: 194dd7755

Time (s): cpu = 00:00:30 ; elapsed = 00:00:43 . Memory (MB): peak = 2328.199 ; gain = 14.062 ; free physical = 9580 ; free virtual = 22895
INFO: [Opt 31-389] Phase Sweep created 0 cells and removed 115 cells
INFO: [Opt 31-1021] In phase Sweep, 1346 netlist objects are constrained preventing optimization. Please run opt_design with -debug_log to get more detail. 

Phase 5 BUFG optimization
Phase 5 BUFG optimization | Checksum: 194dd7755

Time (s): cpu = 00:00:30 ; elapsed = 00:00:43 . Memory (MB): peak = 2328.199 ; gain = 14.062 ; free physical = 9584 ; free virtual = 22898
INFO: [Opt 31-662] Phase BUFG optimization created 0 cells of which 0 are BUFGs and removed 0 cells.

Phase 6 Shift Register Optimization
Phase 6 Shift Register Optimization | Checksum: 1311f8be9

Time (s): cpu = 00:00:30 ; elapsed = 00:00:43 . Memory (MB): peak = 2328.199 ; gain = 14.062 ; free physical = 9584 ; free virtual = 22899
INFO: [Opt 31-389] Phase Shift Register Optimization created 0 cells and removed 0 cells

Phase 7 Post Processing Netlist
Phase 7 Post Processing Netlist | Checksum: 1311f8be9

Time (s): cpu = 00:00:30 ; elapsed = 00:00:43 . Memory (MB): peak = 2328.199 ; gain = 14.062 ; free physical = 9584 ; free virtual = 22899
INFO: [Opt 31-389] Phase Post Processing Netlist created 0 cells and removed 0 cells
INFO: [Opt 31-1021] In phase Post Processing Netlist, 66 netlist objects are constrained preventing optimization. Please run opt_design with -debug_log to get more detail. 
Opt_design Change Summary
=========================


-------------------------------------------------------------------------------------------------------------------------
|  Phase                        |  #Cells created  |  #Cells Removed  |  #Constrained objects preventing optimizations  |
-------------------------------------------------------------------------------------------------------------------------
|  Retarget                     |             163  |             229  |                                            244  |
|  Constant propagation         |              60  |             486  |                                            206  |
|  Sweep                        |               0  |             115  |                                           1346  |
|  BUFG optimization            |               0  |               0  |                                              0  |
|  Shift Register Optimization  |               0  |               0  |                                              0  |
|  Post Processing Netlist      |               0  |               0  |                                             66  |
-------------------------------------------------------------------------------------------------------------------------



Starting Connectivity Check Task

Time (s): cpu = 00:00:00.01 ; elapsed = 00:00:00.01 . Memory (MB): peak = 2328.199 ; gain = 0.000 ; free physical = 9584 ; free virtual = 22899
Ending Logic Optimization Task | Checksum: 1311f8be9

Time (s): cpu = 00:00:30 ; elapsed = 00:00:43 . Memory (MB): peak = 2328.199 ; gain = 14.062 ; free physical = 9584 ; free virtual = 22899

Starting Power Optimization Task
INFO: [Pwropt 34-132] Skipping clock gating for clocks with a period < 2.00 ns.
INFO: [Constraints 18-632] set_output_delay: No clock object specified, the clocks will be automatically identified [/home/chenxun/Documents/Project/Venturi/Vivado_example/eth_xcvr_gth_full_ex/imports/eth_xcvr_gth_full_example_top.xdc:55]
INFO: [Timing 38-35] Done setting XDC timing constraints.
INFO: [Pwropt 34-9] Applying IDT optimizations ...
INFO: [Pwropt 34-10] Applying ODC optimizations ...
INFO: [Physopt 32-619] Estimated Timing Summary | WNS=-0.265 | TNS=-1.528 |
Running Vector-less Activity Propagation...

Finished Running Vector-less Activity Propagation


Starting PowerOpt Patch Enables Task
INFO: [Pwropt 34-162] WRITE_MODE attribute of 1 BRAM(s) out of a total of 4 has been updated to save power. Run report_power_opt to get a complete listing of the BRAMs updated.
INFO: [Pwropt 34-201] Structural ODC has moved 0 WE to EN ports
Number of BRAM Ports augmented: 4 newly gated: 0 Total Ports: 8
Ending PowerOpt Patch Enables Task | Checksum: ed422c4a

Time (s): cpu = 00:00:00.02 ; elapsed = 00:00:00.03 . Memory (MB): peak = 3610.488 ; gain = 0.000 ; free physical = 9027 ; free virtual = 22341
Ending Power Optimization Task | Checksum: ed422c4a

Time (s): cpu = 00:00:14 ; elapsed = 00:00:17 . Memory (MB): peak = 3610.488 ; gain = 1282.289 ; free physical = 9039 ; free virtual = 22354

Starting Final Cleanup Task
Ending Final Cleanup Task | Checksum: ed422c4a

Time (s): cpu = 00:00:00 ; elapsed = 00:00:00 . Memory (MB): peak = 3610.488 ; gain = 0.000 ; free physical = 9039 ; free virtual = 22354

Starting Netlist Obfuscation Task
Netlist sorting complete. Time (s): cpu = 00:00:00 ; elapsed = 00:00:00 . Memory (MB): peak = 3610.488 ; gain = 0.000 ; free physical = 9039 ; free virtual = 22354
Ending Netlist Obfuscation Task | Checksum: 114b161bc

Time (s): cpu = 00:00:00 ; elapsed = 00:00:00 . Memory (MB): peak = 3610.488 ; gain = 0.000 ; free physical = 9039 ; free virtual = 22354
INFO: [Common 17-83] Releasing license: Implementation
52 Infos, 1 Warnings, 1 Critical Warnings and 0 Errors encountered.
opt_design completed successfully
opt_design: Time (s): cpu = 00:00:46 ; elapsed = 00:01:03 . Memory (MB): peak = 3610.488 ; gain = 1664.227 ; free physical = 9039 ; free virtual = 22354
INFO: [Common 17-600] The following parameters have non-default value.
tcl.collectionResultDisplayLimit
Netlist sorting complete. Time (s): cpu = 00:00:00 ; elapsed = 00:00:00 . Memory (MB): peak = 3610.488 ; gain = 0.000 ; free physical = 9039 ; free virtual = 22354
INFO: [Timing 38-480] Writing timing data to binary archive.
Writing placer database...
Writing XDEF routing.
Writing XDEF routing logical nets.
Writing XDEF routing special nets.
Write XDEF Complete: Time (s): cpu = 00:00:00.04 ; elapsed = 00:00:00.01 . Memory (MB): peak = 3610.488 ; gain = 0.000 ; free physical = 9036 ; free virtual = 22353
Netlist sorting complete. Time (s): cpu = 00:00:00.01 ; elapsed = 00:00:00 . Memory (MB): peak = 3610.488 ; gain = 0.000 ; free physical = 9036 ; free virtual = 22353
INFO: [Common 17-1381] The checkpoint '/home/chenxun/Documents/Project/Venturi/Vivado_example/eth_xcvr_gth_full_ex/eth_xcvr_gth_full_ex.runs/impl_1/eth_xcvr_gth_full_example_top_opt.dcp' has been generated.
INFO: [runtcl-4] Executing : report_drc -file eth_xcvr_gth_full_example_top_drc_opted.rpt -pb eth_xcvr_gth_full_example_top_drc_opted.pb -rpx eth_xcvr_gth_full_example_top_drc_opted.rpx
Command: report_drc -file eth_xcvr_gth_full_example_top_drc_opted.rpt -pb eth_xcvr_gth_full_example_top_drc_opted.pb -rpx eth_xcvr_gth_full_example_top_drc_opted.rpx
INFO: [IP_Flow 19-1839] IP Catalog is up to date.
INFO: [DRC 23-27] Running DRC with 8 threads
INFO: [Coretcl 2-168] The results of DRC are in file /home/chenxun/Documents/Project/Venturi/Vivado_example/eth_xcvr_gth_full_ex/eth_xcvr_gth_full_ex.runs/impl_1/eth_xcvr_gth_full_example_top_drc_opted.rpt.
report_drc completed successfully
INFO: [Chipscope 16-240] Debug cores have already been implemented
Command: place_design
Attempting to get a license for feature 'Implementation' and/or device 'xcku035'
INFO: [Common 17-349] Got license for feature 'Implementation' and/or device 'xcku035'
INFO: [DRC 23-27] Running DRC with 8 threads
INFO: [Vivado_Tcl 4-198] DRC finished with 0 Errors
INFO: [Vivado_Tcl 4-199] Please refer to the DRC report (report_drc) for more information.
Running DRC as a precondition to command place_design
INFO: [DRC 23-27] Running DRC with 8 threads
INFO: [Vivado_Tcl 4-198] DRC finished with 0 Errors
INFO: [Vivado_Tcl 4-199] Please refer to the DRC report (report_drc) for more information.

Starting Placer Task
INFO: [Place 30-611] Multithreading enabled for place_design using a maximum of 8 CPUs

Phase 1 Placer Initialization

Phase 1.1 Placer Initialization Netlist Sorting
Netlist sorting complete. Time (s): cpu = 00:00:00 ; elapsed = 00:00:00 . Memory (MB): peak = 3610.488 ; gain = 0.000 ; free physical = 8993 ; free virtual = 22311
Phase 1.1 Placer Initialization Netlist Sorting | Checksum: b360f5ef

Time (s): cpu = 00:00:00 ; elapsed = 00:00:00 . Memory (MB): peak = 3610.488 ; gain = 0.000 ; free physical = 8993 ; free virtual = 22311
Netlist sorting complete. Time (s): cpu = 00:00:00 ; elapsed = 00:00:00 . Memory (MB): peak = 3610.488 ; gain = 0.000 ; free physical = 8994 ; free virtual = 22311

Phase 1.2 IO Placement/ Clock Placement/ Build Placer Device
INFO: [Constraints 18-632] set_output_delay: No clock object specified, the clocks will be automatically identified [/home/chenxun/Documents/Project/Venturi/Vivado_example/eth_xcvr_gth_full_ex/imports/eth_xcvr_gth_full_example_top.xdc:55]
INFO: [Timing 38-35] Done setting XDC timing constraints.
Phase 1.2 IO Placement/ Clock Placement/ Build Placer Device | Checksum: c7544c87

Time (s): cpu = 00:00:00.96 ; elapsed = 00:00:00.41 . Memory (MB): peak = 3610.488 ; gain = 0.000 ; free physical = 8993 ; free virtual = 22310

Phase 1.3 Build Placer Netlist Model
Phase 1.3 Build Placer Netlist Model | Checksum: 11194e47d

Time (s): cpu = 00:00:02 ; elapsed = 00:00:00.79 . Memory (MB): peak = 3610.488 ; gain = 0.000 ; free physical = 8983 ; free virtual = 22300

Phase 1.4 Constrain Clocks/Macros
Phase 1.4 Constrain Clocks/Macros | Checksum: 11194e47d

Time (s): cpu = 00:00:02 ; elapsed = 00:00:00.79 . Memory (MB): peak = 3610.488 ; gain = 0.000 ; free physical = 8983 ; free virtual = 22300
Phase 1 Placer Initialization | Checksum: 11194e47d

Time (s): cpu = 00:00:02 ; elapsed = 00:00:00.81 . Memory (MB): peak = 3610.488 ; gain = 0.000 ; free physical = 8983 ; free virtual = 22300

Phase 2 Global Placement

Phase 2.1 Floorplanning
Phase 2.1 Floorplanning | Checksum: 160bed08b

Time (s): cpu = 00:00:03 ; elapsed = 00:00:01 . Memory (MB): peak = 3610.488 ; gain = 0.000 ; free physical = 9016 ; free virtual = 22333

Phase 2.2 Physical Synthesis In Placer
INFO: [Physopt 32-65] No nets found for high-fanout optimization.
INFO: [Physopt 32-232] Optimized 0 net. Created 0 new instance.
INFO: [Physopt 32-775] End 1 Pass. Optimized 0 net or cell. Created 0 new cell, deleted 0 existing cell and moved 0 existing cell
INFO: [Physopt 32-670] No setup violation found.  DSP Register Optimization was not performed.
INFO: [Physopt 32-670] No setup violation found.  Shift Register Optimization was not performed.
INFO: [Physopt 32-670] No setup violation found.  BRAM Register Optimization was not performed.
INFO: [Physopt 32-949] No candidate nets found for HD net replication
INFO: [Physopt 32-775] End 1 Pass. Optimized 0 net or cell. Created 0 new cell, deleted 0 existing cell and moved 0 existing cell
Netlist sorting complete. Time (s): cpu = 00:00:00.01 ; elapsed = 00:00:00 . Memory (MB): peak = 3610.488 ; gain = 0.000 ; free physical = 8854 ; free virtual = 22171

Summary of Physical Synthesis Optimizations
============================================


----------------------------------------------------------------------------------------------------------------------------------------
|  Optimization                  |  Added Cells  |  Removed Cells  |  Optimized Cells/Nets  |  Dont Touch  |  Iterations  |  Elapsed   |
----------------------------------------------------------------------------------------------------------------------------------------
|  Very High Fanout              |            0  |              0  |                     0  |           0  |           1  |  00:00:00  |
|  DSP Register                  |            0  |              0  |                     0  |           0  |           0  |  00:00:00  |
|  Shift Register                |            0  |              0  |                     0  |           0  |           0  |  00:00:00  |
|  BRAM Register                 |            0  |              0  |                     0  |           0  |           0  |  00:00:00  |
|  HD Interface Net Replication  |            0  |              0  |                     0  |           0  |           1  |  00:00:00  |
|  Total                         |            0  |              0  |                     0  |           0  |           2  |  00:00:00  |
----------------------------------------------------------------------------------------------------------------------------------------


Phase 2.2 Physical Synthesis In Placer | Checksum: 12da712ec

Time (s): cpu = 00:00:19 ; elapsed = 00:00:05 . Memory (MB): peak = 3610.488 ; gain = 0.000 ; free physical = 8854 ; free virtual = 22171
Phase 2 Global Placement | Checksum: 155ad8f34

Time (s): cpu = 00:00:20 ; elapsed = 00:00:05 . Memory (MB): peak = 3610.488 ; gain = 0.000 ; free physical = 8854 ; free virtual = 22171

Phase 3 Detail Placement

Phase 3.1 Commit Multi Column Macros
Phase 3.1 Commit Multi Column Macros | Checksum: 155ad8f34

Time (s): cpu = 00:00:20 ; elapsed = 00:00:05 . Memory (MB): peak = 3610.488 ; gain = 0.000 ; free physical = 8854 ; free virtual = 22171

Phase 3.2 Commit Most Macros & LUTRAMs
Phase 3.2 Commit Most Macros & LUTRAMs | Checksum: fd8c4301

Time (s): cpu = 00:00:20 ; elapsed = 00:00:05 . Memory (MB): peak = 3610.488 ; gain = 0.000 ; free physical = 8835 ; free virtual = 22152

Phase 3.3 Area Swap Optimization
Phase 3.3 Area Swap Optimization | Checksum: 195f58079

Time (s): cpu = 00:00:20 ; elapsed = 00:00:05 . Memory (MB): peak = 3610.488 ; gain = 0.000 ; free physical = 8835 ; free virtual = 22152

Phase 3.4 Pipeline Register Optimization
Phase 3.4 Pipeline Register Optimization | Checksum: 1c996e06a

Time (s): cpu = 00:00:20 ; elapsed = 00:00:05 . Memory (MB): peak = 3610.488 ; gain = 0.000 ; free physical = 8835 ; free virtual = 22152

Phase 3.5 Small Shape Clustering
Phase 3.5 Small Shape Clustering | Checksum: 118220095

Time (s): cpu = 00:00:21 ; elapsed = 00:00:06 . Memory (MB): peak = 3610.488 ; gain = 0.000 ; free physical = 8839 ; free virtual = 22156

Phase 3.6 DP Optimization
Phase 3.6 DP Optimization | Checksum: 1d698071e

Time (s): cpu = 00:00:22 ; elapsed = 00:00:06 . Memory (MB): peak = 3610.488 ; gain = 0.000 ; free physical = 8836 ; free virtual = 22153

Phase 3.7 Flow Legalize Slice Clusters
Phase 3.7 Flow Legalize Slice Clusters | Checksum: 179010d4b

Time (s): cpu = 00:00:22 ; elapsed = 00:00:06 . Memory (MB): peak = 3610.488 ; gain = 0.000 ; free physical = 8835 ; free virtual = 22152

Phase 3.8 Slice Area Swap
Phase 3.8 Slice Area Swap | Checksum: 162f19af3

Time (s): cpu = 00:00:23 ; elapsed = 00:00:06 . Memory (MB): peak = 3610.488 ; gain = 0.000 ; free physical = 8830 ; free virtual = 22148

Phase 3.9 Commit Slice Clusters
Phase 3.9 Commit Slice Clusters | Checksum: 90e94819

Time (s): cpu = 00:00:23 ; elapsed = 00:00:06 . Memory (MB): peak = 3610.488 ; gain = 0.000 ; free physical = 8826 ; free virtual = 22144

Phase 3.10 Re-assign LUT pins
Phase 3.10 Re-assign LUT pins | Checksum: 9200d117

Time (s): cpu = 00:00:23 ; elapsed = 00:00:06 . Memory (MB): peak = 3610.488 ; gain = 0.000 ; free physical = 8827 ; free virtual = 22144

Phase 3.11 Pipeline Register Optimization
Phase 3.11 Pipeline Register Optimization | Checksum: 144f5f0cf

Time (s): cpu = 00:00:23 ; elapsed = 00:00:06 . Memory (MB): peak = 3610.488 ; gain = 0.000 ; free physical = 8827 ; free virtual = 22144
Phase 3 Detail Placement | Checksum: 144f5f0cf

Time (s): cpu = 00:00:23 ; elapsed = 00:00:06 . Memory (MB): peak = 3610.488 ; gain = 0.000 ; free physical = 8827 ; free virtual = 22144

Phase 4 Post Placement Optimization and Clean-Up

Phase 4.1 Post Commit Optimization
INFO: [Constraints 18-632] set_output_delay: No clock object specified, the clocks will be automatically identified [/home/chenxun/Documents/Project/Venturi/Vivado_example/eth_xcvr_gth_full_ex/imports/eth_xcvr_gth_full_example_top.xdc:55]
INFO: [Timing 38-35] Done setting XDC timing constraints.

Phase 4.1.1 Post Placement Optimization
Post Placement Optimization Initialization | Checksum: 1ac811a7b

Phase 4.1.1.1 BUFG Insertion
INFO: [Place 46-46] BUFG insertion identified 0 candidate nets, 0 success, 0 bufg driver replicated, 0 skipped for placement/routing, 0 skipped for timing, 0 skipped for netlist change reason
Phase 4.1.1.1 BUFG Insertion | Checksum: 1ac811a7b

Time (s): cpu = 00:00:24 ; elapsed = 00:00:07 . Memory (MB): peak = 3610.488 ; gain = 0.000 ; free physical = 8834 ; free virtual = 22151
INFO: [Place 30-746] Post Placement Timing Summary WNS=0.530. For the most accurate timing information please run report_timing.
Phase 4.1.1 Post Placement Optimization | Checksum: 1751128ee

Time (s): cpu = 00:00:25 ; elapsed = 00:00:07 . Memory (MB): peak = 3610.488 ; gain = 0.000 ; free physical = 8834 ; free virtual = 22151
Phase 4.1 Post Commit Optimization | Checksum: 1751128ee

Time (s): cpu = 00:00:25 ; elapsed = 00:00:07 . Memory (MB): peak = 3610.488 ; gain = 0.000 ; free physical = 8834 ; free virtual = 22151

Phase 4.2 Post Placement Cleanup
Phase 4.2 Post Placement Cleanup | Checksum: 1751128ee

Time (s): cpu = 00:00:25 ; elapsed = 00:00:07 . Memory (MB): peak = 3610.488 ; gain = 0.000 ; free physical = 8834 ; free virtual = 22151
Netlist sorting complete. Time (s): cpu = 00:00:00 ; elapsed = 00:00:00 . Memory (MB): peak = 3610.488 ; gain = 0.000 ; free physical = 8837 ; free virtual = 22155

Phase 4.3 Placer Reporting
Phase 4.3 Placer Reporting | Checksum: 2255d1249

Time (s): cpu = 00:00:25 ; elapsed = 00:00:07 . Memory (MB): peak = 3610.488 ; gain = 0.000 ; free physical = 8837 ; free virtual = 22155

Phase 4.4 Final Placement Cleanup
Netlist sorting complete. Time (s): cpu = 00:00:00 ; elapsed = 00:00:00 . Memory (MB): peak = 3610.488 ; gain = 0.000 ; free physical = 8837 ; free virtual = 22155
Phase 4.4 Final Placement Cleanup | Checksum: 20b4743f4

Time (s): cpu = 00:00:25 ; elapsed = 00:00:07 . Memory (MB): peak = 3610.488 ; gain = 0.000 ; free physical = 8837 ; free virtual = 22155
Phase 4 Post Placement Optimization and Clean-Up | Checksum: 20b4743f4

Time (s): cpu = 00:00:25 ; elapsed = 00:00:07 . Memory (MB): peak = 3610.488 ; gain = 0.000 ; free physical = 8837 ; free virtual = 22155
Ending Placer Task | Checksum: 1ed18d62e

Time (s): cpu = 00:00:25 ; elapsed = 00:00:07 . Memory (MB): peak = 3610.488 ; gain = 0.000 ; free physical = 8897 ; free virtual = 22214
INFO: [Common 17-83] Releasing license: Implementation
83 Infos, 1 Warnings, 1 Critical Warnings and 0 Errors encountered.
place_design completed successfully
place_design: Time (s): cpu = 00:00:26 ; elapsed = 00:00:08 . Memory (MB): peak = 3610.488 ; gain = 0.000 ; free physical = 8897 ; free virtual = 22214
Netlist sorting complete. Time (s): cpu = 00:00:00 ; elapsed = 00:00:00 . Memory (MB): peak = 3610.488 ; gain = 0.000 ; free physical = 8897 ; free virtual = 22214
INFO: [Timing 38-480] Writing timing data to binary archive.
Writing placer database...
Netlist sorting complete. Time (s): cpu = 00:00:00.01 ; elapsed = 00:00:00 . Memory (MB): peak = 3610.488 ; gain = 0.000 ; free physical = 8896 ; free virtual = 22215
Writing XDEF routing.
Writing XDEF routing logical nets.
Writing XDEF routing special nets.
Write XDEF Complete: Time (s): cpu = 00:00:00.39 ; elapsed = 00:00:00.12 . Memory (MB): peak = 3610.488 ; gain = 0.000 ; free physical = 8887 ; free virtual = 22214
INFO: [Common 17-1381] The checkpoint '/home/chenxun/Documents/Project/Venturi/Vivado_example/eth_xcvr_gth_full_ex/eth_xcvr_gth_full_ex.runs/impl_1/eth_xcvr_gth_full_example_top_placed.dcp' has been generated.
INFO: [runtcl-4] Executing : report_io -file eth_xcvr_gth_full_example_top_io_placed.rpt
report_io: Time (s): cpu = 00:00:00.03 ; elapsed = 00:00:00.07 . Memory (MB): peak = 3610.488 ; gain = 0.000 ; free physical = 8889 ; free virtual = 22210
INFO: [runtcl-4] Executing : report_utilization -file eth_xcvr_gth_full_example_top_utilization_placed.rpt -pb eth_xcvr_gth_full_example_top_utilization_placed.pb
INFO: [runtcl-4] Executing : report_control_sets -verbose -file eth_xcvr_gth_full_example_top_control_sets_placed.rpt
report_control_sets: Time (s): cpu = 00:00:00.03 ; elapsed = 00:00:00.05 . Memory (MB): peak = 3610.488 ; gain = 0.000 ; free physical = 8896 ; free virtual = 22218
Command: route_design
Attempting to get a license for feature 'Implementation' and/or device 'xcku035'
INFO: [Common 17-349] Got license for feature 'Implementation' and/or device 'xcku035'
Running DRC as a precondition to command route_design
INFO: [DRC 23-27] Running DRC with 8 threads
INFO: [Vivado_Tcl 4-198] DRC finished with 0 Errors
INFO: [Vivado_Tcl 4-199] Please refer to the DRC report (report_drc) for more information.


Starting Routing Task
INFO: [Route 35-254] Multithreading enabled for route_design using a maximum of 8 CPUs
Checksum: PlaceDB: c342c016 ConstDB: 0 ShapeSum: 798a2cbd RouteDB: b04be95b

Phase 1 Build RT Design
Phase 1 Build RT Design | Checksum: 13a27959f

Time (s): cpu = 00:00:16 ; elapsed = 00:00:12 . Memory (MB): peak = 3610.488 ; gain = 0.000 ; free physical = 8900 ; free virtual = 22219
Post Restoration Checksum: NetGraph: 783c8e7f NumContArr: a0fe61f3 Constraints: e8bd3d36 Timing: 0

Phase 2 Router Initialization

Phase 2.1 Create Timer
Phase 2.1 Create Timer | Checksum: 201f82da8

Time (s): cpu = 00:00:16 ; elapsed = 00:00:12 . Memory (MB): peak = 3610.488 ; gain = 0.000 ; free physical = 8876 ; free virtual = 22195

Phase 2.2 Fix Topology Constraints
Phase 2.2 Fix Topology Constraints | Checksum: 201f82da8

Time (s): cpu = 00:00:16 ; elapsed = 00:00:12 . Memory (MB): peak = 3610.488 ; gain = 0.000 ; free physical = 8829 ; free virtual = 22148

Phase 2.3 Pre Route Cleanup
Phase 2.3 Pre Route Cleanup | Checksum: 201f82da8

Time (s): cpu = 00:00:16 ; elapsed = 00:00:12 . Memory (MB): peak = 3610.488 ; gain = 0.000 ; free physical = 8829 ; free virtual = 22148

Phase 2.4 Global Clock Net Routing
 Number of Nodes with overlaps = 0
Phase 2.4 Global Clock Net Routing | Checksum: 213a83369

Time (s): cpu = 00:00:17 ; elapsed = 00:00:12 . Memory (MB): peak = 3610.488 ; gain = 0.000 ; free physical = 8711 ; free virtual = 22030

Phase 2.5 Update Timing
Phase 2.5 Update Timing | Checksum: 30bb944af

Time (s): cpu = 00:00:18 ; elapsed = 00:00:13 . Memory (MB): peak = 3610.488 ; gain = 0.000 ; free physical = 8718 ; free virtual = 22037
INFO: [Route 35-416] Intermediate Timing Summary | WNS=0.551  | TNS=0.000  | WHS=-1.326 | THS=-8.006 |


Phase 2.6 Update Timing for Bus Skew

Phase 2.6.1 Update Timing
Phase 2.6.1 Update Timing | Checksum: 3642461e4

Time (s): cpu = 00:00:19 ; elapsed = 00:00:13 . Memory (MB): peak = 3610.488 ; gain = 0.000 ; free physical = 8720 ; free virtual = 22039
INFO: [Route 35-416] Intermediate Timing Summary | WNS=0.551  | TNS=0.000  | WHS=N/A    | THS=N/A    |

Phase 2.6 Update Timing for Bus Skew | Checksum: 33130f49a

Time (s): cpu = 00:00:19 ; elapsed = 00:00:13 . Memory (MB): peak = 3610.488 ; gain = 0.000 ; free physical = 8720 ; free virtual = 22039
Phase 2 Router Initialization | Checksum: 308fbd6ec

Time (s): cpu = 00:00:19 ; elapsed = 00:00:13 . Memory (MB): peak = 3610.488 ; gain = 0.000 ; free physical = 8720 ; free virtual = 22039

Phase 3 Initial Routing
Phase 3 Initial Routing | Checksum: 278aa53cd

Time (s): cpu = 00:00:21 ; elapsed = 00:00:14 . Memory (MB): peak = 3610.488 ; gain = 0.000 ; free physical = 8700 ; free virtual = 22019

Phase 4 Rip-up And Reroute

Phase 4.1 Global Iteration 0
 Number of Nodes with overlaps = 812
 Number of Nodes with overlaps = 23
 Number of Nodes with overlaps = 0
INFO: [Route 35-416] Intermediate Timing Summary | WNS=-2.007 | TNS=-11.402| WHS=0.004  | THS=0.000  |

Phase 4.1 Global Iteration 0 | Checksum: 3142b0b15

Time (s): cpu = 00:00:24 ; elapsed = 00:00:15 . Memory (MB): peak = 3610.488 ; gain = 0.000 ; free physical = 8704 ; free virtual = 22022

Phase 4.2 Global Iteration 1
 Number of Nodes with overlaps = 0
INFO: [Route 35-416] Intermediate Timing Summary | WNS=-2.008 | TNS=-11.408| WHS=N/A    | THS=N/A    |

Phase 4.2 Global Iteration 1 | Checksum: 2beac5703

Time (s): cpu = 00:00:24 ; elapsed = 00:00:15 . Memory (MB): peak = 3610.488 ; gain = 0.000 ; free physical = 8704 ; free virtual = 22022

Phase 4.3 Additional Iteration for Hold
Phase 4.3 Additional Iteration for Hold | Checksum: 2533288ac

Time (s): cpu = 00:00:24 ; elapsed = 00:00:15 . Memory (MB): peak = 3610.488 ; gain = 0.000 ; free physical = 8704 ; free virtual = 22022
Phase 4 Rip-up And Reroute | Checksum: 2533288ac

Time (s): cpu = 00:00:24 ; elapsed = 00:00:15 . Memory (MB): peak = 3610.488 ; gain = 0.000 ; free physical = 8704 ; free virtual = 22022

Phase 5 Delay and Skew Optimization

Phase 5.1 Delay CleanUp

Phase 5.1.1 Update Timing
Phase 5.1.1 Update Timing | Checksum: 2663dca69

Time (s): cpu = 00:00:24 ; elapsed = 00:00:15 . Memory (MB): peak = 3610.488 ; gain = 0.000 ; free physical = 8706 ; free virtual = 22025
INFO: [Route 35-416] Intermediate Timing Summary | WNS=-2.007 | TNS=-11.402| WHS=0.004  | THS=0.000  |

 Number of Nodes with overlaps = 0
Phase 5.1 Delay CleanUp | Checksum: 23ccbd9ba

Time (s): cpu = 00:00:24 ; elapsed = 00:00:15 . Memory (MB): peak = 3610.488 ; gain = 0.000 ; free physical = 8705 ; free virtual = 22024

Phase 5.2 Clock Skew Optimization
Phase 5.2 Clock Skew Optimization | Checksum: 23ccbd9ba

Time (s): cpu = 00:00:24 ; elapsed = 00:00:15 . Memory (MB): peak = 3610.488 ; gain = 0.000 ; free physical = 8705 ; free virtual = 22024
Phase 5 Delay and Skew Optimization | Checksum: 23ccbd9ba

Time (s): cpu = 00:00:24 ; elapsed = 00:00:15 . Memory (MB): peak = 3610.488 ; gain = 0.000 ; free physical = 8705 ; free virtual = 22024

Phase 6 Post Hold Fix

Phase 6.1 Hold Fix Iter

Phase 6.1.1 Update Timing
Phase 6.1.1 Update Timing | Checksum: 2aa94c48b

Time (s): cpu = 00:00:25 ; elapsed = 00:00:16 . Memory (MB): peak = 3610.488 ; gain = 0.000 ; free physical = 8707 ; free virtual = 22025
INFO: [Route 35-416] Intermediate Timing Summary | WNS=-2.007 | TNS=-11.402| WHS=0.004  | THS=0.000  |

Phase 6.1 Hold Fix Iter | Checksum: 1eb38dd38

Time (s): cpu = 00:00:27 ; elapsed = 00:00:17 . Memory (MB): peak = 3613.531 ; gain = 3.043 ; free physical = 8582 ; free virtual = 21900
Phase 6 Post Hold Fix | Checksum: 1eb38dd38

Time (s): cpu = 00:00:27 ; elapsed = 00:00:17 . Memory (MB): peak = 3613.531 ; gain = 3.043 ; free physical = 8582 ; free virtual = 21900

Phase 7 Route finalize

Router Utilization Summary
  Global Vertical Routing Utilization    = 0.21109 %
  Global Horizontal Routing Utilization  = 0.186057 %
  Routable Net Status*
  *Does not include unroutable nets such as driverless and loadless.
  Run report_route_status for detailed report.
  Number of Failed Nets               = 0
  Number of Unrouted Nets             = 0
  Number of Partially Routed Nets     = 0
  Number of Node Overlaps             = 0

Congestion Report
North Dir 1x1 Area, Max Cong = 37.4468%, No Congested Regions.
South Dir 1x1 Area, Max Cong = 32.4895%, No Congested Regions.
East Dir 1x1 Area, Max Cong = 26.9231%, No Congested Regions.
West Dir 1x1 Area, Max Cong = 25%, No Congested Regions.

------------------------------
Reporting congestion hotspots
------------------------------
Direction: North
----------------
Congested clusters found at Level 0
Effective congestion level: 0 Aspect Ratio: 1 Sparse Ratio: 0
Direction: South
----------------
Congested clusters found at Level 0
Effective congestion level: 0 Aspect Ratio: 1 Sparse Ratio: 0
Direction: East
----------------
Congested clusters found at Level 0
Effective congestion level: 0 Aspect Ratio: 1 Sparse Ratio: 0
Direction: West
----------------
Congested clusters found at Level 0
Effective congestion level: 0 Aspect Ratio: 1 Sparse Ratio: 0

Phase 7 Route finalize | Checksum: 37927d1fb

Time (s): cpu = 00:00:28 ; elapsed = 00:00:17 . Memory (MB): peak = 3613.531 ; gain = 3.043 ; free physical = 8581 ; free virtual = 21900

Phase 8 Verifying routed nets

 Verification completed successfully
Phase 8 Verifying routed nets | Checksum: 37927d1fb

Time (s): cpu = 00:00:28 ; elapsed = 00:00:17 . Memory (MB): peak = 3613.531 ; gain = 3.043 ; free physical = 8578 ; free virtual = 21897

Phase 9 Depositing Routes
Phase 9 Depositing Routes | Checksum: 37927d1fb

Time (s): cpu = 00:00:28 ; elapsed = 00:00:17 . Memory (MB): peak = 3613.531 ; gain = 3.043 ; free physical = 8576 ; free virtual = 21894

Phase 10 Post Router Timing

Phase 10.1 Update Timing
Phase 10.1 Update Timing | Checksum: 2d4ef648e

Time (s): cpu = 00:00:28 ; elapsed = 00:00:17 . Memory (MB): peak = 3613.531 ; gain = 3.043 ; free physical = 8576 ; free virtual = 21895
INFO: [Route 35-57] Estimated Timing Summary | WNS=-2.194 | TNS=-11.993| WHS=0.004  | THS=0.000  |

WARNING: [Route 35-328] Router estimated timing not met.
Resolution: For a complete and accurate timing signoff, report_timing_summary must be run after route_design. Alternatively, route_design can be run with the -timing_summary option to enable a complete timing signoff at the end of route_design.
Phase 10 Post Router Timing | Checksum: 2d4ef648e

Time (s): cpu = 00:00:28 ; elapsed = 00:00:17 . Memory (MB): peak = 3613.531 ; gain = 3.043 ; free physical = 8576 ; free virtual = 21895
INFO: [Route 35-16] Router Completed Successfully

Time (s): cpu = 00:00:28 ; elapsed = 00:00:17 . Memory (MB): peak = 3613.531 ; gain = 3.043 ; free physical = 8714 ; free virtual = 22033

Routing Is Done.
INFO: [Common 17-83] Releasing license: Implementation
102 Infos, 2 Warnings, 1 Critical Warnings and 0 Errors encountered.
route_design completed successfully
route_design: Time (s): cpu = 00:00:30 ; elapsed = 00:00:18 . Memory (MB): peak = 3613.531 ; gain = 3.043 ; free physical = 8714 ; free virtual = 22033
Netlist sorting complete. Time (s): cpu = 00:00:00 ; elapsed = 00:00:00 . Memory (MB): peak = 3613.531 ; gain = 0.000 ; free physical = 8714 ; free virtual = 22033
INFO: [Timing 38-480] Writing timing data to binary archive.
Writing placer database...
Netlist sorting complete. Time (s): cpu = 00:00:00 ; elapsed = 00:00:00 . Memory (MB): peak = 3613.531 ; gain = 0.000 ; free physical = 8713 ; free virtual = 22033
Writing XDEF routing.
Writing XDEF routing logical nets.
Writing XDEF routing special nets.
Write XDEF Complete: Time (s): cpu = 00:00:00.42 ; elapsed = 00:00:00.13 . Memory (MB): peak = 3613.531 ; gain = 0.000 ; free physical = 8713 ; free virtual = 22044
INFO: [Common 17-1381] The checkpoint '/home/chenxun/Documents/Project/Venturi/Vivado_example/eth_xcvr_gth_full_ex/eth_xcvr_gth_full_ex.runs/impl_1/eth_xcvr_gth_full_example_top_routed.dcp' has been generated.
INFO: [runtcl-4] Executing : report_drc -file eth_xcvr_gth_full_example_top_drc_routed.rpt -pb eth_xcvr_gth_full_example_top_drc_routed.pb -rpx eth_xcvr_gth_full_example_top_drc_routed.rpx
Command: report_drc -file eth_xcvr_gth_full_example_top_drc_routed.rpt -pb eth_xcvr_gth_full_example_top_drc_routed.pb -rpx eth_xcvr_gth_full_example_top_drc_routed.rpx
INFO: [IP_Flow 19-1839] IP Catalog is up to date.
INFO: [DRC 23-27] Running DRC with 8 threads
INFO: [Coretcl 2-168] The results of DRC are in file /home/chenxun/Documents/Project/Venturi/Vivado_example/eth_xcvr_gth_full_ex/eth_xcvr_gth_full_ex.runs/impl_1/eth_xcvr_gth_full_example_top_drc_routed.rpt.
report_drc completed successfully
INFO: [runtcl-4] Executing : report_methodology -file eth_xcvr_gth_full_example_top_methodology_drc_routed.rpt -pb eth_xcvr_gth_full_example_top_methodology_drc_routed.pb -rpx eth_xcvr_gth_full_example_top_methodology_drc_routed.rpx
Command: report_methodology -file eth_xcvr_gth_full_example_top_methodology_drc_routed.rpt -pb eth_xcvr_gth_full_example_top_methodology_drc_routed.pb -rpx eth_xcvr_gth_full_example_top_methodology_drc_routed.rpx
INFO: [Constraints 18-632] set_output_delay: No clock object specified, the clocks will be automatically identified [/home/chenxun/Documents/Project/Venturi/Vivado_example/eth_xcvr_gth_full_ex/imports/eth_xcvr_gth_full_example_top.xdc:55]
INFO: [Timing 38-35] Done setting XDC timing constraints.
INFO: [DRC 23-133] Running Methodology with 8 threads
INFO: [Coretcl 2-1520] The results of Report Methodology are in file /home/chenxun/Documents/Project/Venturi/Vivado_example/eth_xcvr_gth_full_ex/eth_xcvr_gth_full_ex.runs/impl_1/eth_xcvr_gth_full_example_top_methodology_drc_routed.rpt.
report_methodology completed successfully
INFO: [runtcl-4] Executing : report_power -file eth_xcvr_gth_full_example_top_power_routed.rpt -pb eth_xcvr_gth_full_example_top_power_summary_routed.pb -rpx eth_xcvr_gth_full_example_top_power_routed.rpx
Command: report_power -file eth_xcvr_gth_full_example_top_power_routed.rpt -pb eth_xcvr_gth_full_example_top_power_summary_routed.pb -rpx eth_xcvr_gth_full_example_top_power_routed.rpx
INFO: [Constraints 18-632] set_output_delay: No clock object specified, the clocks will be automatically identified [/home/chenxun/Documents/Project/Venturi/Vivado_example/eth_xcvr_gth_full_ex/imports/eth_xcvr_gth_full_example_top.xdc:55]
INFO: [Timing 38-35] Done setting XDC timing constraints.
Running Vector-less Activity Propagation...

Finished Running Vector-less Activity Propagation
116 Infos, 2 Warnings, 1 Critical Warnings and 0 Errors encountered.
report_power completed successfully
INFO: [runtcl-4] Executing : report_route_status -file eth_xcvr_gth_full_example_top_route_status.rpt -pb eth_xcvr_gth_full_example_top_route_status.pb
INFO: [runtcl-4] Executing : report_timing_summary -max_paths 10 -file eth_xcvr_gth_full_example_top_timing_summary_routed.rpt -pb eth_xcvr_gth_full_example_top_timing_summary_routed.pb -rpx eth_xcvr_gth_full_example_top_timing_summary_routed.rpx -warn_on_violation 
INFO: [Timing 38-91] UpdateTimingParams: Speed grade: -2, Temperature grade: E, Delay Type: min_max.
INFO: [Timing 38-191] Multithreading enabled for timing update using a maximum of 8 CPUs
CRITICAL WARNING: [Timing 38-282] The design failed to meet the timing requirements. Please see the timing summary report for details on the timing violations.
WARNING: [Timing 38-436] There are set_bus_skew constraint(s) in this design. Please run report_bus_skew to ensure that bus skew requirements are met.
INFO: [runtcl-4] Executing : report_incremental_reuse -file eth_xcvr_gth_full_example_top_incremental_reuse_routed.rpt
INFO: [Vivado_Tcl 4-1062] Incremental flow is disabled. No incremental reuse Info to report.
INFO: [runtcl-4] Executing : report_clock_utilization -file eth_xcvr_gth_full_example_top_clock_utilization_routed.rpt
INFO: [runtcl-4] Executing : report_bus_skew -warn_on_violation -file eth_xcvr_gth_full_example_top_bus_skew_routed.rpt -pb eth_xcvr_gth_full_example_top_bus_skew_routed.pb -rpx eth_xcvr_gth_full_example_top_bus_skew_routed.rpx
INFO: [Timing 38-91] UpdateTimingParams: Speed grade: -2, Temperature grade: E, Delay Type: min_max.
INFO: [Timing 38-191] Multithreading enabled for timing update using a maximum of 8 CPUs
INFO: [Common 17-206] Exiting Vivado at Fri Feb 13 22:50:17 2026...

*** Running vivado
    with args -log eth_xcvr_gth_full_example_top.vdi -applog -m64 -product Vivado -messageDb vivado.pb -mode batch -source eth_xcvr_gth_full_example_top.tcl -notrace


****** Vivado v2018.3 (64-bit)
  **** SW Build 2405991 on Thu Dec  6 23:36:41 MST 2018
  **** IP Build 2404404 on Fri Dec  7 01:43:56 MST 2018
    ** Copyright 1986-2018 Xilinx, Inc. All Rights Reserved.

source eth_xcvr_gth_full_example_top.tcl -notrace
Command: open_checkpoint eth_xcvr_gth_full_example_top_routed.dcp

Starting open_checkpoint Task

Time (s): cpu = 00:00:00.02 ; elapsed = 00:00:00.03 . Memory (MB): peak = 1355.902 ; gain = 0.000 ; free physical = 10338 ; free virtual = 23666
INFO: [Netlist 29-17] Analyzing 228 Unisim elements for replacement
INFO: [Netlist 29-28] Unisim Transformation completed in 0 CPU seconds
INFO: [Project 1-479] Netlist was created with Vivado 2018.3
INFO: [Device 21-403] Loading part xcku035-fbva676-2-e
INFO: [Project 1-570] Preparing netlist for logic optimization
INFO: [Timing 38-478] Restoring timing data from binary archive.
INFO: [Timing 38-479] Binary timing data restore complete.
INFO: [Project 1-856] Restoring constraints from binary archive.
INFO: [Project 1-853] Binary constraint restore complete.
Reading XDEF placement.
Reading placer database...
Reading XDEF routing.
Read XDEF File: Time (s): cpu = 00:00:00.17 ; elapsed = 00:00:00.21 . Memory (MB): peak = 2105.836 ; gain = 7.000 ; free physical = 9677 ; free virtual = 23006
Restored from archive | CPU: 0.210000 secs | Memory: 9.981819 MB |
Finished XDEF File Restore: Time (s): cpu = 00:00:00.18 ; elapsed = 00:00:00.21 . Memory (MB): peak = 2105.836 ; gain = 7.000 ; free physical = 9678 ; free virtual = 23006
Netlist sorting complete. Time (s): cpu = 00:00:00 ; elapsed = 00:00:00 . Memory (MB): peak = 2105.836 ; gain = 0.000 ; free physical = 9678 ; free virtual = 23006
INFO: [Project 1-111] Unisim Transformation Summary:
  A total of 154 instances were transformed.
  CFGLUT5 => CFGLUT5 (SRLC32E, SRL16E): 148 instances
  IBUF => IBUF (IBUFCTRL, INBUF): 1 instances
  IBUFDS => IBUFDS (DIFFINBUF, IBUFCTRL): 1 instances
  RAM32M16 => RAM32M16 (RAMD32, RAMD32, RAMD32, RAMD32, RAMD32, RAMD32, RAMD32, RAMD32, RAMD32, RAMD32, RAMD32, RAMD32, RAMD32, RAMD32, RAMS32, RAMS32): 4 instances

INFO: [Project 1-604] Checkpoint was created with Vivado v2018.3 (64-bit) build 2405991
open_checkpoint: Time (s): cpu = 00:00:05 ; elapsed = 00:00:08 . Memory (MB): peak = 2105.836 ; gain = 749.934 ; free physical = 9678 ; free virtual = 23006
Command: write_bitstream -force eth_xcvr_gth_full_example_top.bit
Attempting to get a license for feature 'Implementation' and/or device 'xcku035'
INFO: [Common 17-349] Got license for feature 'Implementation' and/or device 'xcku035'
Running DRC as a precondition to command write_bitstream
INFO: [IP_Flow 19-234] Refreshing IP repositories
INFO: [IP_Flow 19-1704] No user IP repositories specified
INFO: [IP_Flow 19-2313] Loaded Vivado IP repository '/home/chenxun/Vivado/Vivado/2018.3/data/ip'.
INFO: [DRC 23-27] Running DRC with 8 threads
WARNING: [DRC RTSTAT-10] No routable loads: 31 net(s) have no routable loads. The problem bus(es) and/or net(s) are dbg_hub/inst/BSCANID.u_xsdbm_id/CORE_XSDB.UUT_MASTER/U_ICON_INTERFACE/U_CMD6_RD/U_RD_FIFO/SUBCORE_FIFO.xsdbm_v3_0_0_rdfifo_inst/inst_fifo_gen/gconvfifo.rf/grf.rf/gntv_or_sync_fifo.gl0.rd/gr1.gr1_int.rfwft/aempty_fwft_i, dbg_hub/inst/BSCANID.u_xsdbm_id/CORE_XSDB.UUT_MASTER/U_ICON_INTERFACE/U_CMD7_CTL/ctl_reg[2:0], dbg_hub/inst/BSCANID.u_xsdbm_id/CORE_XSDB.UUT_MASTER/U_ICON_INTERFACE/U_CMD7_CTL/ctl_reg_en_2[1], dbg_hub/inst/BSCANID.u_xsdbm_id/CORE_XSDB.UUT_MASTER/U_ICON_INTERFACE/U_CMD1/ctl_reg_en_2[1], dbg_hub/inst/BSCANID.u_xsdbm_id/SWITCH_N_EXT_BSCAN.bscan_switch/m_bscan_capture[0], dbg_hub/inst/BSCANID.u_xsdbm_id/SWITCH_N_EXT_BSCAN.bscan_switch/m_bscan_drck[0], dbg_hub/inst/BSCANID.u_xsdbm_id/SWITCH_N_EXT_BSCAN.bscan_switch/m_bscan_runtest[0], dbg_hub/inst/BSCANID.u_xsdbm_id/CORE_XSDB.UUT_MASTER/U_ICON_INTERFACE/U_CMD6_WR/U_WR_FIFO/SUBCORE_FIFO.xsdbm_v3_0_0_wrfifo_inst/inst_fifo_gen/gconvfifo.rf/grf.rf/gntv_or_sync_fifo.gl0.wr/gwhf.whf/overflow, dbg_hub/inst/BSCANID.u_xsdbm_id/CORE_XSDB.UUT_MASTER/U_ICON_INTERFACE/U_CMD6_RD/U_RD_FIFO/SUBCORE_FIFO.xsdbm_v3_0_0_rdfifo_inst/inst_fifo_gen/gconvfifo.rf/grf.rf/gntv_or_sync_fifo.gl0.wr/gwhf.whf/overflow, dbg_hub/inst/BSCANID.u_xsdbm_id/CORE_XSDB.UUT_MASTER/U_ICON_INTERFACE/U_CMD6_RD/U_RD_FIFO/SUBCORE_FIFO.xsdbm_v3_0_0_rdfifo_inst/inst_fifo_gen/gconvfifo.rf/grf.rf/gntv_or_sync_fifo.gl0.rd/gras.rsts/ram_empty_i, dbg_hub/inst/BSCANID.u_xsdbm_id/CORE_XSDB.UUT_MASTER/U_ICON_INTERFACE/U_CMD6_WR/U_WR_FIFO/SUBCORE_FIFO.xsdbm_v3_0_0_wrfifo_inst/inst_fifo_gen/gconvfifo.rf/grf.rf/gntv_or_sync_fifo.gl0.wr/gwas.wsts/ram_full_i, dbg_hub/inst/BSCANID.u_xsdbm_id/CORE_XSDB.UUT_MASTER/U_ICON_INTERFACE/U_CMD6_WR/U_WR_FIFO/SUBCORE_FIFO.xsdbm_v3_0_0_wrfifo_inst/inst_fifo_gen/gconvfifo.rf/grf.rf/rstblk/rd_rst_reg[0], dbg_hub/inst/BSCANID.u_xsdbm_id/SWITCH_N_EXT_BSCAN.bscan_inst/s_bscan_tms, ila_inst/inst/ila_core_inst/u_ila_regs/U_XSDB_SLAVE/s_daddr_o[13], ila_xgmii_rx_inst/inst/ila_core_inst/u_ila_regs/U_XSDB_SLAVE/s_daddr_o[13]... and (the first 15 of 29 listed).
INFO: [Vivado 12-3199] DRC finished with 0 Errors, 1 Warnings
INFO: [Vivado 12-3200] Please refer to the DRC report (report_drc) for more information.
INFO: [Designutils 20-2272] Running write_bitstream with 8 threads.
Loading data files...
Loading site data...
Loading route data...
Processing options...
Creating bitmap...
Creating bitstream...
Bitstream compression saved 102410240 bits.
Writing bitstream ./eth_xcvr_gth_full_example_top.bit...
INFO: [Vivado 12-1842] Bitgen Completed Successfully.
INFO: [Project 1-120] WebTalk data collection is mandatory when using a WebPACK part without a full Vivado license. To see the specific WebTalk data collected for your design, open the usage_statistics_webtalk.html or usage_statistics_webtalk.xml file in the implementation directory.
INFO: [Common 17-83] Releasing license: Implementation
22 Infos, 1 Warnings, 0 Critical Warnings and 0 Errors encountered.
write_bitstream completed successfully
write_bitstream: Time (s): cpu = 00:00:08 ; elapsed = 00:02:21 . Memory (MB): peak = 2508.906 ; gain = 402.070 ; free physical = 9710 ; free virtual = 23041
INFO: [Common 17-206] Exiting Vivado at Fri Feb 13 22:53:08 2026...
