#-----------------------------------------------------------
# Vivado v2018.3 (64-bit)
# SW Build 2405991 on Thu Dec  6 23:36:41 MST 2018
# IP Build 2404404 on Fri Dec  7 01:43:56 MST 2018
# Start of session at: Sat Mar 14 21:33:43 2026
# Process ID: 3466136
# Current directory: /home/chenxun/Documents/Project/Venturi
# Command line: vivado -mode batch -source /tmp/venturi_program_fpga.tcl
# Log file: /home/chenxun/Documents/Project/Venturi/vivado.log
# Journal file: /home/chenxun/Documents/Project/Venturi/vivado.jou
#-----------------------------------------------------------
source /tmp/venturi_program_fpga.tcl
# open_hw
# connect_hw_server
INFO: [Labtools 27-2285] Connecting to hw_server url TCP:localhost:3121
INFO: [Labtools 27-2222] Launching hw_server...
INFO: [Labtools 27-2221] Launch Output:

****** Xilinx hw_server v2018.3
  **** Build date : Dec  6 2018-23:53:53
    ** Copyright 1986-2018 Xilinx, Inc. All Rights Reserved.


# open_hw_target
INFO: [Labtoolstcl 44-466] Opening hw_target localhost:3121/xilinx_tcf/Digilent/D17610F5ABCD
# current_hw_device [lindex [get_hw_devices] 0]
# refresh_hw_device -update_hw_probes false [current_hw_device]
INFO: [Labtools 27-2302] Device xcku035 (JTAG device index = 0) is programmed with a design that has 1 ILA core(s).
# set_property PROGRAM.FILE {/home/chenxun/Documents/Project/Venturi/Vivado/Venturi.runs/impl_1/top.bit} [current_hw_device]
# program_hw_devices [current_hw_device]
INFO: [Labtools 27-3164] End of startup status: HIGH
# refresh_hw_device [current_hw_device]
INFO: [Labtools 27-1434] Device xcku035 (JTAG device index = 0) is programmed with a design that has no supported debug core(s) in it.
# puts "PROGRAMMED:[current_hw_device]"
PROGRAMMED:xcku035_0
# close_hw_target
INFO: [Labtoolstcl 44-464] Closing hw_target localhost:3121/xilinx_tcf/Digilent/D17610F5ABCD
# disconnect_hw_server
# close_hw
****** Webtalk v2018.3 (64-bit)
  **** SW Build 2405991 on Thu Dec  6 23:36:41 MST 2018
  **** IP Build 2404404 on Fri Dec  7 01:43:56 MST 2018
    ** Copyright 1986-2018 Xilinx, Inc. All Rights Reserved.

source /home/chenxun/Documents/Project/Venturi/.Xil/Vivado-3466136-chenxun-Z790-UD-AC/webtalk/labtool_webtalk.tcl -notrace
INFO: [Common 17-206] Exiting Webtalk at Sat Mar 14 21:33:50 2026...
INFO: [Common 17-206] Exiting Vivado at Sat Mar 14 21:33:50 2026...
