#-----------------------------------------------------------
# Vivado v2018.3 (64-bit)
# SW Build 2405991 on Thu Dec  6 23:36:41 MST 2018
# IP Build 2404404 on Fri Dec  7 01:43:56 MST 2018
# Start of session at: Sat Mar 14 18:20:38 2026
# Process ID: 3051878
# Current directory: /home/chenxun/Documents/Project/Venturi
# Command line: vivado -mode batch -source /tmp/venturi_synth_check.tcl
# Log file: /home/chenxun/Documents/Project/Venturi/vivado.log
# Journal file: /home/chenxun/Documents/Project/Venturi/vivado.jou
#-----------------------------------------------------------
source /tmp/venturi_synth_check.tcl
# open_project /home/chenxun/Documents/Project/Venturi/Vivado/Venturi.xpr
Scanning sources...
Finished scanning sources
INFO: [IP_Flow 19-234] Refreshing IP repositories
INFO: [IP_Flow 19-1704] No user IP repositories specified
INFO: [IP_Flow 19-2313] Loaded Vivado IP repository '/home/chenxun/Vivado/Vivado/2018.3/data/ip'.
# reset_run synth_1
# launch_runs synth_1 -jobs 8
[Sat Mar 14 18:20:43 2026] Launched synth_1...
Run output will be captured here: /home/chenxun/Documents/Project/Venturi/Vivado/Venturi.runs/synth_1/runme.log
# wait_on_run synth_1
[Sat Mar 14 18:20:43 2026] Waiting for synth_1 to finish...

*** Running vivado
    with args -log order_book_builder.vds -m64 -product Vivado -mode batch -messageDb vivado.pb -notrace -source order_book_builder.tcl


****** Vivado v2018.3 (64-bit)
  **** SW Build 2405991 on Thu Dec  6 23:36:41 MST 2018
  **** IP Build 2404404 on Fri Dec  7 01:43:56 MST 2018
    ** Copyright 1986-2018 Xilinx, Inc. All Rights Reserved.

source order_book_builder.tcl -notrace
Command: synth_design -top order_book_builder -part xcku035-fbva676-2-e
Starting synth_design
Attempting to get a license for feature 'Synthesis' and/or device 'xcku035'
INFO: [Common 17-349] Got license for feature 'Synthesis' and/or device 'xcku035'
INFO: Launching helper process for spawning children vivado processes
INFO: Helper process launched with PID 3052279 
---------------------------------------------------------------------------------
Starting RTL Elaboration : Time (s): cpu = 00:00:00.69 ; elapsed = 00:00:00.89 . Memory (MB): peak = 1380.316 ; gain = 25.027 ; free physical = 8412 ; free virtual = 29051
---------------------------------------------------------------------------------
INFO: [Synth 8-6157] synthesizing module 'order_book_builder' [/home/chenxun/Documents/Project/Venturi/verilog_src/order_book_related/order_book_builder.v:1]
	Parameter STOCK_BITS bound to: 6 - type: integer 
	Parameter PRICE_BITS bound to: 10 - type: integer 
	Parameter SYMBOL_NUM bound to: 2 - type: integer 
	Parameter PARSER_MSG_BIT bound to: 283 - type: integer 
	Parameter EVENT_FIFO_DEPTH bound to: 2 - type: integer 
	Parameter PAYLOAD_W bound to: 274 - type: integer 
	Parameter NULL bound to: 2'b00 
	Parameter BUY bound to: 2'b01 
	Parameter SELL bound to: 2'b10 
INFO: [Synth 8-6157] synthesizing module 'symbol_book' [/home/chenxun/Documents/Project/Venturi/verilog_src/order_book_related/dependencies/symbol_book.v:2]
	Parameter QTY_SHARE_BIT bound to: 32 - type: integer 
	Parameter QTY_PRICE_LVL_BIT bound to: 8 - type: integer 
	Parameter BOOK_LEVEL_BIT bound to: 12 - type: integer 
	Parameter PRICE_BASE bound to: 0 - type: integer 
	Parameter STOCK_LOCATE bound to: 16'b0000000000001101 
	Parameter PARSER_MSG_BIT bound to: 283 - type: integer 
	Parameter EVENT_FIFO_DEPTH bound to: 2 - type: integer 
	Parameter QTY_MSG_BIT bound to: 131 - type: integer 
	Parameter PAYLOAD_W bound to: 274 - type: integer 
INFO: [Synth 8-6157] synthesizing module 'fifo' [/home/chenxun/Documents/Project/Venturi/verilog_src/order_book_related/dependencies/fifo.v:1]
	Parameter DEPTH bound to: 2 - type: integer 
	Parameter DATA_W bound to: 274 - type: integer 
	Parameter ADDR bound to: 1 - type: integer 
	Parameter CNT_W bound to: 2 - type: integer 
INFO: [Synth 8-6155] done synthesizing module 'fifo' (1#1) [/home/chenxun/Documents/Project/Venturi/verilog_src/order_book_related/dependencies/fifo.v:1]
INFO: [Synth 8-6157] synthesizing module 'book_builder' [/home/chenxun/Documents/Project/Venturi/verilog_src/order_book_related/dependencies/book_builder.v:1]
	Parameter BOOK_LEVEL_BIT bound to: 12 - type: integer 
	Parameter PARSER_MSG_BIT bound to: 283 - type: integer 
	Parameter QTY_MSG_BIT bound to: 131 - type: integer 
	Parameter ORDER_BOOK_WIDTH bound to: 67 - type: integer 
	Parameter TYPE_A bound to: 8'b01000001 
	Parameter TYPE_X bound to: 8'b01011000 
	Parameter TYPE_D bound to: 8'b01000100 
	Parameter TYPE_U bound to: 8'b01010101 
	Parameter TYPE_E bound to: 8'b01000101 
	Parameter TYPE_F bound to: 8'b01000110 
	Parameter TYPE_C bound to: 8'b01000011 
	Parameter IDLE bound to: 2'b00 
	Parameter FIRST_CYCLE bound to: 2'b01 
	Parameter SECOND_CYCLE bound to: 2'b10 
	Parameter THIRD_CYCLE bound to: 2'b11 
	Parameter READ bound to: 2'b01 
	Parameter WRITE bound to: 2'b10 
	Parameter BID bound to: 2'b01 
	Parameter ASK bound to: 2'b10 
INFO: [Synth 8-6157] synthesizing module 'fifo__parameterized0' [/home/chenxun/Documents/Project/Venturi/verilog_src/order_book_related/dependencies/fifo.v:1]
	Parameter DEPTH bound to: 8 - type: integer 
	Parameter DATA_W bound to: 283 - type: integer 
	Parameter ADDR bound to: 3 - type: integer 
	Parameter CNT_W bound to: 4 - type: integer 
INFO: [Synth 8-6155] done synthesizing module 'fifo__parameterized0' (1#1) [/home/chenxun/Documents/Project/Venturi/verilog_src/order_book_related/dependencies/fifo.v:1]
INFO: [Synth 8-6157] synthesizing module 'bram' [/home/chenxun/Documents/Project/Venturi/verilog_src/order_book_related/dependencies/bram.v:1]
	Parameter ADDR_WIDTH bound to: 12 - type: integer 
	Parameter DATA_WIDTH bound to: 67 - type: integer 
	Parameter IDLE bound to: 2'b00 
	Parameter READ bound to: 2'b01 
	Parameter WRITE bound to: 2'b10 
INFO: [Synth 8-5534] Detected attribute (* ram_style = "block" *) [/home/chenxun/Documents/Project/Venturi/verilog_src/order_book_related/dependencies/bram.v:20]
INFO: [Synth 8-6155] done synthesizing module 'bram' (2#1) [/home/chenxun/Documents/Project/Venturi/verilog_src/order_book_related/dependencies/bram.v:1]
INFO: [Synth 8-226] default block is never used [/home/chenxun/Documents/Project/Venturi/verilog_src/order_book_related/dependencies/book_builder.v:111]
INFO: [Synth 8-6155] done synthesizing module 'book_builder' (3#1) [/home/chenxun/Documents/Project/Venturi/verilog_src/order_book_related/dependencies/book_builder.v:1]
INFO: [Synth 8-6157] synthesizing module 'qty_book_wrapper' [/home/chenxun/Documents/Project/Venturi/verilog_src/order_book_related/dependencies/qty_book_wrapper.v:1]
	Parameter QTY_MSG_BIT bound to: 131 - type: integer 
	Parameter QTY_PRICE_LVL_BIT bound to: 8 - type: integer 
	Parameter QTY_SHARE_BIT bound to: 32 - type: integer 
	Parameter PRICE_BASE bound to: 0 - type: integer 
	Parameter BID_OR_ASK bound to: 2'b10 
	Parameter IDLE bound to: 2'b00 
	Parameter READ bound to: 2'b01 
	Parameter WRITE bound to: 2'b10 
INFO: [Synth 8-6157] synthesizing module 'qty_builder' [/home/chenxun/Documents/Project/Venturi/verilog_src/order_book_related/dependencies/qty_builder.v:1]
	Parameter QTY_MSG_BIT bound to: 131 - type: integer 
	Parameter QTY_PRICE_LVL_BIT bound to: 8 - type: integer 
	Parameter QTY_SHARE_BIT bound to: 32 - type: integer 
	Parameter PRICE_BASE bound to: 0 - type: integer 
	Parameter BID_OR_ASK bound to: 2'b10 
	Parameter IDLE bound to: 2'b00 
	Parameter FIRST_CYCLE bound to: 2'b01 
	Parameter SECOND_CYCLE bound to: 2'b10 
	Parameter READ bound to: 2'b01 
	Parameter WRITE bound to: 2'b10 
	Parameter EMPTY bound to: 2'b01 
	Parameter NON_EMPTY bound to: 2'b10 
	Parameter PRICE_DEPTH bound to: 256 - type: integer 
INFO: [Synth 8-6157] synthesizing module 'fifo__parameterized1' [/home/chenxun/Documents/Project/Venturi/verilog_src/order_book_related/dependencies/fifo.v:1]
	Parameter DEPTH bound to: 8 - type: integer 
	Parameter DATA_W bound to: 131 - type: integer 
	Parameter ADDR bound to: 3 - type: integer 
	Parameter CNT_W bound to: 4 - type: integer 
INFO: [Synth 8-6155] done synthesizing module 'fifo__parameterized1' (3#1) [/home/chenxun/Documents/Project/Venturi/verilog_src/order_book_related/dependencies/fifo.v:1]
INFO: [Synth 8-6155] done synthesizing module 'qty_builder' (4#1) [/home/chenxun/Documents/Project/Venturi/verilog_src/order_book_related/dependencies/qty_builder.v:1]
INFO: [Synth 8-6157] synthesizing module 'tree_builder' [/home/chenxun/Documents/Project/Venturi/verilog_src/order_book_related/dependencies/tree_builder.v:1]
	Parameter QTY_PRICE_LVL_BIT bound to: 8 - type: integer 
	Parameter BID_OR_ASK bound to: 2'b10 
	Parameter IDLE bound to: 2'b00 
	Parameter EMPTY bound to: 2'b01 
	Parameter NON_EMPTY bound to: 2'b10 
	Parameter LEVELS bound to: 8 - type: integer 
	Parameter LAST_COUNT bound to: 256 - type: integer 
	Parameter MID_LEVEL bound to: 4 - type: integer 
	Parameter MID_COUNT bound to: 16 - type: integer 
	Parameter FIFO_DATA_W bound to: 10 - type: integer 
	Parameter UPPER_MAX_COUNT bound to: 128 - type: integer 
	Parameter LOWER_LEVELS bound to: 4 - type: integer 
	Parameter LOWER_MAX_COUNT bound to: 8 - type: integer 
WARNING: [Synth 8-5788] Register btm_valid_reg[0] in module tree_builder is has both Set and reset with same priority. This may cause simulation mismatches. Consider rewriting code  [/home/chenxun/Documents/Project/Venturi/verilog_src/order_book_related/dependencies/tree_builder.v:42]
WARNING: [Synth 8-5788] Register btm_valid_reg[1] in module tree_builder is has both Set and reset with same priority. This may cause simulation mismatches. Consider rewriting code  [/home/chenxun/Documents/Project/Venturi/verilog_src/order_book_related/dependencies/tree_builder.v:42]
WARNING: [Synth 8-5788] Register btm_valid_reg[2] in module tree_builder is has both Set and reset with same priority. This may cause simulation mismatches. Consider rewriting code  [/home/chenxun/Documents/Project/Venturi/verilog_src/order_book_related/dependencies/tree_builder.v:42]
WARNING: [Synth 8-5788] Register btm_valid_reg[3] in module tree_builder is has both Set and reset with same priority. This may cause simulation mismatches. Consider rewriting code  [/home/chenxun/Documents/Project/Venturi/verilog_src/order_book_related/dependencies/tree_builder.v:42]
WARNING: [Synth 8-5788] Register btm_valid_reg[4] in module tree_builder is has both Set and reset with same priority. This may cause simulation mismatches. Consider rewriting code  [/home/chenxun/Documents/Project/Venturi/verilog_src/order_book_related/dependencies/tree_builder.v:42]
WARNING: [Synth 8-5788] Register btm_valid_reg[5] in module tree_builder is has both Set and reset with same priority. This may cause simulation mismatches. Consider rewriting code  [/home/chenxun/Documents/Project/Venturi/verilog_src/order_book_related/dependencies/tree_builder.v:42]
WARNING: [Synth 8-5788] Register btm_valid_reg[6] in module tree_builder is has both Set and reset with same priority. This may cause simulation mismatches. Consider rewriting code  [/home/chenxun/Documents/Project/Venturi/verilog_src/order_book_related/dependencies/tree_builder.v:42]
WARNING: [Synth 8-5788] Register btm_valid_reg[7] in module tree_builder is has both Set and reset with same priority. This may cause simulation mismatches. Consider rewriting code  [/home/chenxun/Documents/Project/Venturi/verilog_src/order_book_related/dependencies/tree_builder.v:42]
WARNING: [Synth 8-5788] Register btm_valid_reg[8] in module tree_builder is has both Set and reset with same priority. This may cause simulation mismatches. Consider rewriting code  [/home/chenxun/Documents/Project/Venturi/verilog_src/order_book_related/dependencies/tree_builder.v:42]
WARNING: [Synth 8-5788] Register btm_valid_reg[9] in module tree_builder is has both Set and reset with same priority. This may cause simulation mismatches. Consider rewriting code  [/home/chenxun/Documents/Project/Venturi/verilog_src/order_book_related/dependencies/tree_builder.v:42]
WARNING: [Synth 8-5788] Register btm_valid_reg[10] in module tree_builder is has both Set and reset with same priority. This may cause simulation mismatches. Consider rewriting code  [/home/chenxun/Documents/Project/Venturi/verilog_src/order_book_related/dependencies/tree_builder.v:42]
WARNING: [Synth 8-5788] Register btm_valid_reg[11] in module tree_builder is has both Set and reset with same priority. This may cause simulation mismatches. Consider rewriting code  [/home/chenxun/Documents/Project/Venturi/verilog_src/order_book_related/dependencies/tree_builder.v:42]
WARNING: [Synth 8-5788] Register btm_valid_reg[12] in module tree_builder is has both Set and reset with same priority. This may cause simulation mismatches. Consider rewriting code  [/home/chenxun/Documents/Project/Venturi/verilog_src/order_book_related/dependencies/tree_builder.v:42]
WARNING: [Synth 8-5788] Register btm_valid_reg[13] in module tree_builder is has both Set and reset with same priority. This may cause simulation mismatches. Consider rewriting code  [/home/chenxun/Documents/Project/Venturi/verilog_src/order_book_related/dependencies/tree_builder.v:42]
WARNING: [Synth 8-5788] Register btm_valid_reg[14] in module tree_builder is has both Set and reset with same priority. This may cause simulation mismatches. Consider rewriting code  [/home/chenxun/Documents/Project/Venturi/verilog_src/order_book_related/dependencies/tree_builder.v:42]
WARNING: [Synth 8-5788] Register btm_valid_reg[15] in module tree_builder is has both Set and reset with same priority. This may cause simulation mismatches. Consider rewriting code  [/home/chenxun/Documents/Project/Venturi/verilog_src/order_book_related/dependencies/tree_builder.v:42]
WARNING: [Synth 8-5788] Register btm_valid_reg[16] in module tree_builder is has both Set and reset with same priority. This may cause simulation mismatches. Consider rewriting code  [/home/chenxun/Documents/Project/Venturi/verilog_src/order_book_related/dependencies/tree_builder.v:42]
WARNING: [Synth 8-5788] Register btm_valid_reg[17] in module tree_builder is has both Set and reset with same priority. This may cause simulation mismatches. Consider rewriting code  [/home/chenxun/Documents/Project/Venturi/verilog_src/order_book_related/dependencies/tree_builder.v:42]
WARNING: [Synth 8-5788] Register btm_valid_reg[18] in module tree_builder is has both Set and reset with same priority. This may cause simulation mismatches. Consider rewriting code  [/home/chenxun/Documents/Project/Venturi/verilog_src/order_book_related/dependencies/tree_builder.v:42]
WARNING: [Synth 8-5788] Register btm_valid_reg[19] in module tree_builder is has both Set and reset with same priority. This may cause simulation mismatches. Consider rewriting code  [/home/chenxun/Documents/Project/Venturi/verilog_src/order_book_related/dependencies/tree_builder.v:42]
WARNING: [Synth 8-5788] Register btm_valid_reg[20] in module tree_builder is has both Set and reset with same priority. This may cause simulation mismatches. Consider rewriting code  [/home/chenxun/Documents/Project/Venturi/verilog_src/order_book_related/dependencies/tree_builder.v:42]
WARNING: [Synth 8-5788] Register btm_valid_reg[21] in module tree_builder is has both Set and reset with same priority. This may cause simulation mismatches. Consider rewriting code  [/home/chenxun/Documents/Project/Venturi/verilog_src/order_book_related/dependencies/tree_builder.v:42]
WARNING: [Synth 8-5788] Register btm_valid_reg[22] in module tree_builder is has both Set and reset with same priority. This may cause simulation mismatches. Consider rewriting code  [/home/chenxun/Documents/Project/Venturi/verilog_src/order_book_related/dependencies/tree_builder.v:42]
WARNING: [Synth 8-5788] Register btm_valid_reg[23] in module tree_builder is has both Set and reset with same priority. This may cause simulation mismatches. Consider rewriting code  [/home/chenxun/Documents/Project/Venturi/verilog_src/order_book_related/dependencies/tree_builder.v:42]
WARNING: [Synth 8-5788] Register btm_valid_reg[24] in module tree_builder is has both Set and reset with same priority. This may cause simulation mismatches. Consider rewriting code  [/home/chenxun/Documents/Project/Venturi/verilog_src/order_book_related/dependencies/tree_builder.v:42]
WARNING: [Synth 8-5788] Register btm_valid_reg[25] in module tree_builder is has both Set and reset with same priority. This may cause simulation mismatches. Consider rewriting code  [/home/chenxun/Documents/Project/Venturi/verilog_src/order_book_related/dependencies/tree_builder.v:42]
WARNING: [Synth 8-5788] Register btm_valid_reg[26] in module tree_builder is has both Set and reset with same priority. This may cause simulation mismatches. Consider rewriting code  [/home/chenxun/Documents/Project/Venturi/verilog_src/order_book_related/dependencies/tree_builder.v:42]
WARNING: [Synth 8-5788] Register btm_valid_reg[27] in module tree_builder is has both Set and reset with same priority. This may cause simulation mismatches. Consider rewriting code  [/home/chenxun/Documents/Project/Venturi/verilog_src/order_book_related/dependencies/tree_builder.v:42]
WARNING: [Synth 8-5788] Register btm_valid_reg[28] in module tree_builder is has both Set and reset with same priority. This may cause simulation mismatches. Consider rewriting code  [/home/chenxun/Documents/Project/Venturi/verilog_src/order_book_related/dependencies/tree_builder.v:42]
WARNING: [Synth 8-5788] Register btm_valid_reg[29] in module tree_builder is has both Set and reset with same priority. This may cause simulation mismatches. Consider rewriting code  [/home/chenxun/Documents/Project/Venturi/verilog_src/order_book_related/dependencies/tree_builder.v:42]
WARNING: [Synth 8-5788] Register btm_valid_reg[30] in module tree_builder is has both Set and reset with same priority. This may cause simulation mismatches. Consider rewriting code  [/home/chenxun/Documents/Project/Venturi/verilog_src/order_book_related/dependencies/tree_builder.v:42]
WARNING: [Synth 8-5788] Register btm_valid_reg[31] in module tree_builder is has both Set and reset with same priority. This may cause simulation mismatches. Consider rewriting code  [/home/chenxun/Documents/Project/Venturi/verilog_src/order_book_related/dependencies/tree_builder.v:42]
WARNING: [Synth 8-5788] Register btm_valid_reg[32] in module tree_builder is has both Set and reset with same priority. This may cause simulation mismatches. Consider rewriting code  [/home/chenxun/Documents/Project/Venturi/verilog_src/order_book_related/dependencies/tree_builder.v:42]
WARNING: [Synth 8-5788] Register btm_valid_reg[33] in module tree_builder is has both Set and reset with same priority. This may cause simulation mismatches. Consider rewriting code  [/home/chenxun/Documents/Project/Venturi/verilog_src/order_book_related/dependencies/tree_builder.v:42]
WARNING: [Synth 8-5788] Register btm_valid_reg[34] in module tree_builder is has both Set and reset with same priority. This may cause simulation mismatches. Consider rewriting code  [/home/chenxun/Documents/Project/Venturi/verilog_src/order_book_related/dependencies/tree_builder.v:42]
WARNING: [Synth 8-5788] Register btm_valid_reg[35] in module tree_builder is has both Set and reset with same priority. This may cause simulation mismatches. Consider rewriting code  [/home/chenxun/Documents/Project/Venturi/verilog_src/order_book_related/dependencies/tree_builder.v:42]
WARNING: [Synth 8-5788] Register btm_valid_reg[36] in module tree_builder is has both Set and reset with same priority. This may cause simulation mismatches. Consider rewriting code  [/home/chenxun/Documents/Project/Venturi/verilog_src/order_book_related/dependencies/tree_builder.v:42]
WARNING: [Synth 8-5788] Register btm_valid_reg[37] in module tree_builder is has both Set and reset with same priority. This may cause simulation mismatches. Consider rewriting code  [/home/chenxun/Documents/Project/Venturi/verilog_src/order_book_related/dependencies/tree_builder.v:42]
WARNING: [Synth 8-5788] Register btm_valid_reg[38] in module tree_builder is has both Set and reset with same priority. This may cause simulation mismatches. Consider rewriting code  [/home/chenxun/Documents/Project/Venturi/verilog_src/order_book_related/dependencies/tree_builder.v:42]
WARNING: [Synth 8-5788] Register btm_valid_reg[39] in module tree_builder is has both Set and reset with same priority. This may cause simulation mismatches. Consider rewriting code  [/home/chenxun/Documents/Project/Venturi/verilog_src/order_book_related/dependencies/tree_builder.v:42]
WARNING: [Synth 8-5788] Register btm_valid_reg[40] in module tree_builder is has both Set and reset with same priority. This may cause simulation mismatches. Consider rewriting code  [/home/chenxun/Documents/Project/Venturi/verilog_src/order_book_related/dependencies/tree_builder.v:42]
WARNING: [Synth 8-5788] Register btm_valid_reg[41] in module tree_builder is has both Set and reset with same priority. This may cause simulation mismatches. Consider rewriting code  [/home/chenxun/Documents/Project/Venturi/verilog_src/order_book_related/dependencies/tree_builder.v:42]
WARNING: [Synth 8-5788] Register btm_valid_reg[42] in module tree_builder is has both Set and reset with same priority. This may cause simulation mismatches. Consider rewriting code  [/home/chenxun/Documents/Project/Venturi/verilog_src/order_book_related/dependencies/tree_builder.v:42]
WARNING: [Synth 8-5788] Register btm_valid_reg[43] in module tree_builder is has both Set and reset with same priority. This may cause simulation mismatches. Consider rewriting code  [/home/chenxun/Documents/Project/Venturi/verilog_src/order_book_related/dependencies/tree_builder.v:42]
WARNING: [Synth 8-5788] Register btm_valid_reg[44] in module tree_builder is has both Set and reset with same priority. This may cause simulation mismatches. Consider rewriting code  [/home/chenxun/Documents/Project/Venturi/verilog_src/order_book_related/dependencies/tree_builder.v:42]
WARNING: [Synth 8-5788] Register btm_valid_reg[45] in module tree_builder is has both Set and reset with same priority. This may cause simulation mismatches. Consider rewriting code  [/home/chenxun/Documents/Project/Venturi/verilog_src/order_book_related/dependencies/tree_builder.v:42]
WARNING: [Synth 8-5788] Register btm_valid_reg[46] in module tree_builder is has both Set and reset with same priority. This may cause simulation mismatches. Consider rewriting code  [/home/chenxun/Documents/Project/Venturi/verilog_src/order_book_related/dependencies/tree_builder.v:42]
WARNING: [Synth 8-5788] Register btm_valid_reg[47] in module tree_builder is has both Set and reset with same priority. This may cause simulation mismatches. Consider rewriting code  [/home/chenxun/Documents/Project/Venturi/verilog_src/order_book_related/dependencies/tree_builder.v:42]
WARNING: [Synth 8-5788] Register btm_valid_reg[48] in module tree_builder is has both Set and reset with same priority. This may cause simulation mismatches. Consider rewriting code  [/home/chenxun/Documents/Project/Venturi/verilog_src/order_book_related/dependencies/tree_builder.v:42]
WARNING: [Synth 8-5788] Register btm_valid_reg[49] in module tree_builder is has both Set and reset with same priority. This may cause simulation mismatches. Consider rewriting code  [/home/chenxun/Documents/Project/Venturi/verilog_src/order_book_related/dependencies/tree_builder.v:42]
WARNING: [Synth 8-5788] Register btm_valid_reg[50] in module tree_builder is has both Set and reset with same priority. This may cause simulation mismatches. Consider rewriting code  [/home/chenxun/Documents/Project/Venturi/verilog_src/order_book_related/dependencies/tree_builder.v:42]
WARNING: [Synth 8-5788] Register btm_valid_reg[51] in module tree_builder is has both Set and reset with same priority. This may cause simulation mismatches. Consider rewriting code  [/home/chenxun/Documents/Project/Venturi/verilog_src/order_book_related/dependencies/tree_builder.v:42]
WARNING: [Synth 8-5788] Register btm_valid_reg[52] in module tree_builder is has both Set and reset with same priority. This may cause simulation mismatches. Consider rewriting code  [/home/chenxun/Documents/Project/Venturi/verilog_src/order_book_related/dependencies/tree_builder.v:42]
WARNING: [Synth 8-5788] Register btm_valid_reg[53] in module tree_builder is has both Set and reset with same priority. This may cause simulation mismatches. Consider rewriting code  [/home/chenxun/Documents/Project/Venturi/verilog_src/order_book_related/dependencies/tree_builder.v:42]
WARNING: [Synth 8-5788] Register btm_valid_reg[54] in module tree_builder is has both Set and reset with same priority. This may cause simulation mismatches. Consider rewriting code  [/home/chenxun/Documents/Project/Venturi/verilog_src/order_book_related/dependencies/tree_builder.v:42]
WARNING: [Synth 8-5788] Register btm_valid_reg[55] in module tree_builder is has both Set and reset with same priority. This may cause simulation mismatches. Consider rewriting code  [/home/chenxun/Documents/Project/Venturi/verilog_src/order_book_related/dependencies/tree_builder.v:42]
WARNING: [Synth 8-5788] Register btm_valid_reg[56] in module tree_builder is has both Set and reset with same priority. This may cause simulation mismatches. Consider rewriting code  [/home/chenxun/Documents/Project/Venturi/verilog_src/order_book_related/dependencies/tree_builder.v:42]
WARNING: [Synth 8-5788] Register btm_valid_reg[57] in module tree_builder is has both Set and reset with same priority. This may cause simulation mismatches. Consider rewriting code  [/home/chenxun/Documents/Project/Venturi/verilog_src/order_book_related/dependencies/tree_builder.v:42]
WARNING: [Synth 8-5788] Register btm_valid_reg[58] in module tree_builder is has both Set and reset with same priority. This may cause simulation mismatches. Consider rewriting code  [/home/chenxun/Documents/Project/Venturi/verilog_src/order_book_related/dependencies/tree_builder.v:42]
WARNING: [Synth 8-5788] Register btm_valid_reg[59] in module tree_builder is has both Set and reset with same priority. This may cause simulation mismatches. Consider rewriting code  [/home/chenxun/Documents/Project/Venturi/verilog_src/order_book_related/dependencies/tree_builder.v:42]
WARNING: [Synth 8-5788] Register btm_valid_reg[60] in module tree_builder is has both Set and reset with same priority. This may cause simulation mismatches. Consider rewriting code  [/home/chenxun/Documents/Project/Venturi/verilog_src/order_book_related/dependencies/tree_builder.v:42]
WARNING: [Synth 8-5788] Register btm_valid_reg[61] in module tree_builder is has both Set and reset with same priority. This may cause simulation mismatches. Consider rewriting code  [/home/chenxun/Documents/Project/Venturi/verilog_src/order_book_related/dependencies/tree_builder.v:42]
WARNING: [Synth 8-5788] Register btm_valid_reg[62] in module tree_builder is has both Set and reset with same priority. This may cause simulation mismatches. Consider rewriting code  [/home/chenxun/Documents/Project/Venturi/verilog_src/order_book_related/dependencies/tree_builder.v:42]
WARNING: [Synth 8-5788] Register btm_valid_reg[63] in module tree_builder is has both Set and reset with same priority. This may cause simulation mismatches. Consider rewriting code  [/home/chenxun/Documents/Project/Venturi/verilog_src/order_book_related/dependencies/tree_builder.v:42]
WARNING: [Synth 8-5788] Register btm_valid_reg[64] in module tree_builder is has both Set and reset with same priority. This may cause simulation mismatches. Consider rewriting code  [/home/chenxun/Documents/Project/Venturi/verilog_src/order_book_related/dependencies/tree_builder.v:42]
WARNING: [Synth 8-5788] Register btm_valid_reg[65] in module tree_builder is has both Set and reset with same priority. This may cause simulation mismatches. Consider rewriting code  [/home/chenxun/Documents/Project/Venturi/verilog_src/order_book_related/dependencies/tree_builder.v:42]
WARNING: [Synth 8-5788] Register btm_valid_reg[66] in module tree_builder is has both Set and reset with same priority. This may cause simulation mismatches. Consider rewriting code  [/home/chenxun/Documents/Project/Venturi/verilog_src/order_book_related/dependencies/tree_builder.v:42]
WARNING: [Synth 8-5788] Register btm_valid_reg[67] in module tree_builder is has both Set and reset with same priority. This may cause simulation mismatches. Consider rewriting code  [/home/chenxun/Documents/Project/Venturi/verilog_src/order_book_related/dependencies/tree_builder.v:42]
WARNING: [Synth 8-5788] Register btm_valid_reg[68] in module tree_builder is has both Set and reset with same priority. This may cause simulation mismatches. Consider rewriting code  [/home/chenxun/Documents/Project/Venturi/verilog_src/order_book_related/dependencies/tree_builder.v:42]
WARNING: [Synth 8-5788] Register btm_valid_reg[69] in module tree_builder is has both Set and reset with same priority. This may cause simulation mismatches. Consider rewriting code  [/home/chenxun/Documents/Project/Venturi/verilog_src/order_book_related/dependencies/tree_builder.v:42]
WARNING: [Synth 8-5788] Register btm_valid_reg[70] in module tree_builder is has both Set and reset with same priority. This may cause simulation mismatches. Consider rewriting code  [/home/chenxun/Documents/Project/Venturi/verilog_src/order_book_related/dependencies/tree_builder.v:42]
WARNING: [Synth 8-5788] Register btm_valid_reg[71] in module tree_builder is has both Set and reset with same priority. This may cause simulation mismatches. Consider rewriting code  [/home/chenxun/Documents/Project/Venturi/verilog_src/order_book_related/dependencies/tree_builder.v:42]
WARNING: [Synth 8-5788] Register btm_valid_reg[72] in module tree_builder is has both Set and reset with same priority. This may cause simulation mismatches. Consider rewriting code  [/home/chenxun/Documents/Project/Venturi/verilog_src/order_book_related/dependencies/tree_builder.v:42]
WARNING: [Synth 8-5788] Register btm_valid_reg[73] in module tree_builder is has both Set and reset with same priority. This may cause simulation mismatches. Consider rewriting code  [/home/chenxun/Documents/Project/Venturi/verilog_src/order_book_related/dependencies/tree_builder.v:42]
WARNING: [Synth 8-5788] Register btm_valid_reg[74] in module tree_builder is has both Set and reset with same priority. This may cause simulation mismatches. Consider rewriting code  [/home/chenxun/Documents/Project/Venturi/verilog_src/order_book_related/dependencies/tree_builder.v:42]
WARNING: [Synth 8-5788] Register btm_valid_reg[75] in module tree_builder is has both Set and reset with same priority. This may cause simulation mismatches. Consider rewriting code  [/home/chenxun/Documents/Project/Venturi/verilog_src/order_book_related/dependencies/tree_builder.v:42]
WARNING: [Synth 8-5788] Register btm_valid_reg[76] in module tree_builder is has both Set and reset with same priority. This may cause simulation mismatches. Consider rewriting code  [/home/chenxun/Documents/Project/Venturi/verilog_src/order_book_related/dependencies/tree_builder.v:42]
WARNING: [Synth 8-5788] Register btm_valid_reg[77] in module tree_builder is has both Set and reset with same priority. This may cause simulation mismatches. Consider rewriting code  [/home/chenxun/Documents/Project/Venturi/verilog_src/order_book_related/dependencies/tree_builder.v:42]
WARNING: [Synth 8-5788] Register btm_valid_reg[78] in module tree_builder is has both Set and reset with same priority. This may cause simulation mismatches. Consider rewriting code  [/home/chenxun/Documents/Project/Venturi/verilog_src/order_book_related/dependencies/tree_builder.v:42]
WARNING: [Synth 8-5788] Register btm_valid_reg[79] in module tree_builder is has both Set and reset with same priority. This may cause simulation mismatches. Consider rewriting code  [/home/chenxun/Documents/Project/Venturi/verilog_src/order_book_related/dependencies/tree_builder.v:42]
WARNING: [Synth 8-5788] Register btm_valid_reg[80] in module tree_builder is has both Set and reset with same priority. This may cause simulation mismatches. Consider rewriting code  [/home/chenxun/Documents/Project/Venturi/verilog_src/order_book_related/dependencies/tree_builder.v:42]
WARNING: [Synth 8-5788] Register btm_valid_reg[81] in module tree_builder is has both Set and reset with same priority. This may cause simulation mismatches. Consider rewriting code  [/home/chenxun/Documents/Project/Venturi/verilog_src/order_book_related/dependencies/tree_builder.v:42]
WARNING: [Synth 8-5788] Register btm_valid_reg[82] in module tree_builder is has both Set and reset with same priority. This may cause simulation mismatches. Consider rewriting code  [/home/chenxun/Documents/Project/Venturi/verilog_src/order_book_related/dependencies/tree_builder.v:42]
WARNING: [Synth 8-5788] Register btm_valid_reg[83] in module tree_builder is has both Set and reset with same priority. This may cause simulation mismatches. Consider rewriting code  [/home/chenxun/Documents/Project/Venturi/verilog_src/order_book_related/dependencies/tree_builder.v:42]
WARNING: [Synth 8-5788] Register btm_valid_reg[84] in module tree_builder is has both Set and reset with same priority. This may cause simulation mismatches. Consider rewriting code  [/home/chenxun/Documents/Project/Venturi/verilog_src/order_book_related/dependencies/tree_builder.v:42]
WARNING: [Synth 8-5788] Register btm_valid_reg[85] in module tree_builder is has both Set and reset with same priority. This may cause simulation mismatches. Consider rewriting code  [/home/chenxun/Documents/Project/Venturi/verilog_src/order_book_related/dependencies/tree_builder.v:42]
WARNING: [Synth 8-5788] Register btm_valid_reg[86] in module tree_builder is has both Set and reset with same priority. This may cause simulation mismatches. Consider rewriting code  [/home/chenxun/Documents/Project/Venturi/verilog_src/order_book_related/dependencies/tree_builder.v:42]
WARNING: [Synth 8-5788] Register btm_valid_reg[87] in module tree_builder is has both Set and reset with same priority. This may cause simulation mismatches. Consider rewriting code  [/home/chenxun/Documents/Project/Venturi/verilog_src/order_book_related/dependencies/tree_builder.v:42]
WARNING: [Synth 8-5788] Register btm_valid_reg[88] in module tree_builder is has both Set and reset with same priority. This may cause simulation mismatches. Consider rewriting code  [/home/chenxun/Documents/Project/Venturi/verilog_src/order_book_related/dependencies/tree_builder.v:42]
WARNING: [Synth 8-5788] Register btm_valid_reg[89] in module tree_builder is has both Set and reset with same priority. This may cause simulation mismatches. Consider rewriting code  [/home/chenxun/Documents/Project/Venturi/verilog_src/order_book_related/dependencies/tree_builder.v:42]
WARNING: [Synth 8-5788] Register btm_valid_reg[90] in module tree_builder is has both Set and reset with same priority. This may cause simulation mismatches. Consider rewriting code  [/home/chenxun/Documents/Project/Venturi/verilog_src/order_book_related/dependencies/tree_builder.v:42]
WARNING: [Synth 8-5788] Register btm_valid_reg[91] in module tree_builder is has both Set and reset with same priority. This may cause simulation mismatches. Consider rewriting code  [/home/chenxun/Documents/Project/Venturi/verilog_src/order_book_related/dependencies/tree_builder.v:42]
WARNING: [Synth 8-5788] Register btm_valid_reg[92] in module tree_builder is has both Set and reset with same priority. This may cause simulation mismatches. Consider rewriting code  [/home/chenxun/Documents/Project/Venturi/verilog_src/order_book_related/dependencies/tree_builder.v:42]
WARNING: [Synth 8-5788] Register btm_valid_reg[93] in module tree_builder is has both Set and reset with same priority. This may cause simulation mismatches. Consider rewriting code  [/home/chenxun/Documents/Project/Venturi/verilog_src/order_book_related/dependencies/tree_builder.v:42]
WARNING: [Synth 8-5788] Register btm_valid_reg[94] in module tree_builder is has both Set and reset with same priority. This may cause simulation mismatches. Consider rewriting code  [/home/chenxun/Documents/Project/Venturi/verilog_src/order_book_related/dependencies/tree_builder.v:42]
WARNING: [Synth 8-5788] Register btm_valid_reg[95] in module tree_builder is has both Set and reset with same priority. This may cause simulation mismatches. Consider rewriting code  [/home/chenxun/Documents/Project/Venturi/verilog_src/order_book_related/dependencies/tree_builder.v:42]
WARNING: [Synth 8-5788] Register btm_valid_reg[96] in module tree_builder is has both Set and reset with same priority. This may cause simulation mismatches. Consider rewriting code  [/home/chenxun/Documents/Project/Venturi/verilog_src/order_book_related/dependencies/tree_builder.v:42]
WARNING: [Synth 8-5788] Register btm_valid_reg[97] in module tree_builder is has both Set and reset with same priority. This may cause simulation mismatches. Consider rewriting code  [/home/chenxun/Documents/Project/Venturi/verilog_src/order_book_related/dependencies/tree_builder.v:42]
WARNING: [Synth 8-5788] Register btm_valid_reg[98] in module tree_builder is has both Set and reset with same priority. This may cause simulation mismatches. Consider rewriting code  [/home/chenxun/Documents/Project/Venturi/verilog_src/order_book_related/dependencies/tree_builder.v:42]
WARNING: [Synth 8-5788] Register btm_valid_reg[99] in module tree_builder is has both Set and reset with same priority. This may cause simulation mismatches. Consider rewriting code  [/home/chenxun/Documents/Project/Venturi/verilog_src/order_book_related/dependencies/tree_builder.v:42]
INFO: [Common 17-14] Message 'Synth 8-5788' appears 100 times and further instances of the messages will be disabled. Use the Tcl command set_msg_config to change the current settings.
INFO: [Synth 8-6155] done synthesizing module 'tree_builder' (5#1) [/home/chenxun/Documents/Project/Venturi/verilog_src/order_book_related/dependencies/tree_builder.v:1]
INFO: [Synth 8-6157] synthesizing module 'aligner' [/home/chenxun/Documents/Project/Venturi/verilog_src/order_book_related/dependencies/aligner.v:1]
	Parameter QTY_SHARE_BIT bound to: 32 - type: integer 
INFO: [Synth 8-6155] done synthesizing module 'aligner' (6#1) [/home/chenxun/Documents/Project/Venturi/verilog_src/order_book_related/dependencies/aligner.v:1]
INFO: [Synth 8-6157] synthesizing module 'bram_dp' [/home/chenxun/Documents/Project/Venturi/verilog_src/order_book_related/dependencies/bram_dp.v:1]
	Parameter ADDR_WIDTH bound to: 8 - type: integer 
	Parameter DATA_WIDTH bound to: 32 - type: integer 
	Parameter IDLE bound to: 2'b00 
	Parameter READ bound to: 2'b01 
	Parameter WRITE bound to: 2'b10 
INFO: [Synth 8-5534] Detected attribute (* ram_style = "block" *) [/home/chenxun/Documents/Project/Venturi/verilog_src/order_book_related/dependencies/bram_dp.v:27]
WARNING: [Synth 8-4767] Trying to implement RAM 'bram_reg' in registers. Block RAM or DRAM implementation is not possible; see log for reasons.
Reason is one or more of the following :
	1: RAM has multiple writes via different ports in same process. If RAM inferencing intended, write to one port per process. 
	2: Unable to determine number of words or word size in RAM. 
	3: No valid read/write found for RAM. 
RAM "bram_reg" dissolved into registers
INFO: [Synth 8-6155] done synthesizing module 'bram_dp' (7#1) [/home/chenxun/Documents/Project/Venturi/verilog_src/order_book_related/dependencies/bram_dp.v:1]
INFO: [Synth 8-6155] done synthesizing module 'qty_book_wrapper' (8#1) [/home/chenxun/Documents/Project/Venturi/verilog_src/order_book_related/dependencies/qty_book_wrapper.v:1]
INFO: [Synth 8-6157] synthesizing module 'qty_book_wrapper__parameterized0' [/home/chenxun/Documents/Project/Venturi/verilog_src/order_book_related/dependencies/qty_book_wrapper.v:1]
	Parameter QTY_MSG_BIT bound to: 131 - type: integer 
	Parameter QTY_PRICE_LVL_BIT bound to: 8 - type: integer 
	Parameter QTY_SHARE_BIT bound to: 32 - type: integer 
	Parameter PRICE_BASE bound to: 0 - type: integer 
	Parameter BID_OR_ASK bound to: 2'b01 
	Parameter IDLE bound to: 2'b00 
	Parameter READ bound to: 2'b01 
	Parameter WRITE bound to: 2'b10 
INFO: [Synth 8-6157] synthesizing module 'qty_builder__parameterized0' [/home/chenxun/Documents/Project/Venturi/verilog_src/order_book_related/dependencies/qty_builder.v:1]
	Parameter QTY_MSG_BIT bound to: 131 - type: integer 
	Parameter QTY_PRICE_LVL_BIT bound to: 8 - type: integer 
	Parameter QTY_SHARE_BIT bound to: 32 - type: integer 
	Parameter PRICE_BASE bound to: 0 - type: integer 
	Parameter BID_OR_ASK bound to: 2'b01 
	Parameter IDLE bound to: 2'b00 
	Parameter FIRST_CYCLE bound to: 2'b01 
	Parameter SECOND_CYCLE bound to: 2'b10 
	Parameter READ bound to: 2'b01 
	Parameter WRITE bound to: 2'b10 
	Parameter EMPTY bound to: 2'b01 
	Parameter NON_EMPTY bound to: 2'b10 
	Parameter PRICE_DEPTH bound to: 256 - type: integer 
INFO: [Synth 8-6155] done synthesizing module 'qty_builder__parameterized0' (8#1) [/home/chenxun/Documents/Project/Venturi/verilog_src/order_book_related/dependencies/qty_builder.v:1]
INFO: [Synth 8-6157] synthesizing module 'tree_builder__parameterized0' [/home/chenxun/Documents/Project/Venturi/verilog_src/order_book_related/dependencies/tree_builder.v:1]
	Parameter QTY_PRICE_LVL_BIT bound to: 8 - type: integer 
	Parameter BID_OR_ASK bound to: 2'b01 
	Parameter IDLE bound to: 2'b00 
	Parameter EMPTY bound to: 2'b01 
	Parameter NON_EMPTY bound to: 2'b10 
	Parameter LEVELS bound to: 8 - type: integer 
	Parameter LAST_COUNT bound to: 256 - type: integer 
	Parameter MID_LEVEL bound to: 4 - type: integer 
	Parameter MID_COUNT bound to: 16 - type: integer 
	Parameter FIFO_DATA_W bound to: 10 - type: integer 
	Parameter UPPER_MAX_COUNT bound to: 128 - type: integer 
	Parameter LOWER_LEVELS bound to: 4 - type: integer 
	Parameter LOWER_MAX_COUNT bound to: 8 - type: integer 
INFO: [Synth 8-6155] done synthesizing module 'tree_builder__parameterized0' (8#1) [/home/chenxun/Documents/Project/Venturi/verilog_src/order_book_related/dependencies/tree_builder.v:1]
INFO: [Synth 8-6155] done synthesizing module 'qty_book_wrapper__parameterized0' (8#1) [/home/chenxun/Documents/Project/Venturi/verilog_src/order_book_related/dependencies/qty_book_wrapper.v:1]
WARNING: [Synth 8-6014] Unused sequential element prev_ask_seq_num_reg was removed.  [/home/chenxun/Documents/Project/Venturi/verilog_src/order_book_related/dependencies/symbol_book.v:45]
INFO: [Synth 8-6155] done synthesizing module 'symbol_book' (9#1) [/home/chenxun/Documents/Project/Venturi/verilog_src/order_book_related/dependencies/symbol_book.v:2]
INFO: [Synth 8-6157] synthesizing module 'symbol_book__parameterized0' [/home/chenxun/Documents/Project/Venturi/verilog_src/order_book_related/dependencies/symbol_book.v:2]
	Parameter QTY_SHARE_BIT bound to: 32 - type: integer 
	Parameter QTY_PRICE_LVL_BIT bound to: 8 - type: integer 
	Parameter BOOK_LEVEL_BIT bound to: 12 - type: integer 
	Parameter PRICE_BASE bound to: 0 - type: integer 
	Parameter STOCK_LOCATE bound to: 16'b0000111011101000 
	Parameter PARSER_MSG_BIT bound to: 283 - type: integer 
	Parameter EVENT_FIFO_DEPTH bound to: 2 - type: integer 
	Parameter QTY_MSG_BIT bound to: 131 - type: integer 
	Parameter PAYLOAD_W bound to: 274 - type: integer 
WARNING: [Synth 8-6014] Unused sequential element prev_ask_seq_num_reg was removed.  [/home/chenxun/Documents/Project/Venturi/verilog_src/order_book_related/dependencies/symbol_book.v:45]
INFO: [Synth 8-6155] done synthesizing module 'symbol_book__parameterized0' (9#1) [/home/chenxun/Documents/Project/Venturi/verilog_src/order_book_related/dependencies/symbol_book.v:2]
ERROR: [Synth 8-439] module 'arbiter' not found [/home/chenxun/Documents/Project/Venturi/verilog_src/order_book_related/order_book_builder.v:96]
	Parameter SYMBOL_NUM bound to: 2 - type: integer 
	Parameter PAYLOAD_W bound to: 274 - type: integer 
ERROR: [Synth 8-6156] failed synthesizing module 'order_book_builder' [/home/chenxun/Documents/Project/Venturi/verilog_src/order_book_related/order_book_builder.v:1]
---------------------------------------------------------------------------------
Finished RTL Elaboration : Time (s): cpu = 00:00:02 ; elapsed = 00:00:03 . Memory (MB): peak = 1574.871 ; gain = 219.582 ; free physical = 8257 ; free virtual = 28897
---------------------------------------------------------------------------------
RTL Elaboration failed
INFO: [Common 17-83] Releasing license: Synthesis
37 Infos, 103 Warnings, 0 Critical Warnings and 3 Errors encountered.
synth_design failed
ERROR: [Common 17-69] Command failed: Synthesis failed - please see the console or run log file for details
INFO: [Common 17-206] Exiting Vivado at Sat Mar 14 18:20:49 2026...
[Sat Mar 14 18:20:49 2026] synth_1 finished
wait_on_run: Time (s): cpu = 00:00:06 ; elapsed = 00:00:06 . Memory (MB): peak = 1402.418 ; gain = 0.000 ; free physical = 8543 ; free virtual = 29182
# open_run synth_1 -name synth_1
ERROR: [Common 17-69] Command failed: Run 'synth_1' failed. Unable to open
INFO: [Common 17-206] Exiting Vivado at Sat Mar 14 18:20:49 2026...
