#-----------------------------------------------------------
# Vivado v2018.3 (64-bit)
# SW Build 2405991 on Thu Dec  6 23:36:41 MST 2018
# IP Build 2404404 on Fri Dec  7 01:43:56 MST 2018
# Start of session at: Sat Mar 14 18:31:57 2026
# Process ID: 3108322
# Current directory: /home/chenxun/Documents/Project/Venturi
# Command line: vivado -mode batch -source /tmp/venturi_hw_query.tcl
# Log file: /home/chenxun/Documents/Project/Venturi/vivado.log
# Journal file: /home/chenxun/Documents/Project/Venturi/vivado.jou
#-----------------------------------------------------------
source /tmp/venturi_hw_query.tcl
# open_hw
# connect_hw_server
INFO: [Labtools 27-2285] Connecting to hw_server url TCP:localhost:3121
INFO: [Labtools 27-2222] Launching hw_server...
INFO: [Labtools 27-2221] Launch Output:

****** Xilinx hw_server v2018.3
  **** Build date : Dec  6 2018-23:53:53
    ** Copyright 1986-2018 Xilinx, Inc. All Rights Reserved.


# open_hw_target
INFO: [Labtoolstcl 44-466] Opening hw_target localhost:3121/xilinx_tcf/Digilent/D17610F5ABCD
# set devs [get_hw_devices]
# puts "HW_DEVICES:$devs"
HW_DEVICES:xcku035_0
# if {[llength $devs] > 0} {
#   foreach d $devs {
#     puts "HW_DEVICE:$d"
#   }
# }
HW_DEVICE:xcku035_0
# close_hw_target
INFO: [Labtoolstcl 44-464] Closing hw_target localhost:3121/xilinx_tcf/Digilent/D17610F5ABCD
# disconnect_hw_server
# close_hw
****** Webtalk v2018.3 (64-bit)
  **** SW Build 2405991 on Thu Dec  6 23:36:41 MST 2018
  **** IP Build 2404404 on Fri Dec  7 01:43:56 MST 2018
    ** Copyright 1986-2018 Xilinx, Inc. All Rights Reserved.

source /home/chenxun/Documents/Project/Venturi/.Xil/Vivado-3108322-chenxun-Z790-UD-AC/webtalk/labtool_webtalk.tcl -notrace
INFO: [Common 17-206] Exiting Webtalk at Sat Mar 14 18:32:01 2026...
INFO: [Common 17-206] Exiting Vivado at Sat Mar 14 18:32:01 2026...
