#-----------------------------------------------------------
# Vivado v2018.3 (64-bit)
# SW Build 2405991 on Thu Dec  6 23:36:41 MST 2018
# IP Build 2404404 on Fri Dec  7 01:43:56 MST 2018
# Start of session at: Sat Mar 14 18:27:33 2026
# Process ID: 3066512
# Current directory: /home/chenxun/Documents/Project/Venturi
# Command line: vivado -mode batch -source /tmp/venturi_impl_check.tcl
# Log file: /home/chenxun/Documents/Project/Venturi/vivado.log
# Journal file: /home/chenxun/Documents/Project/Venturi/vivado.jou
#-----------------------------------------------------------
source /tmp/venturi_impl_check.tcl
# open_project /home/chenxun/Documents/Project/Venturi/Vivado/Venturi.xpr
Scanning sources...
Finished scanning sources
INFO: [IP_Flow 19-234] Refreshing IP repositories
INFO: [IP_Flow 19-1704] No user IP repositories specified
INFO: [IP_Flow 19-2313] Loaded Vivado IP repository '/home/chenxun/Vivado/Vivado/2018.3/data/ip'.
# set_property top top [get_filesets sources_1]
# update_compile_order -fileset sources_1
# launch_runs impl_1 -to_step write_bitstream -jobs 8
[Sat Mar 14 18:27:38 2026] Launched impl_1...
Run output will be captured here: /home/chenxun/Documents/Project/Venturi/Vivado/Venturi.runs/impl_1/runme.log
# wait_on_run impl_1
[Sat Mar 14 18:27:38 2026] Waiting for impl_1 to finish...

*** Running vivado
    with args -log top.vdi -applog -m64 -product Vivado -messageDb vivado.pb -mode batch -source top.tcl -notrace


****** Vivado v2018.3 (64-bit)
  **** SW Build 2405991 on Thu Dec  6 23:36:41 MST 2018
  **** IP Build 2404404 on Fri Dec  7 01:43:56 MST 2018
    ** Copyright 1986-2018 Xilinx, Inc. All Rights Reserved.

source top.tcl -notrace
Command: link_design -top top -part xcku035-fbva676-2-e
Design is defaulting to srcset: sources_1
Design is defaulting to constrset: constrs_1
INFO: [Project 1-454] Reading design checkpoint '/home/chenxun/Documents/Project/Venturi/Vivado/Venturi.srcs/sources_1/ip/pcie3_ultrascale_0/pcie3_ultrascale_0.dcp' for cell 'pcie_wrapper_inst/pcie3_ultrascale_inst'
INFO: [Project 1-454] Reading design checkpoint '/home/chenxun/Documents/Project/Venturi/Vivado/Venturi.srcs/sources_1/ip/eth_xcvr_gth_full/eth_xcvr_gth_full.dcp' for cell 'pcs_pma_wrapper_inst/example_wrapper_inst/eth_xcvr_gth_full_inst'
INFO: [Netlist 29-17] Analyzing 42 Unisim elements for replacement
INFO: [Netlist 29-28] Unisim Transformation completed in 0 CPU seconds
INFO: [Project 1-479] Netlist was created with Vivado 2018.3
INFO: [Device 21-403] Loading part xcku035-fbva676-2-e
INFO: [Project 1-570] Preparing netlist for logic optimization
Parsing XDC File [/home/chenxun/Documents/Project/Venturi/Vivado/Venturi.srcs/sources_1/ip/pcie3_ultrascale_0/source/pcie3_ultrascale_0-PCIE_X0Y0.xdc] for cell 'pcie_wrapper_inst/pcie3_ultrascale_inst/inst'
Finished Parsing XDC File [/home/chenxun/Documents/Project/Venturi/Vivado/Venturi.srcs/sources_1/ip/pcie3_ultrascale_0/source/pcie3_ultrascale_0-PCIE_X0Y0.xdc] for cell 'pcie_wrapper_inst/pcie3_ultrascale_inst/inst'
Parsing XDC File [/home/chenxun/Documents/Project/Venturi/Vivado/Venturi.srcs/sources_1/ip/pcie3_ultrascale_0/ip_0/synth/pcie3_ultrascale_0_gt.xdc] for cell 'pcie_wrapper_inst/pcie3_ultrascale_inst/inst/gt_top_i/gt_wizard.gtwizard_top_i/pcie3_ultrascale_0_gt_i/inst'
Finished Parsing XDC File [/home/chenxun/Documents/Project/Venturi/Vivado/Venturi.srcs/sources_1/ip/pcie3_ultrascale_0/ip_0/synth/pcie3_ultrascale_0_gt.xdc] for cell 'pcie_wrapper_inst/pcie3_ultrascale_inst/inst/gt_top_i/gt_wizard.gtwizard_top_i/pcie3_ultrascale_0_gt_i/inst'
Parsing XDC File [/home/chenxun/Documents/Project/Venturi/Vivado/Venturi.srcs/sources_1/ip/eth_xcvr_gth_full/synth/eth_xcvr_gth_full.xdc] for cell 'pcs_pma_wrapper_inst/example_wrapper_inst/eth_xcvr_gth_full_inst/inst'
Finished Parsing XDC File [/home/chenxun/Documents/Project/Venturi/Vivado/Venturi.srcs/sources_1/ip/eth_xcvr_gth_full/synth/eth_xcvr_gth_full.xdc] for cell 'pcs_pma_wrapper_inst/example_wrapper_inst/eth_xcvr_gth_full_inst/inst'
Parsing XDC File [/home/chenxun/Documents/Project/Venturi/Vivado/Venturi.srcs/constrs_1/new/default.xdc]
WARNING: [Vivado 12-584] No ports matched 'sfp_1_tx_disable'. [/home/chenxun/Documents/Project/Venturi/Vivado/Venturi.srcs/constrs_1/new/default.xdc:102]
CRITICAL WARNING: [Common 17-55] 'set_property' expects at least one object. [/home/chenxun/Documents/Project/Venturi/Vivado/Venturi.srcs/constrs_1/new/default.xdc:102]
Resolution: If [get_<value>] was used to populate the object, check to make sure this command returns at least one valid object.
WARNING: [Vivado 12-584] No ports matched 'sfp_1_tx_disable'. [/home/chenxun/Documents/Project/Venturi/Vivado/Venturi.srcs/constrs_1/new/default.xdc:103]
CRITICAL WARNING: [Common 17-55] 'set_property' expects at least one object. [/home/chenxun/Documents/Project/Venturi/Vivado/Venturi.srcs/constrs_1/new/default.xdc:103]
Resolution: If [get_<value>] was used to populate the object, check to make sure this command returns at least one valid object.
WARNING: [Vivado 12-584] No ports matched 'sfp_1_tx_disable'. [/home/chenxun/Documents/Project/Venturi/Vivado/Venturi.srcs/constrs_1/new/default.xdc:104]
CRITICAL WARNING: [Common 17-55] 'set_property' expects at least one object. [/home/chenxun/Documents/Project/Venturi/Vivado/Venturi.srcs/constrs_1/new/default.xdc:104]
Resolution: If [get_<value>] was used to populate the object, check to make sure this command returns at least one valid object.
WARNING: [Vivado 12-584] No ports matched 'sfp_1_tx_disable'. [/home/chenxun/Documents/Project/Venturi/Vivado/Venturi.srcs/constrs_1/new/default.xdc:110]
WARNING: [Vivado 12-584] No ports matched 'sfp_1_tx_disable'. [/home/chenxun/Documents/Project/Venturi/Vivado/Venturi.srcs/constrs_1/new/default.xdc:111]
INFO: [Constraints 18-632] set_output_delay: No clock object specified, the clocks will be automatically identified [/home/chenxun/Documents/Project/Venturi/Vivado/Venturi.srcs/constrs_1/new/default.xdc:111]
WARNING: [Vivado 12-584] No ports matched 'sfp_1_tx_disable'. [/home/chenxun/Documents/Project/Venturi/Vivado/Venturi.srcs/constrs_1/new/default.xdc:121]
CRITICAL WARNING: [Common 17-55] 'set_property' expects at least one object. [/home/chenxun/Documents/Project/Venturi/Vivado/Venturi.srcs/constrs_1/new/default.xdc:121]
Resolution: If [get_<value>] was used to populate the object, check to make sure this command returns at least one valid object.
WARNING: [Vivado 12-507] No nets matched 'u_ila_2_CLK'. [/home/chenxun/Documents/Project/Venturi/Vivado/Venturi.srcs/constrs_1/new/default.xdc:128]
CRITICAL WARNING: [Vivado 12-1419] Debug core 'dbg_hub' was not found. [/home/chenxun/Documents/Project/Venturi/Vivado/Venturi.srcs/constrs_1/new/default.xdc:128]
WARNING: [Vivado 12-507] No nets matched 'core_status[0]'. [/home/chenxun/Documents/Project/Venturi/Vivado/Venturi.srcs/constrs_1/new/default.xdc:137]
WARNING: [Vivado 12-507] No nets matched 'core_status[1]'. [/home/chenxun/Documents/Project/Venturi/Vivado/Venturi.srcs/constrs_1/new/default.xdc:137]
WARNING: [Vivado 12-507] No nets matched 'core_status[2]'. [/home/chenxun/Documents/Project/Venturi/Vivado/Venturi.srcs/constrs_1/new/default.xdc:137]
WARNING: [Vivado 12-507] No nets matched 'core_status[3]'. [/home/chenxun/Documents/Project/Venturi/Vivado/Venturi.srcs/constrs_1/new/default.xdc:137]
WARNING: [Vivado 12-507] No nets matched 'core_status[4]'. [/home/chenxun/Documents/Project/Venturi/Vivado/Venturi.srcs/constrs_1/new/default.xdc:137]
WARNING: [Vivado 12-507] No nets matched 'core_status[5]'. [/home/chenxun/Documents/Project/Venturi/Vivado/Venturi.srcs/constrs_1/new/default.xdc:137]
WARNING: [Vivado 12-507] No nets matched 'core_status[6]'. [/home/chenxun/Documents/Project/Venturi/Vivado/Venturi.srcs/constrs_1/new/default.xdc:137]
WARNING: [Vivado 12-507] No nets matched 'core_status[7]'. [/home/chenxun/Documents/Project/Venturi/Vivado/Venturi.srcs/constrs_1/new/default.xdc:137]
CRITICAL WARNING: [Vivado 12-1419] Debug core 'u_ila_0' was not found. [/home/chenxun/Documents/Project/Venturi/Vivado/Venturi.srcs/constrs_1/new/default.xdc:137]
WARNING: [Vivado 12-507] No nets matched 'w_xgmii_txc[0]'. [/home/chenxun/Documents/Project/Venturi/Vivado/Venturi.srcs/constrs_1/new/default.xdc:138]
WARNING: [Vivado 12-507] No nets matched 'w_xgmii_txc[1]'. [/home/chenxun/Documents/Project/Venturi/Vivado/Venturi.srcs/constrs_1/new/default.xdc:138]
WARNING: [Vivado 12-507] No nets matched 'w_xgmii_txc[2]'. [/home/chenxun/Documents/Project/Venturi/Vivado/Venturi.srcs/constrs_1/new/default.xdc:138]
WARNING: [Vivado 12-507] No nets matched 'w_xgmii_txc[3]'. [/home/chenxun/Documents/Project/Venturi/Vivado/Venturi.srcs/constrs_1/new/default.xdc:138]
WARNING: [Vivado 12-507] No nets matched 'w_xgmii_txc[4]'. [/home/chenxun/Documents/Project/Venturi/Vivado/Venturi.srcs/constrs_1/new/default.xdc:138]
WARNING: [Vivado 12-507] No nets matched 'w_xgmii_txc[5]'. [/home/chenxun/Documents/Project/Venturi/Vivado/Venturi.srcs/constrs_1/new/default.xdc:138]
WARNING: [Vivado 12-507] No nets matched 'w_xgmii_txc[6]'. [/home/chenxun/Documents/Project/Venturi/Vivado/Venturi.srcs/constrs_1/new/default.xdc:138]
WARNING: [Vivado 12-507] No nets matched 'w_xgmii_txc[7]'. [/home/chenxun/Documents/Project/Venturi/Vivado/Venturi.srcs/constrs_1/new/default.xdc:138]
CRITICAL WARNING: [Vivado 12-1419] Debug core 'u_ila_0' was not found. [/home/chenxun/Documents/Project/Venturi/Vivado/Venturi.srcs/constrs_1/new/default.xdc:138]
WARNING: [Vivado 12-507] No nets matched 'w_xgmii_txd[0]'. [/home/chenxun/Documents/Project/Venturi/Vivado/Venturi.srcs/constrs_1/new/default.xdc:139]
WARNING: [Vivado 12-507] No nets matched 'w_xgmii_txd[1]'. [/home/chenxun/Documents/Project/Venturi/Vivado/Venturi.srcs/constrs_1/new/default.xdc:139]
WARNING: [Vivado 12-507] No nets matched 'w_xgmii_txd[2]'. [/home/chenxun/Documents/Project/Venturi/Vivado/Venturi.srcs/constrs_1/new/default.xdc:139]
WARNING: [Vivado 12-507] No nets matched 'w_xgmii_txd[3]'. [/home/chenxun/Documents/Project/Venturi/Vivado/Venturi.srcs/constrs_1/new/default.xdc:139]
WARNING: [Vivado 12-507] No nets matched 'w_xgmii_txd[4]'. [/home/chenxun/Documents/Project/Venturi/Vivado/Venturi.srcs/constrs_1/new/default.xdc:139]
WARNING: [Vivado 12-507] No nets matched 'w_xgmii_txd[5]'. [/home/chenxun/Documents/Project/Venturi/Vivado/Venturi.srcs/constrs_1/new/default.xdc:139]
WARNING: [Vivado 12-507] No nets matched 'w_xgmii_txd[6]'. [/home/chenxun/Documents/Project/Venturi/Vivado/Venturi.srcs/constrs_1/new/default.xdc:139]
WARNING: [Vivado 12-507] No nets matched 'w_xgmii_txd[7]'. [/home/chenxun/Documents/Project/Venturi/Vivado/Venturi.srcs/constrs_1/new/default.xdc:139]
WARNING: [Vivado 12-507] No nets matched 'w_xgmii_txd[8]'. [/home/chenxun/Documents/Project/Venturi/Vivado/Venturi.srcs/constrs_1/new/default.xdc:139]
WARNING: [Vivado 12-507] No nets matched 'w_xgmii_txd[9]'. [/home/chenxun/Documents/Project/Venturi/Vivado/Venturi.srcs/constrs_1/new/default.xdc:139]
WARNING: [Vivado 12-507] No nets matched 'w_xgmii_txd[10]'. [/home/chenxun/Documents/Project/Venturi/Vivado/Venturi.srcs/constrs_1/new/default.xdc:139]
WARNING: [Vivado 12-507] No nets matched 'w_xgmii_txd[11]'. [/home/chenxun/Documents/Project/Venturi/Vivado/Venturi.srcs/constrs_1/new/default.xdc:139]
WARNING: [Vivado 12-507] No nets matched 'w_xgmii_txd[12]'. [/home/chenxun/Documents/Project/Venturi/Vivado/Venturi.srcs/constrs_1/new/default.xdc:139]
WARNING: [Vivado 12-507] No nets matched 'w_xgmii_txd[13]'. [/home/chenxun/Documents/Project/Venturi/Vivado/Venturi.srcs/constrs_1/new/default.xdc:139]
WARNING: [Vivado 12-507] No nets matched 'w_xgmii_txd[14]'. [/home/chenxun/Documents/Project/Venturi/Vivado/Venturi.srcs/constrs_1/new/default.xdc:139]
WARNING: [Vivado 12-507] No nets matched 'w_xgmii_txd[15]'. [/home/chenxun/Documents/Project/Venturi/Vivado/Venturi.srcs/constrs_1/new/default.xdc:139]
WARNING: [Vivado 12-507] No nets matched 'w_xgmii_txd[16]'. [/home/chenxun/Documents/Project/Venturi/Vivado/Venturi.srcs/constrs_1/new/default.xdc:139]
WARNING: [Vivado 12-507] No nets matched 'w_xgmii_txd[17]'. [/home/chenxun/Documents/Project/Venturi/Vivado/Venturi.srcs/constrs_1/new/default.xdc:139]
WARNING: [Vivado 12-507] No nets matched 'w_xgmii_txd[18]'. [/home/chenxun/Documents/Project/Venturi/Vivado/Venturi.srcs/constrs_1/new/default.xdc:139]
WARNING: [Vivado 12-507] No nets matched 'w_xgmii_txd[19]'. [/home/chenxun/Documents/Project/Venturi/Vivado/Venturi.srcs/constrs_1/new/default.xdc:139]
WARNING: [Vivado 12-507] No nets matched 'w_xgmii_txd[20]'. [/home/chenxun/Documents/Project/Venturi/Vivado/Venturi.srcs/constrs_1/new/default.xdc:139]
WARNING: [Vivado 12-507] No nets matched 'w_xgmii_txd[21]'. [/home/chenxun/Documents/Project/Venturi/Vivado/Venturi.srcs/constrs_1/new/default.xdc:139]
WARNING: [Vivado 12-507] No nets matched 'w_xgmii_txd[22]'. [/home/chenxun/Documents/Project/Venturi/Vivado/Venturi.srcs/constrs_1/new/default.xdc:139]
WARNING: [Vivado 12-507] No nets matched 'w_xgmii_txd[23]'. [/home/chenxun/Documents/Project/Venturi/Vivado/Venturi.srcs/constrs_1/new/default.xdc:139]
WARNING: [Vivado 12-507] No nets matched 'w_xgmii_txd[24]'. [/home/chenxun/Documents/Project/Venturi/Vivado/Venturi.srcs/constrs_1/new/default.xdc:139]
WARNING: [Vivado 12-507] No nets matched 'w_xgmii_txd[25]'. [/home/chenxun/Documents/Project/Venturi/Vivado/Venturi.srcs/constrs_1/new/default.xdc:139]
WARNING: [Vivado 12-507] No nets matched 'w_xgmii_txd[26]'. [/home/chenxun/Documents/Project/Venturi/Vivado/Venturi.srcs/constrs_1/new/default.xdc:139]
WARNING: [Vivado 12-507] No nets matched 'w_xgmii_txd[27]'. [/home/chenxun/Documents/Project/Venturi/Vivado/Venturi.srcs/constrs_1/new/default.xdc:139]
WARNING: [Vivado 12-507] No nets matched 'w_xgmii_txd[28]'. [/home/chenxun/Documents/Project/Venturi/Vivado/Venturi.srcs/constrs_1/new/default.xdc:139]
WARNING: [Vivado 12-507] No nets matched 'w_xgmii_txd[29]'. [/home/chenxun/Documents/Project/Venturi/Vivado/Venturi.srcs/constrs_1/new/default.xdc:139]
WARNING: [Vivado 12-507] No nets matched 'w_xgmii_txd[30]'. [/home/chenxun/Documents/Project/Venturi/Vivado/Venturi.srcs/constrs_1/new/default.xdc:139]
WARNING: [Vivado 12-507] No nets matched 'w_xgmii_txd[31]'. [/home/chenxun/Documents/Project/Venturi/Vivado/Venturi.srcs/constrs_1/new/default.xdc:139]
WARNING: [Vivado 12-507] No nets matched 'w_xgmii_txd[32]'. [/home/chenxun/Documents/Project/Venturi/Vivado/Venturi.srcs/constrs_1/new/default.xdc:139]
WARNING: [Vivado 12-507] No nets matched 'w_xgmii_txd[33]'. [/home/chenxun/Documents/Project/Venturi/Vivado/Venturi.srcs/constrs_1/new/default.xdc:139]
WARNING: [Vivado 12-507] No nets matched 'w_xgmii_txd[34]'. [/home/chenxun/Documents/Project/Venturi/Vivado/Venturi.srcs/constrs_1/new/default.xdc:139]
WARNING: [Vivado 12-507] No nets matched 'w_xgmii_txd[35]'. [/home/chenxun/Documents/Project/Venturi/Vivado/Venturi.srcs/constrs_1/new/default.xdc:139]
WARNING: [Vivado 12-507] No nets matched 'w_xgmii_txd[36]'. [/home/chenxun/Documents/Project/Venturi/Vivado/Venturi.srcs/constrs_1/new/default.xdc:139]
WARNING: [Vivado 12-507] No nets matched 'w_xgmii_txd[37]'. [/home/chenxun/Documents/Project/Venturi/Vivado/Venturi.srcs/constrs_1/new/default.xdc:139]
WARNING: [Vivado 12-507] No nets matched 'w_xgmii_txd[38]'. [/home/chenxun/Documents/Project/Venturi/Vivado/Venturi.srcs/constrs_1/new/default.xdc:139]
WARNING: [Vivado 12-507] No nets matched 'w_xgmii_txd[39]'. [/home/chenxun/Documents/Project/Venturi/Vivado/Venturi.srcs/constrs_1/new/default.xdc:139]
WARNING: [Vivado 12-507] No nets matched 'w_xgmii_txd[40]'. [/home/chenxun/Documents/Project/Venturi/Vivado/Venturi.srcs/constrs_1/new/default.xdc:139]
WARNING: [Vivado 12-507] No nets matched 'w_xgmii_txd[41]'. [/home/chenxun/Documents/Project/Venturi/Vivado/Venturi.srcs/constrs_1/new/default.xdc:139]
WARNING: [Vivado 12-507] No nets matched 'w_xgmii_txd[42]'. [/home/chenxun/Documents/Project/Venturi/Vivado/Venturi.srcs/constrs_1/new/default.xdc:139]
WARNING: [Vivado 12-507] No nets matched 'w_xgmii_txd[43]'. [/home/chenxun/Documents/Project/Venturi/Vivado/Venturi.srcs/constrs_1/new/default.xdc:139]
WARNING: [Vivado 12-507] No nets matched 'w_xgmii_txd[44]'. [/home/chenxun/Documents/Project/Venturi/Vivado/Venturi.srcs/constrs_1/new/default.xdc:139]
WARNING: [Vivado 12-507] No nets matched 'w_xgmii_txd[45]'. [/home/chenxun/Documents/Project/Venturi/Vivado/Venturi.srcs/constrs_1/new/default.xdc:139]
WARNING: [Vivado 12-507] No nets matched 'w_xgmii_txd[46]'. [/home/chenxun/Documents/Project/Venturi/Vivado/Venturi.srcs/constrs_1/new/default.xdc:139]
WARNING: [Vivado 12-507] No nets matched 'w_xgmii_txd[47]'. [/home/chenxun/Documents/Project/Venturi/Vivado/Venturi.srcs/constrs_1/new/default.xdc:139]
WARNING: [Vivado 12-507] No nets matched 'w_xgmii_txd[48]'. [/home/chenxun/Documents/Project/Venturi/Vivado/Venturi.srcs/constrs_1/new/default.xdc:139]
WARNING: [Vivado 12-507] No nets matched 'w_xgmii_txd[49]'. [/home/chenxun/Documents/Project/Venturi/Vivado/Venturi.srcs/constrs_1/new/default.xdc:139]
WARNING: [Vivado 12-507] No nets matched 'w_xgmii_txd[50]'. [/home/chenxun/Documents/Project/Venturi/Vivado/Venturi.srcs/constrs_1/new/default.xdc:139]
WARNING: [Vivado 12-507] No nets matched 'w_xgmii_txd[51]'. [/home/chenxun/Documents/Project/Venturi/Vivado/Venturi.srcs/constrs_1/new/default.xdc:139]
WARNING: [Vivado 12-507] No nets matched 'w_xgmii_txd[52]'. [/home/chenxun/Documents/Project/Venturi/Vivado/Venturi.srcs/constrs_1/new/default.xdc:139]
WARNING: [Vivado 12-507] No nets matched 'w_xgmii_txd[53]'. [/home/chenxun/Documents/Project/Venturi/Vivado/Venturi.srcs/constrs_1/new/default.xdc:139]
WARNING: [Vivado 12-507] No nets matched 'w_xgmii_txd[54]'. [/home/chenxun/Documents/Project/Venturi/Vivado/Venturi.srcs/constrs_1/new/default.xdc:139]
WARNING: [Vivado 12-507] No nets matched 'w_xgmii_txd[55]'. [/home/chenxun/Documents/Project/Venturi/Vivado/Venturi.srcs/constrs_1/new/default.xdc:139]
WARNING: [Vivado 12-507] No nets matched 'w_xgmii_txd[56]'. [/home/chenxun/Documents/Project/Venturi/Vivado/Venturi.srcs/constrs_1/new/default.xdc:139]
WARNING: [Vivado 12-507] No nets matched 'w_xgmii_txd[57]'. [/home/chenxun/Documents/Project/Venturi/Vivado/Venturi.srcs/constrs_1/new/default.xdc:139]
WARNING: [Vivado 12-507] No nets matched 'w_xgmii_txd[58]'. [/home/chenxun/Documents/Project/Venturi/Vivado/Venturi.srcs/constrs_1/new/default.xdc:139]
WARNING: [Vivado 12-507] No nets matched 'w_xgmii_txd[59]'. [/home/chenxun/Documents/Project/Venturi/Vivado/Venturi.srcs/constrs_1/new/default.xdc:139]
WARNING: [Vivado 12-507] No nets matched 'w_xgmii_txd[60]'. [/home/chenxun/Documents/Project/Venturi/Vivado/Venturi.srcs/constrs_1/new/default.xdc:139]
WARNING: [Vivado 12-507] No nets matched 'w_xgmii_txd[61]'. [/home/chenxun/Documents/Project/Venturi/Vivado/Venturi.srcs/constrs_1/new/default.xdc:139]
WARNING: [Vivado 12-507] No nets matched 'w_xgmii_txd[62]'. [/home/chenxun/Documents/Project/Venturi/Vivado/Venturi.srcs/constrs_1/new/default.xdc:139]
WARNING: [Vivado 12-507] No nets matched 'w_xgmii_txd[63]'. [/home/chenxun/Documents/Project/Venturi/Vivado/Venturi.srcs/constrs_1/new/default.xdc:139]
CRITICAL WARNING: [Vivado 12-1419] Debug core 'u_ila_0' was not found. [/home/chenxun/Documents/Project/Venturi/Vivado/Venturi.srcs/constrs_1/new/default.xdc:139]
WARNING: [Vivado 12-507] No nets matched 'pcs_rx_link_status'. [/home/chenxun/Documents/Project/Venturi/Vivado/Venturi.srcs/constrs_1/new/default.xdc:140]
CRITICAL WARNING: [Vivado 12-1419] Debug core 'u_ila_0' was not found. [/home/chenxun/Documents/Project/Venturi/Vivado/Venturi.srcs/constrs_1/new/default.xdc:140]
WARNING: [Vivado 12-507] No nets matched 'pcs_rx_locked'. [/home/chenxun/Documents/Project/Venturi/Vivado/Venturi.srcs/constrs_1/new/default.xdc:141]
CRITICAL WARNING: [Vivado 12-1419] Debug core 'u_ila_0' was not found. [/home/chenxun/Documents/Project/Venturi/Vivado/Venturi.srcs/constrs_1/new/default.xdc:141]
WARNING: [Vivado 12-507] No nets matched 'pma_link_status'. [/home/chenxun/Documents/Project/Venturi/Vivado/Venturi.srcs/constrs_1/new/default.xdc:142]
CRITICAL WARNING: [Vivado 12-1419] Debug core 'u_ila_0' was not found. [/home/chenxun/Documents/Project/Venturi/Vivado/Venturi.srcs/constrs_1/new/default.xdc:142]
WARNING: [Vivado 12-507] No nets matched 'resetdone'. [/home/chenxun/Documents/Project/Venturi/Vivado/Venturi.srcs/constrs_1/new/default.xdc:143]
CRITICAL WARNING: [Vivado 12-1419] Debug core 'u_ila_0' was not found. [/home/chenxun/Documents/Project/Venturi/Vivado/Venturi.srcs/constrs_1/new/default.xdc:143]
WARNING: [Vivado 12-507] No nets matched 'rx_sig_det'. [/home/chenxun/Documents/Project/Venturi/Vivado/Venturi.srcs/constrs_1/new/default.xdc:144]
CRITICAL WARNING: [Vivado 12-1419] Debug core 'u_ila_0' was not found. [/home/chenxun/Documents/Project/Venturi/Vivado/Venturi.srcs/constrs_1/new/default.xdc:144]
WARNING: [Vivado 12-507] No nets matched 'teng_pcs_rx_link_status'. [/home/chenxun/Documents/Project/Venturi/Vivado/Venturi.srcs/constrs_1/new/default.xdc:145]
CRITICAL WARNING: [Vivado 12-1419] Debug core 'u_ila_0' was not found. [/home/chenxun/Documents/Project/Venturi/Vivado/Venturi.srcs/constrs_1/new/default.xdc:145]
WARNING: [Vivado 12-507] No nets matched 'w_core_tx_disable'. [/home/chenxun/Documents/Project/Venturi/Vivado/Venturi.srcs/constrs_1/new/default.xdc:146]
CRITICAL WARNING: [Vivado 12-1419] Debug core 'u_ila_0' was not found. [/home/chenxun/Documents/Project/Venturi/Vivado/Venturi.srcs/constrs_1/new/default.xdc:146]
WARNING: [Vivado 12-507] No nets matched 'pcs_pma_inst/ten_gig_eth_pcs_pma_core_support_layer_i/ten_gig_eth_pcs_pma_i/inst/ten_gig_eth_pcs_pma_with_QPLL_local_clock_reset_block/CLK'. [/home/chenxun/Documents/Project/Venturi/Vivado/Venturi.srcs/constrs_1/new/default.xdc:147]
CRITICAL WARNING: [Vivado 12-1419] Debug core 'u_ila_1' was not found. [/home/chenxun/Documents/Project/Venturi/Vivado/Venturi.srcs/constrs_1/new/default.xdc:147]
WARNING: [Vivado 12-507] No nets matched 'u_ila_1_CLK'. [/home/chenxun/Documents/Project/Venturi/Vivado/Venturi.srcs/constrs_1/new/default.xdc:148]
CRITICAL WARNING: [Vivado 12-1419] Debug core 'dbg_hub' was not found. [/home/chenxun/Documents/Project/Venturi/Vivado/Venturi.srcs/constrs_1/new/default.xdc:148]
WARNING: [Vivado 12-507] No nets matched 'u_ila_2_gtwiz_userclk_tx_usrclk2_out[0]'. [/home/chenxun/Documents/Project/Venturi/Vivado/Venturi.srcs/constrs_1/new/default.xdc:152]
CRITICAL WARNING: [Vivado 12-1419] Debug core 'dbg_hub' was not found. [/home/chenxun/Documents/Project/Venturi/Vivado/Venturi.srcs/constrs_1/new/default.xdc:152]
WARNING: [Vivado 12-750] There are no ChipScope debug cores in this design. [/home/chenxun/Documents/Project/Venturi/Vivado/Venturi.srcs/constrs_1/new/default.xdc:163]
CRITICAL WARNING: [Common 17-55] 'set_property' expects at least one object. [/home/chenxun/Documents/Project/Venturi/Vivado/Venturi.srcs/constrs_1/new/default.xdc:163]
Resolution: If [get_<value>] was used to populate the object, check to make sure this command returns at least one valid object.
WARNING: [Vivado 12-750] There are no ChipScope debug cores in this design. [/home/chenxun/Documents/Project/Venturi/Vivado/Venturi.srcs/constrs_1/new/default.xdc:164]
CRITICAL WARNING: [Common 17-55] 'set_property' expects at least one object. [/home/chenxun/Documents/Project/Venturi/Vivado/Venturi.srcs/constrs_1/new/default.xdc:164]
Resolution: If [get_<value>] was used to populate the object, check to make sure this command returns at least one valid object.
WARNING: [Vivado 12-750] There are no ChipScope debug cores in this design. [/home/chenxun/Documents/Project/Venturi/Vivado/Venturi.srcs/constrs_1/new/default.xdc:165]
CRITICAL WARNING: [Common 17-55] 'set_property' expects at least one object. [/home/chenxun/Documents/Project/Venturi/Vivado/Venturi.srcs/constrs_1/new/default.xdc:165]
Resolution: If [get_<value>] was used to populate the object, check to make sure this command returns at least one valid object.
CRITICAL WARNING: [Vivado 12-1419] Debug core 'dbg_hub' was not found. [/home/chenxun/Documents/Project/Venturi/Vivado/Venturi.srcs/constrs_1/new/default.xdc:166]
Finished Parsing XDC File [/home/chenxun/Documents/Project/Venturi/Vivado/Venturi.srcs/constrs_1/new/default.xdc]
Sourcing Tcl File [/home/chenxun/Vivado/Vivado/2018.3/data/ip/xpm/xpm_cdc/tcl/xpm_cdc_async_rst.tcl] for cell 'pcie_wrapper_inst/pcie3_ultrascale_inst/inst/user_lnk_up_cdc'
INFO: [Timing 38-35] Done setting XDC timing constraints. [/home/chenxun/Vivado/Vivado/2018.3/data/ip/xpm/xpm_cdc/tcl/xpm_cdc_async_rst.tcl:2]
Finished Sourcing Tcl File [/home/chenxun/Vivado/Vivado/2018.3/data/ip/xpm/xpm_cdc/tcl/xpm_cdc_async_rst.tcl] for cell 'pcie_wrapper_inst/pcie3_ultrascale_inst/inst/user_lnk_up_cdc'
Sourcing Tcl File [/home/chenxun/Vivado/Vivado/2018.3/data/ip/xpm/xpm_cdc/tcl/xpm_cdc_async_rst.tcl] for cell 'pcie_wrapper_inst/pcie3_ultrascale_inst/inst/user_reset_cdc'
Finished Sourcing Tcl File [/home/chenxun/Vivado/Vivado/2018.3/data/ip/xpm/xpm_cdc/tcl/xpm_cdc_async_rst.tcl] for cell 'pcie_wrapper_inst/pcie3_ultrascale_inst/inst/user_reset_cdc'
INFO: [Opt 31-138] Pushed 0 inverter(s) to 0 load pin(s).
Netlist sorting complete. Time (s): cpu = 00:00:00 ; elapsed = 00:00:00 . Memory (MB): peak = 2215.801 ; gain = 0.000 ; free physical = 7825 ; free virtual = 28475
INFO: [Project 1-111] Unisim Transformation Summary:
  A total of 2 instances were transformed.
  IBUF => IBUF_ANALOG: 1 instances
  IBUFGDS => IBUFDS (DIFFINBUF, IBUFCTRL): 1 instances

11 Infos, 100 Warnings, 22 Critical Warnings and 0 Errors encountered.
link_design completed successfully
link_design: Time (s): cpu = 00:00:05 ; elapsed = 00:00:08 . Memory (MB): peak = 2215.801 ; gain = 859.508 ; free physical = 7825 ; free virtual = 28475
Command: opt_design
Attempting to get a license for feature 'Implementation' and/or device 'xcku035'
INFO: [Common 17-349] Got license for feature 'Implementation' and/or device 'xcku035'
Running DRC as a precondition to command opt_design

Starting DRC Task
INFO: [DRC 23-27] Running DRC with 8 threads
INFO: [Project 1-461] DRC finished with 0 Errors
INFO: [Project 1-462] Please refer to the DRC report (report_drc) for more information.

Time (s): cpu = 00:00:01 ; elapsed = 00:00:00.83 . Memory (MB): peak = 2279.832 ; gain = 64.031 ; free physical = 7808 ; free virtual = 28458

Starting Cache Timing Information Task
INFO: [Constraints 18-632] set_output_delay: No clock object specified, the clocks will be automatically identified [/home/chenxun/Documents/Project/Venturi/Vivado/Venturi.srcs/constrs_1/new/default.xdc:111]
INFO: [Timing 38-35] Done setting XDC timing constraints.
Ending Cache Timing Information Task | Checksum: c7bed7f3

Time (s): cpu = 00:00:00.25 ; elapsed = 00:00:00.12 . Memory (MB): peak = 2279.832 ; gain = 0.000 ; free physical = 7805 ; free virtual = 28455

Starting Logic Optimization Task

Phase 1 Retarget
INFO: [Opt 31-138] Pushed 9 inverter(s) to 315 load pin(s).
INFO: [Opt 31-49] Retargeted 0 cell(s).
Phase 1 Retarget | Checksum: 10631c8ed

Time (s): cpu = 00:00:00.25 ; elapsed = 00:00:00.14 . Memory (MB): peak = 2334.816 ; gain = 0.000 ; free physical = 7731 ; free virtual = 28382
INFO: [Opt 31-389] Phase Retarget created 11 cells and removed 38 cells
INFO: [Opt 31-1021] In phase Retarget, 13 netlist objects are constrained preventing optimization. Please run opt_design with -debug_log to get more detail. 

Phase 2 Constant propagation
INFO: [Opt 31-138] Pushed 0 inverter(s) to 0 load pin(s).
Phase 2 Constant propagation | Checksum: 1079b0700

Time (s): cpu = 00:00:00.30 ; elapsed = 00:00:00.19 . Memory (MB): peak = 2334.816 ; gain = 0.000 ; free physical = 7731 ; free virtual = 28382
INFO: [Opt 31-389] Phase Constant propagation created 0 cells and removed 4 cells
INFO: [Opt 31-1021] In phase Constant propagation, 1 netlist objects are constrained preventing optimization. Please run opt_design with -debug_log to get more detail. 

Phase 3 Sweep
Phase 3 Sweep | Checksum: 146a46bd4

Time (s): cpu = 00:00:01 ; elapsed = 00:00:00.99 . Memory (MB): peak = 2334.816 ; gain = 0.000 ; free physical = 7733 ; free virtual = 28383
INFO: [Opt 31-389] Phase Sweep created 0 cells and removed 702 cells
INFO: [Opt 31-1021] In phase Sweep, 29 netlist objects are constrained preventing optimization. Please run opt_design with -debug_log to get more detail. 

Phase 4 BUFG optimization
Phase 4 BUFG optimization | Checksum: 146a46bd4

Time (s): cpu = 00:00:01 ; elapsed = 00:00:01 . Memory (MB): peak = 2334.816 ; gain = 0.000 ; free physical = 7733 ; free virtual = 28383
INFO: [Opt 31-662] Phase BUFG optimization created 0 cells of which 0 are BUFGs and removed 0 cells.

Phase 5 Shift Register Optimization
Phase 5 Shift Register Optimization | Checksum: 15f8149bf

Time (s): cpu = 00:00:03 ; elapsed = 00:00:02 . Memory (MB): peak = 2334.816 ; gain = 0.000 ; free physical = 7732 ; free virtual = 28383
INFO: [Opt 31-389] Phase Shift Register Optimization created 0 cells and removed 0 cells

Phase 6 Post Processing Netlist
Phase 6 Post Processing Netlist | Checksum: 15f8149bf

Time (s): cpu = 00:00:03 ; elapsed = 00:00:02 . Memory (MB): peak = 2334.816 ; gain = 0.000 ; free physical = 7733 ; free virtual = 28384
INFO: [Opt 31-389] Phase Post Processing Netlist created 0 cells and removed 0 cells
INFO: [Opt 31-1021] In phase Post Processing Netlist, 7 netlist objects are constrained preventing optimization. Please run opt_design with -debug_log to get more detail. 
Opt_design Change Summary
=========================


-------------------------------------------------------------------------------------------------------------------------
|  Phase                        |  #Cells created  |  #Cells Removed  |  #Constrained objects preventing optimizations  |
-------------------------------------------------------------------------------------------------------------------------
|  Retarget                     |              11  |              38  |                                             13  |
|  Constant propagation         |               0  |               4  |                                              1  |
|  Sweep                        |               0  |             702  |                                             29  |
|  BUFG optimization            |               0  |               0  |                                              0  |
|  Shift Register Optimization  |               0  |               0  |                                              0  |
|  Post Processing Netlist      |               0  |               0  |                                              7  |
-------------------------------------------------------------------------------------------------------------------------



Starting Connectivity Check Task

Time (s): cpu = 00:00:00 ; elapsed = 00:00:00 . Memory (MB): peak = 2334.816 ; gain = 0.000 ; free physical = 7733 ; free virtual = 28384
Ending Logic Optimization Task | Checksum: 15f8149bf

Time (s): cpu = 00:00:03 ; elapsed = 00:00:02 . Memory (MB): peak = 2334.816 ; gain = 0.000 ; free physical = 7733 ; free virtual = 28384

Starting Power Optimization Task
INFO: [Pwropt 34-132] Skipping clock gating for clocks with a period < 2.00 ns.
INFO: [Constraints 18-632] set_output_delay: No clock object specified, the clocks will be automatically identified [/home/chenxun/Documents/Project/Venturi/Vivado/Venturi.srcs/constrs_1/new/default.xdc:111]
INFO: [Timing 38-35] Done setting XDC timing constraints.
INFO: [Pwropt 34-9] Applying IDT optimizations ...
INFO: [Pwropt 34-10] Applying ODC optimizations ...
INFO: [Physopt 32-619] Estimated Timing Summary | WNS=0.000 | TNS=0.000 |
WARNING: [Power 33-232] No user defined clocks were found in the design!
Resolution: Please specify clocks using create_clock/create_generated_clock for sequential elements. For pure combinatorial circuits, please specify a virtual clock, otherwise the vectorless estimation might be inaccurate
Running Vector-less Activity Propagation...

Finished Running Vector-less Activity Propagation
WARNING: [Designutils 20-247] GTHE3_CHANNEL data rate of 50.0000 Gb/s is out of range. The valid Range is between 0.5000 - 16.3750  Gb/s for power estimation. Please check the configuration and clocking.


Starting PowerOpt Patch Enables Task
INFO: [Pwropt 34-162] WRITE_MODE attribute of 1 BRAM(s) out of a total of 15 has been updated to save power. Run report_power_opt to get a complete listing of the BRAMs updated.
INFO: [Pwropt 34-201] Structural ODC has moved 1 WE to EN ports
Number of BRAM Ports augmented: 8 newly gated: 1 Total Ports: 30
Ending PowerOpt Patch Enables Task | Checksum: 16d0ac7af

Time (s): cpu = 00:00:00.03 ; elapsed = 00:00:00.04 . Memory (MB): peak = 3571.090 ; gain = 0.000 ; free physical = 7081 ; free virtual = 27732
Ending Power Optimization Task | Checksum: 16d0ac7af

Time (s): cpu = 00:00:15 ; elapsed = 00:00:18 . Memory (MB): peak = 3571.090 ; gain = 1236.273 ; free physical = 7095 ; free virtual = 27746

Starting Final Cleanup Task
Ending Final Cleanup Task | Checksum: 16d0ac7af

Time (s): cpu = 00:00:00 ; elapsed = 00:00:00 . Memory (MB): peak = 3571.090 ; gain = 0.000 ; free physical = 7095 ; free virtual = 27746

Starting Netlist Obfuscation Task
Netlist sorting complete. Time (s): cpu = 00:00:00 ; elapsed = 00:00:00 . Memory (MB): peak = 3571.090 ; gain = 0.000 ; free physical = 7095 ; free virtual = 27746
Ending Netlist Obfuscation Task | Checksum: 14214f9ee

Time (s): cpu = 00:00:00 ; elapsed = 00:00:00 . Memory (MB): peak = 3571.090 ; gain = 0.000 ; free physical = 7095 ; free virtual = 27746
INFO: [Common 17-83] Releasing license: Implementation
39 Infos, 102 Warnings, 22 Critical Warnings and 0 Errors encountered.
opt_design completed successfully
opt_design: Time (s): cpu = 00:00:19 ; elapsed = 00:00:22 . Memory (MB): peak = 3571.090 ; gain = 1355.289 ; free physical = 7095 ; free virtual = 27746
Netlist sorting complete. Time (s): cpu = 00:00:00 ; elapsed = 00:00:00 . Memory (MB): peak = 3571.090 ; gain = 0.000 ; free physical = 7095 ; free virtual = 27746
INFO: [Timing 38-480] Writing timing data to binary archive.
Writing placer database...
Writing XDEF routing.
Writing XDEF routing logical nets.
Writing XDEF routing special nets.
Write XDEF Complete: Time (s): cpu = 00:00:00.13 ; elapsed = 00:00:00.04 . Memory (MB): peak = 3571.090 ; gain = 0.000 ; free physical = 7087 ; free virtual = 27742
Netlist sorting complete. Time (s): cpu = 00:00:00 ; elapsed = 00:00:00 . Memory (MB): peak = 3571.090 ; gain = 0.000 ; free physical = 7087 ; free virtual = 27742
INFO: [Common 17-1381] The checkpoint '/home/chenxun/Documents/Project/Venturi/Vivado/Venturi.runs/impl_1/top_opt.dcp' has been generated.
INFO: [runtcl-4] Executing : report_drc -file top_drc_opted.rpt -pb top_drc_opted.pb -rpx top_drc_opted.rpx
Command: report_drc -file top_drc_opted.rpt -pb top_drc_opted.pb -rpx top_drc_opted.rpx
INFO: [IP_Flow 19-1839] IP Catalog is up to date.
INFO: [DRC 23-27] Running DRC with 8 threads
INFO: [Coretcl 2-168] The results of DRC are in file /home/chenxun/Documents/Project/Venturi/Vivado/Venturi.runs/impl_1/top_drc_opted.rpt.
report_drc completed successfully
Command: place_design
Attempting to get a license for feature 'Implementation' and/or device 'xcku035'
INFO: [Common 17-349] Got license for feature 'Implementation' and/or device 'xcku035'
INFO: [DRC 23-27] Running DRC with 8 threads
INFO: [Vivado_Tcl 4-198] DRC finished with 0 Errors
INFO: [Vivado_Tcl 4-199] Please refer to the DRC report (report_drc) for more information.
Running DRC as a precondition to command place_design
INFO: [DRC 23-27] Running DRC with 8 threads
INFO: [Vivado_Tcl 4-198] DRC finished with 0 Errors
INFO: [Vivado_Tcl 4-199] Please refer to the DRC report (report_drc) for more information.

Starting Placer Task
INFO: [Place 30-611] Multithreading enabled for place_design using a maximum of 8 CPUs

Phase 1 Placer Initialization

Phase 1.1 Placer Initialization Netlist Sorting
Netlist sorting complete. Time (s): cpu = 00:00:00 ; elapsed = 00:00:00 . Memory (MB): peak = 3579.176 ; gain = 0.000 ; free physical = 7041 ; free virtual = 27695
Phase 1.1 Placer Initialization Netlist Sorting | Checksum: cbea27bf

Time (s): cpu = 00:00:00.01 ; elapsed = 00:00:00.01 . Memory (MB): peak = 3579.176 ; gain = 0.000 ; free physical = 7041 ; free virtual = 27695
Netlist sorting complete. Time (s): cpu = 00:00:00 ; elapsed = 00:00:00 . Memory (MB): peak = 3579.176 ; gain = 0.000 ; free physical = 7041 ; free virtual = 27695

Phase 1.2 IO Placement/ Clock Placement/ Build Placer Device
INFO: [Constraints 18-632] set_output_delay: No clock object specified, the clocks will be automatically identified [/home/chenxun/Documents/Project/Venturi/Vivado/Venturi.srcs/constrs_1/new/default.xdc:111]
INFO: [Timing 38-35] Done setting XDC timing constraints.
Phase 1.2 IO Placement/ Clock Placement/ Build Placer Device | Checksum: 9b40eded

Time (s): cpu = 00:00:01 ; elapsed = 00:00:00.96 . Memory (MB): peak = 3579.176 ; gain = 0.000 ; free physical = 7055 ; free virtual = 27709

Phase 1.3 Build Placer Netlist Model
Phase 1.3 Build Placer Netlist Model | Checksum: 18e4c50f5

Time (s): cpu = 00:00:02 ; elapsed = 00:00:01 . Memory (MB): peak = 3579.176 ; gain = 0.000 ; free physical = 7068 ; free virtual = 27722

Phase 1.4 Constrain Clocks/Macros
Phase 1.4 Constrain Clocks/Macros | Checksum: 18e4c50f5

Time (s): cpu = 00:00:02 ; elapsed = 00:00:01 . Memory (MB): peak = 3579.176 ; gain = 0.000 ; free physical = 7068 ; free virtual = 27722
Phase 1 Placer Initialization | Checksum: 18e4c50f5

Time (s): cpu = 00:00:02 ; elapsed = 00:00:01 . Memory (MB): peak = 3579.176 ; gain = 0.000 ; free physical = 7068 ; free virtual = 27722

Phase 2 Global Placement

Phase 2.1 Floorplanning
Phase 2.1 Floorplanning | Checksum: 18e4c50f5

Time (s): cpu = 00:00:02 ; elapsed = 00:00:01 . Memory (MB): peak = 3579.176 ; gain = 0.000 ; free physical = 7068 ; free virtual = 27722
WARNING: [Place 46-29] place_design is not in timing mode. Skip physical synthesis in placer
Phase 2 Global Placement | Checksum: b4a5c8ce

Time (s): cpu = 00:00:12 ; elapsed = 00:00:03 . Memory (MB): peak = 3579.176 ; gain = 0.000 ; free physical = 7088 ; free virtual = 27742

Phase 3 Detail Placement

Phase 3.1 Commit Multi Column Macros
Phase 3.1 Commit Multi Column Macros | Checksum: b4a5c8ce

Time (s): cpu = 00:00:12 ; elapsed = 00:00:03 . Memory (MB): peak = 3579.176 ; gain = 0.000 ; free physical = 7088 ; free virtual = 27742

Phase 3.2 Commit Most Macros & LUTRAMs
Phase 3.2 Commit Most Macros & LUTRAMs | Checksum: 10677a0ff

Time (s): cpu = 00:00:12 ; elapsed = 00:00:03 . Memory (MB): peak = 3579.176 ; gain = 0.000 ; free physical = 7088 ; free virtual = 27742

Phase 3.3 Area Swap Optimization
Phase 3.3 Area Swap Optimization | Checksum: c3ee91e1

Time (s): cpu = 00:00:12 ; elapsed = 00:00:03 . Memory (MB): peak = 3579.176 ; gain = 0.000 ; free physical = 7088 ; free virtual = 27742

Phase 3.4 Pipeline Register Optimization
Phase 3.4 Pipeline Register Optimization | Checksum: c3ee91e1

Time (s): cpu = 00:00:12 ; elapsed = 00:00:03 . Memory (MB): peak = 3579.176 ; gain = 0.000 ; free physical = 7088 ; free virtual = 27742

Phase 3.5 Small Shape Clustering
Phase 3.5 Small Shape Clustering | Checksum: 1a1f98bf3

Time (s): cpu = 00:00:13 ; elapsed = 00:00:04 . Memory (MB): peak = 3579.176 ; gain = 0.000 ; free physical = 7063 ; free virtual = 27717

Phase 3.6 DP Optimization
Phase 3.6 DP Optimization | Checksum: 188eb8c98

Time (s): cpu = 00:00:17 ; elapsed = 00:00:05 . Memory (MB): peak = 3579.176 ; gain = 0.000 ; free physical = 7072 ; free virtual = 27726

Phase 3.7 Flow Legalize Slice Clusters
Phase 3.7 Flow Legalize Slice Clusters | Checksum: 199f0bfba

Time (s): cpu = 00:00:17 ; elapsed = 00:00:05 . Memory (MB): peak = 3579.176 ; gain = 0.000 ; free physical = 7071 ; free virtual = 27725

Phase 3.8 Slice Area Swap
Phase 3.8 Slice Area Swap | Checksum: 17ae00451

Time (s): cpu = 00:00:17 ; elapsed = 00:00:05 . Memory (MB): peak = 3579.176 ; gain = 0.000 ; free physical = 7071 ; free virtual = 27724

Phase 3.9 Commit Slice Clusters
Phase 3.9 Commit Slice Clusters | Checksum: 1012edf86

Time (s): cpu = 00:00:17 ; elapsed = 00:00:05 . Memory (MB): peak = 3579.176 ; gain = 0.000 ; free physical = 7071 ; free virtual = 27724

Phase 3.10 Re-assign LUT pins
Phase 3.10 Re-assign LUT pins | Checksum: 112bbdd06

Time (s): cpu = 00:00:18 ; elapsed = 00:00:05 . Memory (MB): peak = 3579.176 ; gain = 0.000 ; free physical = 7071 ; free virtual = 27724

Phase 3.11 Pipeline Register Optimization
Phase 3.11 Pipeline Register Optimization | Checksum: 112bbdd06

Time (s): cpu = 00:00:18 ; elapsed = 00:00:05 . Memory (MB): peak = 3579.176 ; gain = 0.000 ; free physical = 7071 ; free virtual = 27724
Phase 3 Detail Placement | Checksum: 112bbdd06

Time (s): cpu = 00:00:18 ; elapsed = 00:00:05 . Memory (MB): peak = 3579.176 ; gain = 0.000 ; free physical = 7071 ; free virtual = 27724

Phase 4 Post Placement Optimization and Clean-Up

Phase 4.1 Post Commit Optimization
Phase 4.1 Post Commit Optimization | Checksum: 112bbdd06

Time (s): cpu = 00:00:18 ; elapsed = 00:00:05 . Memory (MB): peak = 3579.176 ; gain = 0.000 ; free physical = 7071 ; free virtual = 27724

Phase 4.2 Post Placement Cleanup
Phase 4.2 Post Placement Cleanup | Checksum: 112bbdd06

Time (s): cpu = 00:00:18 ; elapsed = 00:00:05 . Memory (MB): peak = 3579.176 ; gain = 0.000 ; free physical = 7071 ; free virtual = 27724
Netlist sorting complete. Time (s): cpu = 00:00:00 ; elapsed = 00:00:00 . Memory (MB): peak = 3579.176 ; gain = 0.000 ; free physical = 7071 ; free virtual = 27725

Phase 4.3 Placer Reporting
Phase 4.3 Placer Reporting | Checksum: 1bdb969c0

Time (s): cpu = 00:00:18 ; elapsed = 00:00:05 . Memory (MB): peak = 3579.176 ; gain = 0.000 ; free physical = 7071 ; free virtual = 27725

Phase 4.4 Final Placement Cleanup
Netlist sorting complete. Time (s): cpu = 00:00:00 ; elapsed = 00:00:00 . Memory (MB): peak = 3579.176 ; gain = 0.000 ; free physical = 7071 ; free virtual = 27725
Phase 4.4 Final Placement Cleanup | Checksum: 1e6bccc34

Time (s): cpu = 00:00:18 ; elapsed = 00:00:05 . Memory (MB): peak = 3579.176 ; gain = 0.000 ; free physical = 7071 ; free virtual = 27725
Phase 4 Post Placement Optimization and Clean-Up | Checksum: 1e6bccc34

Time (s): cpu = 00:00:18 ; elapsed = 00:00:05 . Memory (MB): peak = 3579.176 ; gain = 0.000 ; free physical = 7071 ; free virtual = 27725
Ending Placer Task | Checksum: 17ec4fea5

Time (s): cpu = 00:00:18 ; elapsed = 00:00:05 . Memory (MB): peak = 3579.176 ; gain = 0.000 ; free physical = 7071 ; free virtual = 27725
INFO: [Common 17-83] Releasing license: Implementation
56 Infos, 103 Warnings, 22 Critical Warnings and 0 Errors encountered.
place_design completed successfully
place_design: Time (s): cpu = 00:00:20 ; elapsed = 00:00:07 . Memory (MB): peak = 3579.176 ; gain = 0.000 ; free physical = 7071 ; free virtual = 27725
Netlist sorting complete. Time (s): cpu = 00:00:00 ; elapsed = 00:00:00 . Memory (MB): peak = 3579.176 ; gain = 0.000 ; free physical = 7071 ; free virtual = 27725
INFO: [Timing 38-480] Writing timing data to binary archive.
Writing placer database...
Netlist sorting complete. Time (s): cpu = 00:00:00 ; elapsed = 00:00:00 . Memory (MB): peak = 3579.176 ; gain = 0.000 ; free physical = 7070 ; free virtual = 27725
Writing XDEF routing.
Writing XDEF routing logical nets.
Writing XDEF routing special nets.
Write XDEF Complete: Time (s): cpu = 00:00:00.50 ; elapsed = 00:00:00.16 . Memory (MB): peak = 3579.176 ; gain = 0.000 ; free physical = 7061 ; free virtual = 27725
INFO: [Common 17-1381] The checkpoint '/home/chenxun/Documents/Project/Venturi/Vivado/Venturi.runs/impl_1/top_placed.dcp' has been generated.
INFO: [runtcl-4] Executing : report_io -file top_io_placed.rpt
report_io: Time (s): cpu = 00:00:00.04 ; elapsed = 00:00:00.09 . Memory (MB): peak = 3579.176 ; gain = 0.000 ; free physical = 7060 ; free virtual = 27718
INFO: [runtcl-4] Executing : report_utilization -file top_utilization_placed.rpt -pb top_utilization_placed.pb
INFO: [runtcl-4] Executing : report_control_sets -verbose -file top_control_sets_placed.rpt
report_control_sets: Time (s): cpu = 00:00:00.01 ; elapsed = 00:00:00.05 . Memory (MB): peak = 3579.176 ; gain = 0.000 ; free physical = 7057 ; free virtual = 27715
Command: route_design
Attempting to get a license for feature 'Implementation' and/or device 'xcku035'
INFO: [Common 17-349] Got license for feature 'Implementation' and/or device 'xcku035'
Running DRC as a precondition to command route_design
INFO: [DRC 23-27] Running DRC with 8 threads
INFO: [Vivado_Tcl 4-198] DRC finished with 0 Errors
INFO: [Vivado_Tcl 4-199] Please refer to the DRC report (report_drc) for more information.


Starting Routing Task
INFO: [Route 35-254] Multithreading enabled for route_design using a maximum of 8 CPUs
Checksum: PlaceDB: 8a1b7463 ConstDB: 0 ShapeSum: 49abfd88 RouteDB: aafd8cba

Phase 1 Build RT Design
Phase 1 Build RT Design | Checksum: d5789fd8

Time (s): cpu = 00:00:17 ; elapsed = 00:00:12 . Memory (MB): peak = 3579.176 ; gain = 0.000 ; free physical = 6848 ; free virtual = 27506
Post Restoration Checksum: NetGraph: 6a845288 NumContArr: 6c8ad2fd Constraints: 405c7f9a Timing: 0

Phase 2 Router Initialization

Phase 2.1 Create Timer
INFO: [Constraints 18-632] set_output_delay: No clock object specified, the clocks will be automatically identified [/home/chenxun/Documents/Project/Venturi/Vivado/Venturi.srcs/constrs_1/new/default.xdc:111]
INFO: [Timing 38-35] Done setting XDC timing constraints.
Phase 2.1 Create Timer | Checksum: 1176ba51f

Time (s): cpu = 00:00:17 ; elapsed = 00:00:12 . Memory (MB): peak = 3579.176 ; gain = 0.000 ; free physical = 6851 ; free virtual = 27509

Phase 2.2 Fix Topology Constraints
Phase 2.2 Fix Topology Constraints | Checksum: 1176ba51f

Time (s): cpu = 00:00:17 ; elapsed = 00:00:12 . Memory (MB): peak = 3579.176 ; gain = 0.000 ; free physical = 6796 ; free virtual = 27454

Phase 2.3 Pre Route Cleanup
Phase 2.3 Pre Route Cleanup | Checksum: 1176ba51f

Time (s): cpu = 00:00:17 ; elapsed = 00:00:13 . Memory (MB): peak = 3579.176 ; gain = 0.000 ; free physical = 6796 ; free virtual = 27454

Phase 2.4 Global Clock Net Routing
 Number of Nodes with overlaps = 0
Phase 2.4 Global Clock Net Routing | Checksum: 1a5f19387

Time (s): cpu = 00:00:18 ; elapsed = 00:00:13 . Memory (MB): peak = 3579.176 ; gain = 0.000 ; free physical = 6670 ; free virtual = 27328

Phase 2.5 Update Timing
Phase 2.5 Update Timing | Checksum: 1a5f19387

Time (s): cpu = 00:00:18 ; elapsed = 00:00:13 . Memory (MB): peak = 3579.176 ; gain = 0.000 ; free physical = 6670 ; free virtual = 27328
Phase 2 Router Initialization | Checksum: 24434fef9

Time (s): cpu = 00:00:18 ; elapsed = 00:00:13 . Memory (MB): peak = 3579.176 ; gain = 0.000 ; free physical = 6670 ; free virtual = 27328

Phase 3 Initial Routing
Phase 3 Initial Routing | Checksum: 1b3a24a80

Time (s): cpu = 00:00:21 ; elapsed = 00:00:14 . Memory (MB): peak = 3579.176 ; gain = 0.000 ; free physical = 6590 ; free virtual = 27248

Phase 4 Rip-up And Reroute

Phase 4.1 Global Iteration 0

Phase 4.1.1 Update Timing
Phase 4.1.1 Update Timing | Checksum: 1b3a24a80

Time (s): cpu = 00:00:21 ; elapsed = 00:00:14 . Memory (MB): peak = 3579.176 ; gain = 0.000 ; free physical = 6589 ; free virtual = 27247
WARNING: [Route 35-447] Congestion is preventing the router from routing all nets. The router will prioritize the successful completion of routing all nets over timing optimizations.
Phase 4.1 Global Iteration 0 | Checksum: 18c5ff523

Time (s): cpu = 00:00:21 ; elapsed = 00:00:15 . Memory (MB): peak = 3579.176 ; gain = 0.000 ; free physical = 6589 ; free virtual = 27247

Phase 4.2 Global Iteration 1
 Number of Nodes with overlaps = 808
 Number of Nodes with overlaps = 16
 Number of Nodes with overlaps = 0
INFO: [Route 35-467] Router swapped GT pin pcie_wrapper_inst/pcie3_ultrascale_inst/inst/gt_top_i/gt_wizard.gtwizard_top_i/pcie3_ultrascale_0_gt_i/inst/gen_gtwizard_gthe3_top.pcie3_ultrascale_0_gt_gtwizard_gthe3_inst/gen_gtwizard_gthe3.gen_common.gen_common_container[0].gen_enabled_common.gthe3_common_wrapper_inst/common_inst/gthe3_common_gen.GTHE3_COMMON_PRIM_INST/GTREFCLK01 to physical pin GTHE3_COMMON_X0Y0/COM2_REFCLKOUT5
INFO: [Route 35-467] Router swapped GT pin pcie_wrapper_inst/pcie3_ultrascale_inst/inst/gt_top_i/gt_wizard.gtwizard_top_i/pcie3_ultrascale_0_gt_i/inst/gen_gtwizard_gthe3_top.pcie3_ultrascale_0_gt_gtwizard_gthe3_inst/gen_gtwizard_gthe3.gen_channel_container[0].gen_enabled_channel.gthe3_channel_wrapper_inst/channel_inst/gthe3_channel_gen.gen_gthe3_channel_inst[0].GTHE3_CHANNEL_PRIM_INST/GTREFCLK0 to physical pin GTHE3_CHANNEL_X0Y0/SOUTHREFCLK1
INFO: [Route 35-467] Router swapped GT pin pcie_wrapper_inst/pcie3_ultrascale_inst/inst/gt_top_i/gt_wizard.gtwizard_top_i/pcie3_ultrascale_0_gt_i/inst/gen_gtwizard_gthe3_top.pcie3_ultrascale_0_gt_gtwizard_gthe3_inst/gen_gtwizard_gthe3.gen_channel_container[0].gen_enabled_channel.gthe3_channel_wrapper_inst/channel_inst/gthe3_channel_gen.gen_gthe3_channel_inst[1].GTHE3_CHANNEL_PRIM_INST/GTREFCLK0 to physical pin GTHE3_CHANNEL_X0Y1/SOUTHREFCLK1
INFO: [Route 35-467] Router swapped GT pin pcie_wrapper_inst/pcie3_ultrascale_inst/inst/gt_top_i/gt_wizard.gtwizard_top_i/pcie3_ultrascale_0_gt_i/inst/gen_gtwizard_gthe3_top.pcie3_ultrascale_0_gt_gtwizard_gthe3_inst/gen_gtwizard_gthe3.gen_channel_container[0].gen_enabled_channel.gthe3_channel_wrapper_inst/channel_inst/gthe3_channel_gen.gen_gthe3_channel_inst[2].GTHE3_CHANNEL_PRIM_INST/GTREFCLK0 to physical pin GTHE3_CHANNEL_X0Y2/SOUTHREFCLK1
INFO: [Route 35-467] Router swapped GT pin pcie_wrapper_inst/pcie3_ultrascale_inst/inst/gt_top_i/gt_wizard.gtwizard_top_i/pcie3_ultrascale_0_gt_i/inst/gen_gtwizard_gthe3_top.pcie3_ultrascale_0_gt_gtwizard_gthe3_inst/gen_gtwizard_gthe3.gen_channel_container[0].gen_enabled_channel.gthe3_channel_wrapper_inst/channel_inst/gthe3_channel_gen.gen_gthe3_channel_inst[3].GTHE3_CHANNEL_PRIM_INST/GTREFCLK0 to physical pin GTHE3_CHANNEL_X0Y3/SOUTHREFCLK1
Phase 4.2 Global Iteration 1 | Checksum: 17171f347

Time (s): cpu = 00:00:23 ; elapsed = 00:00:15 . Memory (MB): peak = 3579.176 ; gain = 0.000 ; free physical = 6626 ; free virtual = 27284

Phase 4.3 Additional Iteration for Hold
Phase 4.3 Additional Iteration for Hold | Checksum: 1c20e43a8

Time (s): cpu = 00:00:23 ; elapsed = 00:00:15 . Memory (MB): peak = 3579.176 ; gain = 0.000 ; free physical = 6626 ; free virtual = 27284
Phase 4 Rip-up And Reroute | Checksum: 1c20e43a8

Time (s): cpu = 00:00:23 ; elapsed = 00:00:15 . Memory (MB): peak = 3579.176 ; gain = 0.000 ; free physical = 6626 ; free virtual = 27284

Phase 5 Delay and Skew Optimization

Phase 5.1 Delay CleanUp
Phase 5.1 Delay CleanUp | Checksum: 1c20e43a8

Time (s): cpu = 00:00:23 ; elapsed = 00:00:15 . Memory (MB): peak = 3579.176 ; gain = 0.000 ; free physical = 6626 ; free virtual = 27284

Phase 5.2 Clock Skew Optimization
Phase 5.2 Clock Skew Optimization | Checksum: 1c20e43a8

Time (s): cpu = 00:00:23 ; elapsed = 00:00:15 . Memory (MB): peak = 3579.176 ; gain = 0.000 ; free physical = 6626 ; free virtual = 27284
Phase 5 Delay and Skew Optimization | Checksum: 1c20e43a8

Time (s): cpu = 00:00:23 ; elapsed = 00:00:15 . Memory (MB): peak = 3579.176 ; gain = 0.000 ; free physical = 6626 ; free virtual = 27284

Phase 6 Post Hold Fix

Phase 6.1 Hold Fix Iter

Phase 6.1.1 Update Timing
Phase 6.1.1 Update Timing | Checksum: 1c20e43a8

Time (s): cpu = 00:00:24 ; elapsed = 00:00:16 . Memory (MB): peak = 3579.176 ; gain = 0.000 ; free physical = 6632 ; free virtual = 27290
Phase 6.1 Hold Fix Iter | Checksum: 1c20e43a8

Time (s): cpu = 00:00:24 ; elapsed = 00:00:16 . Memory (MB): peak = 3579.176 ; gain = 0.000 ; free physical = 6632 ; free virtual = 27290
Phase 6 Post Hold Fix | Checksum: 1c20e43a8

Time (s): cpu = 00:00:24 ; elapsed = 00:00:16 . Memory (MB): peak = 3579.176 ; gain = 0.000 ; free physical = 6632 ; free virtual = 27290

Phase 7 Route finalize

Router Utilization Summary
  Global Vertical Routing Utilization    = 0.529202 %
  Global Horizontal Routing Utilization  = 0.397887 %
  Routable Net Status*
  *Does not include unroutable nets such as driverless and loadless.
  Run report_route_status for detailed report.
  Number of Failed Nets               = 0
  Number of Unrouted Nets             = 0
  Number of Partially Routed Nets     = 0
  Number of Node Overlaps             = 0

Phase 7 Route finalize | Checksum: 138effc1e

Time (s): cpu = 00:00:25 ; elapsed = 00:00:16 . Memory (MB): peak = 3579.176 ; gain = 0.000 ; free physical = 6639 ; free virtual = 27297

Phase 8 Verifying routed nets

 Verification completed successfully
Phase 8 Verifying routed nets | Checksum: 138effc1e

Time (s): cpu = 00:00:25 ; elapsed = 00:00:16 . Memory (MB): peak = 3579.176 ; gain = 0.000 ; free physical = 6632 ; free virtual = 27290

Phase 9 Depositing Routes
Phase 9 Depositing Routes | Checksum: 138effc1e

Time (s): cpu = 00:00:25 ; elapsed = 00:00:16 . Memory (MB): peak = 3579.176 ; gain = 0.000 ; free physical = 6631 ; free virtual = 27289

Phase 10 Post Router Timing
Phase 10 Post Router Timing | Checksum: 138effc1e

Time (s): cpu = 00:00:25 ; elapsed = 00:00:16 . Memory (MB): peak = 3579.176 ; gain = 0.000 ; free physical = 6635 ; free virtual = 27293
INFO: [Route 35-16] Router Completed Successfully

Time (s): cpu = 00:00:25 ; elapsed = 00:00:16 . Memory (MB): peak = 3579.176 ; gain = 0.000 ; free physical = 6693 ; free virtual = 27351

Routing Is Done.
INFO: [Common 17-83] Releasing license: Implementation
75 Infos, 104 Warnings, 22 Critical Warnings and 0 Errors encountered.
route_design completed successfully
route_design: Time (s): cpu = 00:00:26 ; elapsed = 00:00:17 . Memory (MB): peak = 3579.176 ; gain = 0.000 ; free physical = 6693 ; free virtual = 27351
Netlist sorting complete. Time (s): cpu = 00:00:00 ; elapsed = 00:00:00 . Memory (MB): peak = 3579.176 ; gain = 0.000 ; free physical = 6693 ; free virtual = 27351
INFO: [Timing 38-480] Writing timing data to binary archive.
Writing placer database...
Netlist sorting complete. Time (s): cpu = 00:00:00.01 ; elapsed = 00:00:00 . Memory (MB): peak = 3579.176 ; gain = 0.000 ; free physical = 6691 ; free virtual = 27351
Writing XDEF routing.
Writing XDEF routing logical nets.
Writing XDEF routing special nets.
Write XDEF Complete: Time (s): cpu = 00:00:00.51 ; elapsed = 00:00:00.16 . Memory (MB): peak = 3579.176 ; gain = 0.000 ; free physical = 6675 ; free virtual = 27347
INFO: [Common 17-1381] The checkpoint '/home/chenxun/Documents/Project/Venturi/Vivado/Venturi.runs/impl_1/top_routed.dcp' has been generated.
INFO: [runtcl-4] Executing : report_drc -file top_drc_routed.rpt -pb top_drc_routed.pb -rpx top_drc_routed.rpx
Command: report_drc -file top_drc_routed.rpt -pb top_drc_routed.pb -rpx top_drc_routed.rpx
INFO: [IP_Flow 19-1839] IP Catalog is up to date.
INFO: [DRC 23-27] Running DRC with 8 threads
INFO: [Coretcl 2-168] The results of DRC are in file /home/chenxun/Documents/Project/Venturi/Vivado/Venturi.runs/impl_1/top_drc_routed.rpt.
report_drc completed successfully
INFO: [runtcl-4] Executing : report_methodology -file top_methodology_drc_routed.rpt -pb top_methodology_drc_routed.pb -rpx top_methodology_drc_routed.rpx
Command: report_methodology -file top_methodology_drc_routed.rpt -pb top_methodology_drc_routed.pb -rpx top_methodology_drc_routed.rpx
INFO: [Constraints 18-632] set_output_delay: No clock object specified, the clocks will be automatically identified [/home/chenxun/Documents/Project/Venturi/Vivado/Venturi.srcs/constrs_1/new/default.xdc:111]
INFO: [Timing 38-35] Done setting XDC timing constraints.
INFO: [DRC 23-133] Running Methodology with 8 threads
INFO: [Coretcl 2-1520] The results of Report Methodology are in file /home/chenxun/Documents/Project/Venturi/Vivado/Venturi.runs/impl_1/top_methodology_drc_routed.rpt.
report_methodology completed successfully
INFO: [runtcl-4] Executing : report_power -file top_power_routed.rpt -pb top_power_summary_routed.pb -rpx top_power_routed.rpx
Command: report_power -file top_power_routed.rpt -pb top_power_summary_routed.pb -rpx top_power_routed.rpx
WARNING: [Power 33-232] No user defined clocks were found in the design!
Resolution: Please specify clocks using create_clock/create_generated_clock for sequential elements. For pure combinatorial circuits, please specify a virtual clock, otherwise the vectorless estimation might be inaccurate
INFO: [Constraints 18-632] set_output_delay: No clock object specified, the clocks will be automatically identified [/home/chenxun/Documents/Project/Venturi/Vivado/Venturi.srcs/constrs_1/new/default.xdc:111]
INFO: [Timing 38-35] Done setting XDC timing constraints.
Running Vector-less Activity Propagation...

Finished Running Vector-less Activity Propagation
WARNING: [Designutils 20-247] GTHE3_CHANNEL data rate of 50.0000 Gb/s is out of range. The valid Range is between 0.5000 - 16.3750  Gb/s for power estimation. Please check the configuration and clocking.
WARNING: [Power 33-332] Found switching activity that implies high-fanout reset nets being asserted for excessive periods of time which may result in inaccurate power analysis.
Resolution: To review and fix problems, please run Power Constraints Advisor in the GUI from Tools > Power Constraints Advisor or run report_power with the -advisory option to generate a text report.
89 Infos, 107 Warnings, 22 Critical Warnings and 0 Errors encountered.
report_power completed successfully
INFO: [runtcl-4] Executing : report_route_status -file top_route_status.rpt -pb top_route_status.pb
INFO: [runtcl-4] Executing : report_timing_summary -max_paths 10 -file top_timing_summary_routed.rpt -pb top_timing_summary_routed.pb -rpx top_timing_summary_routed.rpx -warn_on_violation 
INFO: [Timing 38-91] UpdateTimingParams: Speed grade: -2, Temperature grade: E, Delay Type: min_max.
INFO: [Timing 38-191] Multithreading enabled for timing update using a maximum of 8 CPUs
INFO: [runtcl-4] Executing : report_incremental_reuse -file top_incremental_reuse_routed.rpt
INFO: [Vivado_Tcl 4-1062] Incremental flow is disabled. No incremental reuse Info to report.
INFO: [runtcl-4] Executing : report_clock_utilization -file top_clock_utilization_routed.rpt
INFO: [runtcl-4] Executing : report_bus_skew -warn_on_violation -file top_bus_skew_routed.rpt -pb top_bus_skew_routed.pb -rpx top_bus_skew_routed.rpx
INFO: [Timing 38-91] UpdateTimingParams: Speed grade: -2, Temperature grade: E, Delay Type: min_max.
INFO: [Timing 38-191] Multithreading enabled for timing update using a maximum of 8 CPUs
Command: write_bitstream -force top.bit
Attempting to get a license for feature 'Implementation' and/or device 'xcku035'
INFO: [Common 17-349] Got license for feature 'Implementation' and/or device 'xcku035'
Running DRC as a precondition to command write_bitstream
INFO: [IP_Flow 19-1839] IP Catalog is up to date.
INFO: [DRC 23-27] Running DRC with 8 threads
WARNING: [DRC RTSTAT-10] No routable loads: 7 net(s) have no routable loads. The problem bus(es) and/or net(s) are pcie_wrapper_inst/pcie3_ultrascale_inst/inst/cfg_ltssm_state_reg0[5:0], and pcs_pma_wrapper_inst/bit_sync_rx_status_inst/o_out[0].
INFO: [Vivado 12-3199] DRC finished with 0 Errors, 1 Warnings
INFO: [Vivado 12-3200] Please refer to the DRC report (report_drc) for more information.
INFO: [Designutils 20-2272] Running write_bitstream with 8 threads.
Loading data files...
Loading site data...
Loading route data...
Processing options...
Creating bitmap...
Creating bitstream...
Bitstream compression saved 104301664 bits.
Writing bitstream ./top.bit...
INFO: [Vivado 12-1842] Bitgen Completed Successfully.
INFO: [Project 1-120] WebTalk data collection is mandatory when using a WebPACK part without a full Vivado license. To see the specific WebTalk data collected for your design, open the usage_statistics_webtalk.html or usage_statistics_webtalk.xml file in the implementation directory.
INFO: [Common 17-83] Releasing license: Implementation
108 Infos, 108 Warnings, 22 Critical Warnings and 0 Errors encountered.
write_bitstream completed successfully
write_bitstream: Time (s): cpu = 00:00:07 ; elapsed = 00:02:22 . Memory (MB): peak = 3579.176 ; gain = 0.000 ; free physical = 6699 ; free virtual = 27373
INFO: [Common 17-206] Exiting Vivado at Sat Mar 14 18:31:11 2026...
[Sat Mar 14 18:31:11 2026] impl_1 finished
wait_on_run: Time (s): cpu = 00:01:40 ; elapsed = 00:03:34 . Memory (MB): peak = 1401.426 ; gain = 0.000 ; free physical = 8592 ; free virtual = 29266
# close_project
INFO: [Common 17-206] Exiting Vivado at Sat Mar 14 18:31:11 2026...
