#-----------------------------------------------------------
# Vivado v2018.3 (64-bit)
# SW Build 2405991 on Thu Dec  6 23:36:41 MST 2018
# IP Build 2404404 on Fri Dec  7 01:43:56 MST 2018
# Start of session at: Fri Feb 13 21:42:43 2026
# Process ID: 3677100
# Current directory: /home/chenxun/Documents/Project/Venturi/Vivado_example/eth_xcvr_gth_full_ex
# Command line: vivado -notrace -source /home/chenxun/Documents/Project/Venturi/Vivado/Venturi.srcs/sources_1/ip/eth_xcvr_gth_full/eth_xcvr_gth_full_ex.tcl
# Log file: /home/chenxun/Documents/Project/Venturi/Vivado_example/eth_xcvr_gth_full_ex/vivado.log
# Journal file: /home/chenxun/Documents/Project/Venturi/Vivado_example/eth_xcvr_gth_full_ex/vivado.jou
#-----------------------------------------------------------
start_gui
source /home/chenxun/Documents/Project/Venturi/Vivado/Venturi.srcs/sources_1/ip/eth_xcvr_gth_full/eth_xcvr_gth_full_ex.tcl -notrace
INFO: [open_example_project] Creating new example project...
INFO: [IP_Flow 19-234] Refreshing IP repositories
INFO: [IP_Flow 19-1704] No user IP repositories specified
INFO: [IP_Flow 19-2313] Loaded Vivado IP repository '/home/chenxun/Vivado/Vivado/2018.3/data/ip'.
INFO: [open_example_project] Importing original IP ...
INFO: [open_example_project] Generating the example project IP ...
INFO: [open_example_project] Adding example synthesis HDL files ...
INFO: [open_example_project] Adding example XDC files ...
INFO: [open_example_project] Adding simulation HDL files ...
INFO: [open_example_project] Sourcing example extension scripts ...
INFO: [IP_Flow 19-1686] Generating 'Instantiation Template' target for IP 'eth_xcvr_gth_full_vio_0'...
INFO: [IP_Flow 19-1686] Generating 'Synthesis' target for IP 'eth_xcvr_gth_full_vio_0'...
INFO: [IP_Flow 19-1686] Generating 'Simulation' target for IP 'eth_xcvr_gth_full_vio_0'...
INFO: [IP_Flow 19-1686] Generating 'Change Log' target for IP 'eth_xcvr_gth_full_vio_0'...
INFO: [open_example_project] Rebuilding all the top level IPs ...
INFO: [exportsim-Tcl-35] Exporting simulation files for "XSIM" (Xilinx Vivado Simulator)...
INFO: [exportsim-Tcl-29] Script generated: '/home/chenxun/Documents/Project/Venturi/Vivado_example/eth_xcvr_gth_full_ex/eth_xcvr_gth_full_ex.ip_user_files/sim_scripts/eth_xcvr_gth_full/xsim/eth_xcvr_gth_full.sh'
INFO: [exportsim-Tcl-35] Exporting simulation files for "MODELSIM" (Mentor Graphics ModelSim Simulator)...
INFO: [exportsim-Tcl-29] Script generated: '/home/chenxun/Documents/Project/Venturi/Vivado_example/eth_xcvr_gth_full_ex/eth_xcvr_gth_full_ex.ip_user_files/sim_scripts/eth_xcvr_gth_full/modelsim/eth_xcvr_gth_full.sh'
INFO: [exportsim-Tcl-35] Exporting simulation files for "QUESTA" (Mentor Graphics Questa Advanced Simulator)...
INFO: [exportsim-Tcl-29] Script generated: '/home/chenxun/Documents/Project/Venturi/Vivado_example/eth_xcvr_gth_full_ex/eth_xcvr_gth_full_ex.ip_user_files/sim_scripts/eth_xcvr_gth_full/questa/eth_xcvr_gth_full.sh'
INFO: [exportsim-Tcl-35] Exporting simulation files for "IES" (Cadence Incisive Enterprise Simulator)...
INFO: [exportsim-Tcl-29] Script generated: '/home/chenxun/Documents/Project/Venturi/Vivado_example/eth_xcvr_gth_full_ex/eth_xcvr_gth_full_ex.ip_user_files/sim_scripts/eth_xcvr_gth_full/ies/eth_xcvr_gth_full.sh'
INFO: [exportsim-Tcl-35] Exporting simulation files for "VCS" (Synopsys Verilog Compiler Simulator)...
INFO: [exportsim-Tcl-29] Script generated: '/home/chenxun/Documents/Project/Venturi/Vivado_example/eth_xcvr_gth_full_ex/eth_xcvr_gth_full_ex.ip_user_files/sim_scripts/eth_xcvr_gth_full/vcs/eth_xcvr_gth_full.sh'
INFO: [exportsim-Tcl-35] Exporting simulation files for "RIVIERA" (Aldec Riviera-PRO Simulator)...
INFO: [exportsim-Tcl-29] Script generated: '/home/chenxun/Documents/Project/Venturi/Vivado_example/eth_xcvr_gth_full_ex/eth_xcvr_gth_full_ex.ip_user_files/sim_scripts/eth_xcvr_gth_full/riviera/eth_xcvr_gth_full.sh'
INFO: [exportsim-Tcl-35] Exporting simulation files for "ACTIVEHDL" (Aldec Active-HDL Simulator)...
INFO: [exportsim-Tcl-29] Script generated: '/home/chenxun/Documents/Project/Venturi/Vivado_example/eth_xcvr_gth_full_ex/eth_xcvr_gth_full_ex.ip_user_files/sim_scripts/eth_xcvr_gth_full/activehdl/eth_xcvr_gth_full.sh'
INFO: [exportsim-Tcl-35] Exporting simulation files for "XCELIUM" (Cadence Xcelium Parallel Simulator)...
INFO: [exportsim-Tcl-29] Script generated: '/home/chenxun/Documents/Project/Venturi/Vivado_example/eth_xcvr_gth_full_ex/eth_xcvr_gth_full_ex.ip_user_files/sim_scripts/eth_xcvr_gth_full/xcelium/eth_xcvr_gth_full.sh'
INFO: [exportsim-Tcl-35] Exporting simulation files for "XSIM" (Xilinx Vivado Simulator)...
INFO: [exportsim-Tcl-29] Script generated: '/home/chenxun/Documents/Project/Venturi/Vivado_example/eth_xcvr_gth_full_ex/eth_xcvr_gth_full_ex.ip_user_files/sim_scripts/eth_xcvr_gth_full_vio_0/xsim/eth_xcvr_gth_full_vio_0.sh'
INFO: [exportsim-Tcl-35] Exporting simulation files for "MODELSIM" (Mentor Graphics ModelSim Simulator)...
INFO: [exportsim-Tcl-29] Script generated: '/home/chenxun/Documents/Project/Venturi/Vivado_example/eth_xcvr_gth_full_ex/eth_xcvr_gth_full_ex.ip_user_files/sim_scripts/eth_xcvr_gth_full_vio_0/modelsim/eth_xcvr_gth_full_vio_0.sh'
INFO: [exportsim-Tcl-35] Exporting simulation files for "QUESTA" (Mentor Graphics Questa Advanced Simulator)...
INFO: [exportsim-Tcl-29] Script generated: '/home/chenxun/Documents/Project/Venturi/Vivado_example/eth_xcvr_gth_full_ex/eth_xcvr_gth_full_ex.ip_user_files/sim_scripts/eth_xcvr_gth_full_vio_0/questa/eth_xcvr_gth_full_vio_0.sh'
INFO: [exportsim-Tcl-35] Exporting simulation files for "IES" (Cadence Incisive Enterprise Simulator)...
INFO: [exportsim-Tcl-29] Script generated: '/home/chenxun/Documents/Project/Venturi/Vivado_example/eth_xcvr_gth_full_ex/eth_xcvr_gth_full_ex.ip_user_files/sim_scripts/eth_xcvr_gth_full_vio_0/ies/eth_xcvr_gth_full_vio_0.sh'
INFO: [exportsim-Tcl-35] Exporting simulation files for "VCS" (Synopsys Verilog Compiler Simulator)...
INFO: [exportsim-Tcl-29] Script generated: '/home/chenxun/Documents/Project/Venturi/Vivado_example/eth_xcvr_gth_full_ex/eth_xcvr_gth_full_ex.ip_user_files/sim_scripts/eth_xcvr_gth_full_vio_0/vcs/eth_xcvr_gth_full_vio_0.sh'
INFO: [exportsim-Tcl-35] Exporting simulation files for "RIVIERA" (Aldec Riviera-PRO Simulator)...
INFO: [exportsim-Tcl-29] Script generated: '/home/chenxun/Documents/Project/Venturi/Vivado_example/eth_xcvr_gth_full_ex/eth_xcvr_gth_full_ex.ip_user_files/sim_scripts/eth_xcvr_gth_full_vio_0/riviera/eth_xcvr_gth_full_vio_0.sh'
INFO: [exportsim-Tcl-35] Exporting simulation files for "ACTIVEHDL" (Aldec Active-HDL Simulator)...
INFO: [exportsim-Tcl-29] Script generated: '/home/chenxun/Documents/Project/Venturi/Vivado_example/eth_xcvr_gth_full_ex/eth_xcvr_gth_full_ex.ip_user_files/sim_scripts/eth_xcvr_gth_full_vio_0/activehdl/eth_xcvr_gth_full_vio_0.sh'
INFO: [exportsim-Tcl-35] Exporting simulation files for "XCELIUM" (Cadence Xcelium Parallel Simulator)...
INFO: [exportsim-Tcl-29] Script generated: '/home/chenxun/Documents/Project/Venturi/Vivado_example/eth_xcvr_gth_full_ex/eth_xcvr_gth_full_ex.ip_user_files/sim_scripts/eth_xcvr_gth_full_vio_0/xcelium/eth_xcvr_gth_full_vio_0.sh'
INFO: [open_example_project] Open Example Project completed
update_compile_order -fileset sources_1
INFO: [Device 21-403] Loading part xcku035-fbva676-2-e
update_compile_order -fileset sources_1
add_files -norecurse {/home/chenxun/Documents/Project/Venturi/Vivado_example/eth_xcvr_gth_full_ex/imports/xgmii_baser_enc_64.v /home/chenxun/Documents/Project/Venturi/Vivado_example/eth_xcvr_gth_full_ex/imports/eth_phy_10g_tx.v /home/chenxun/Documents/Project/Venturi/Vivado_example/eth_xcvr_gth_full_ex/imports/eth_phy_10g_rx.v /home/chenxun/Documents/Project/Venturi/Vivado_example/eth_xcvr_gth_full_ex/imports/eth_xcvr_gth_full_example_checking_64b66b_async.v /home/chenxun/Documents/Project/Venturi/Vivado_example/eth_xcvr_gth_full_ex/imports/eth_xcvr_gth_full_example_reset_sync.v /home/chenxun/Documents/Project/Venturi/Vivado_example/eth_xcvr_gth_full_ex/imports/eth_phy_10g_rx_frame_sync.v /home/chenxun/Documents/Project/Venturi/Vivado_example/eth_xcvr_gth_full_ex/imports/eth_xcvr_gth_full_example_bit_sync.v /home/chenxun/Documents/Project/Venturi/Vivado_example/eth_xcvr_gth_full_ex/imports/eth_phy_10g_tx_if.v /home/chenxun/Documents/Project/Venturi/Vivado_example/eth_xcvr_gth_full_ex/imports/eth_phy_10g_rx_watchdog.v /home/chenxun/Documents/Project/Venturi/Vivado_example/eth_xcvr_gth_full_ex/imports/lfsr.v /home/chenxun/Documents/Project/Venturi/Vivado_example/eth_xcvr_gth_full_ex/imports/eth_phy_10g.v /home/chenxun/Documents/Project/Venturi/Vivado_example/eth_xcvr_gth_full_ex/imports/sync_reset.v /home/chenxun/Documents/Project/Venturi/Vivado_example/eth_xcvr_gth_full_ex/imports/eth_xcvr_gth_full_example_reset_inv_sync.v /home/chenxun/Documents/Project/Venturi/Vivado_example/eth_xcvr_gth_full_ex/imports/eth_xcvr_gth_full_example_init.v /home/chenxun/Documents/Project/Venturi/Vivado_example/eth_xcvr_gth_full_ex/imports/eth_xcvr_gth_full_example_top_sim.v /home/chenxun/Documents/Project/Venturi/Vivado_example/eth_xcvr_gth_full_ex/imports/xgmii_baser_dec_64.v /home/chenxun/Documents/Project/Venturi/Vivado_example/eth_xcvr_gth_full_ex/imports/eth_phy_10g_rx_ber_mon.v /home/chenxun/Documents/Project/Venturi/Vivado_example/eth_xcvr_gth_full_ex/imports/eth_xcvr_gth_full_example_wrapper_functions.v /home/chenxun/Documents/Project/Venturi/Vivado_example/eth_xcvr_gth_full_ex/imports/eth_xcvr_gth_full_example_stimulus_64b66b_async.v /home/chenxun/Documents/Project/Venturi/Vivado_example/eth_xcvr_gth_full_ex/imports/eth_xcvr_gth_full_example_wrapper.v /home/chenxun/Documents/Project/Venturi/Vivado_example/eth_xcvr_gth_full_ex/imports/eth_xcvr_gth_full_example_gtwiz_reset.v /home/chenxun/Documents/Project/Venturi/Vivado_example/eth_xcvr_gth_full_ex/imports/eth_xcvr_gth_full_prbs_any.v /home/chenxun/Documents/Project/Venturi/Vivado_example/eth_xcvr_gth_full_ex/imports/eth_phy_10g_rx_if.v /home/chenxun/Documents/Project/Venturi/Vivado_example/eth_xcvr_gth_full_ex/imports/eth_xcvr_gth_full_example_top.v}
WARNING: [filemgmt 56-12] File '/home/chenxun/Documents/Project/Venturi/Vivado_example/eth_xcvr_gth_full_ex/imports/eth_xcvr_gth_full_example_checking_64b66b_async.v' cannot be added to the project because it already exists in the project, skipping this file
WARNING: [filemgmt 56-12] File '/home/chenxun/Documents/Project/Venturi/Vivado_example/eth_xcvr_gth_full_ex/imports/eth_xcvr_gth_full_example_reset_sync.v' cannot be added to the project because it already exists in the project, skipping this file
WARNING: [filemgmt 56-12] File '/home/chenxun/Documents/Project/Venturi/Vivado_example/eth_xcvr_gth_full_ex/imports/eth_xcvr_gth_full_example_bit_sync.v' cannot be added to the project because it already exists in the project, skipping this file
WARNING: [filemgmt 56-12] File '/home/chenxun/Documents/Project/Venturi/Vivado_example/eth_xcvr_gth_full_ex/imports/eth_xcvr_gth_full_example_reset_inv_sync.v' cannot be added to the project because it already exists in the project, skipping this file
WARNING: [filemgmt 56-12] File '/home/chenxun/Documents/Project/Venturi/Vivado_example/eth_xcvr_gth_full_ex/imports/eth_xcvr_gth_full_example_init.v' cannot be added to the project because it already exists in the project, skipping this file
WARNING: [filemgmt 56-12] File '/home/chenxun/Documents/Project/Venturi/Vivado_example/eth_xcvr_gth_full_ex/imports/eth_xcvr_gth_full_example_wrapper_functions.v' cannot be added to the project because it already exists in the project, skipping this file
WARNING: [filemgmt 56-12] File '/home/chenxun/Documents/Project/Venturi/Vivado_example/eth_xcvr_gth_full_ex/imports/eth_xcvr_gth_full_example_stimulus_64b66b_async.v' cannot be added to the project because it already exists in the project, skipping this file
WARNING: [filemgmt 56-12] File '/home/chenxun/Documents/Project/Venturi/Vivado_example/eth_xcvr_gth_full_ex/imports/eth_xcvr_gth_full_example_wrapper.v' cannot be added to the project because it already exists in the project, skipping this file
WARNING: [filemgmt 56-12] File '/home/chenxun/Documents/Project/Venturi/Vivado_example/eth_xcvr_gth_full_ex/imports/eth_xcvr_gth_full_example_gtwiz_reset.v' cannot be added to the project because it already exists in the project, skipping this file
WARNING: [filemgmt 56-12] File '/home/chenxun/Documents/Project/Venturi/Vivado_example/eth_xcvr_gth_full_ex/imports/eth_xcvr_gth_full_prbs_any.v' cannot be added to the project because it already exists in the project, skipping this file
WARNING: [filemgmt 56-12] File '/home/chenxun/Documents/Project/Venturi/Vivado_example/eth_xcvr_gth_full_ex/imports/eth_xcvr_gth_full_example_top.v' cannot be added to the project because it already exists in the project, skipping this file
update_compile_order -fileset sources_1
WARNING: [IP_Flow 19-4067] Ignoring invalid widget type specified checkbox.Providing a default widget
create_ip -name ila -vendor xilinx.com -library ip -version 6.2 -module_name ila_gt_debug
set_property -dict [list CONFIG.C_PROBE11_WIDTH {4} CONFIG.C_NUM_OF_PROBES {13} CONFIG.Component_Name {ila_gt_debug}] [get_ips ila_gt_debug]
WARNING: [Vivado 12-3523] Attempt to change 'Component_Name' from 'ila_gt_debug' to 'ila_gt_debug' is not allowed and is ignored.
generate_target {instantiation_template} [get_files /home/chenxun/Documents/Project/Venturi/Vivado_example/eth_xcvr_gth_full_ex/eth_xcvr_gth_full_ex.srcs/sources_1/ip/ila_gt_debug/ila_gt_debug.xci]
INFO: [IP_Flow 19-1686] Generating 'Instantiation Template' target for IP 'ila_gt_debug'...
update_compile_order -fileset sources_1
generate_target all [get_files  /home/chenxun/Documents/Project/Venturi/Vivado_example/eth_xcvr_gth_full_ex/eth_xcvr_gth_full_ex.srcs/sources_1/ip/ila_gt_debug/ila_gt_debug.xci]
INFO: [IP_Flow 19-1686] Generating 'Synthesis' target for IP 'ila_gt_debug'...
WARNING: [IP_Flow 19-4994] Overwriting existing constraint file '/home/chenxun/Documents/Project/Venturi/Vivado_example/eth_xcvr_gth_full_ex/eth_xcvr_gth_full_ex.srcs/sources_1/ip/ila_gt_debug/ila_gt_debug_ooc.xdc'
INFO: [IP_Flow 19-1686] Generating 'Simulation' target for IP 'ila_gt_debug'...
INFO: [IP_Flow 19-1686] Generating 'Implementation' target for IP 'ila_gt_debug'...
INFO: [IP_Flow 19-1686] Generating 'Change Log' target for IP 'ila_gt_debug'...
catch { config_ip_cache -export [get_ips -all ila_gt_debug] }
export_ip_user_files -of_objects [get_files /home/chenxun/Documents/Project/Venturi/Vivado_example/eth_xcvr_gth_full_ex/eth_xcvr_gth_full_ex.srcs/sources_1/ip/ila_gt_debug/ila_gt_debug.xci] -no_script -sync -force -quiet
create_ip_run [get_files -of_objects [get_fileset sources_1] /home/chenxun/Documents/Project/Venturi/Vivado_example/eth_xcvr_gth_full_ex/eth_xcvr_gth_full_ex.srcs/sources_1/ip/ila_gt_debug/ila_gt_debug.xci]
launch_runs -jobs 32 ila_gt_debug_synth_1
[Fri Feb 13 21:59:48 2026] Launched ila_gt_debug_synth_1...
Run output will be captured here: /home/chenxun/Documents/Project/Venturi/Vivado_example/eth_xcvr_gth_full_ex/eth_xcvr_gth_full_ex.runs/ila_gt_debug_synth_1/runme.log
export_simulation -of_objects [get_files /home/chenxun/Documents/Project/Venturi/Vivado_example/eth_xcvr_gth_full_ex/eth_xcvr_gth_full_ex.srcs/sources_1/ip/ila_gt_debug/ila_gt_debug.xci] -directory /home/chenxun/Documents/Project/Venturi/Vivado_example/eth_xcvr_gth_full_ex/eth_xcvr_gth_full_ex.ip_user_files/sim_scripts -ip_user_files_dir /home/chenxun/Documents/Project/Venturi/Vivado_example/eth_xcvr_gth_full_ex/eth_xcvr_gth_full_ex.ip_user_files -ipstatic_source_dir /home/chenxun/Documents/Project/Venturi/Vivado_example/eth_xcvr_gth_full_ex/eth_xcvr_gth_full_ex.ip_user_files/ipstatic -lib_map_path [list {modelsim=/home/chenxun/Documents/Project/Venturi/Vivado_example/eth_xcvr_gth_full_ex/eth_xcvr_gth_full_ex.cache/compile_simlib/modelsim} {questa=/home/chenxun/Documents/Project/Venturi/Vivado_example/eth_xcvr_gth_full_ex/eth_xcvr_gth_full_ex.cache/compile_simlib/questa} {ies=/home/chenxun/Documents/Project/Venturi/Vivado_example/eth_xcvr_gth_full_ex/eth_xcvr_gth_full_ex.cache/compile_simlib/ies} {xcelium=/home/chenxun/Documents/Project/Venturi/Vivado_example/eth_xcvr_gth_full_ex/eth_xcvr_gth_full_ex.cache/compile_simlib/xcelium} {vcs=/home/chenxun/Documents/Project/Venturi/Vivado_example/eth_xcvr_gth_full_ex/eth_xcvr_gth_full_ex.cache/compile_simlib/vcs} {riviera=/home/chenxun/Documents/Project/Venturi/Vivado_example/eth_xcvr_gth_full_ex/eth_xcvr_gth_full_ex.cache/compile_simlib/riviera}] -use_ip_compiled_libs -force -quiet
export_ip_user_files -of_objects  [get_files /home/chenxun/Documents/Project/Venturi/Vivado_example/eth_xcvr_gth_full_ex/imports/eth_xcvr_gth_full_example_checking_64b66b_async.v] -no_script -reset -force -quiet
export_ip_user_files -of_objects  [get_files /home/chenxun/Documents/Project/Venturi/Vivado_example/eth_xcvr_gth_full_ex/imports/eth_xcvr_gth_full_example_stimulus_64b66b_async.v] -no_script -reset -force -quiet
remove_files  {/home/chenxun/Documents/Project/Venturi/Vivado_example/eth_xcvr_gth_full_ex/imports/eth_xcvr_gth_full_example_checking_64b66b_async.v /home/chenxun/Documents/Project/Venturi/Vivado_example/eth_xcvr_gth_full_ex/imports/eth_xcvr_gth_full_example_stimulus_64b66b_async.v}
export_ip_user_files -of_objects  [get_files /home/chenxun/Documents/Project/Venturi/Vivado_example/eth_xcvr_gth_full_ex/imports/eth_xcvr_gth_full_example_top_sim.v] -no_script -reset -force -quiet
remove_files  /home/chenxun/Documents/Project/Venturi/Vivado_example/eth_xcvr_gth_full_ex/imports/eth_xcvr_gth_full_example_top_sim.v
export_ip_user_files -of_objects  [get_files /home/chenxun/Documents/Project/Venturi/Vivado_example/eth_xcvr_gth_full_ex/imports/eth_xcvr_gth_full_prbs_any.v] -no_script -reset -force -quiet
remove_files  /home/chenxun/Documents/Project/Venturi/Vivado_example/eth_xcvr_gth_full_ex/imports/eth_xcvr_gth_full_prbs_any.v
export_ip_user_files -of_objects  [get_files /home/chenxun/Documents/Project/Venturi/Vivado_example/eth_xcvr_gth_full_ex/eth_xcvr_gth_full_ex.srcs/sources_1/ip/eth_xcvr_gth_full_vio_0/eth_xcvr_gth_full_vio_0.xci] -no_script -reset -force -quiet
remove_files  /home/chenxun/Documents/Project/Venturi/Vivado_example/eth_xcvr_gth_full_ex/eth_xcvr_gth_full_ex.srcs/sources_1/ip/eth_xcvr_gth_full_vio_0/eth_xcvr_gth_full_vio_0.xci
launch_runs synth_1 -jobs 32
INFO: [Vivado 12-4149] The synthesis checkpoint for IP '/home/chenxun/Documents/Project/Venturi/Vivado_example/eth_xcvr_gth_full_ex/eth_xcvr_gth_full_ex.srcs/sources_1/ip/eth_xcvr_gth_full/eth_xcvr_gth_full.xci' is already up-to-date
[Fri Feb 13 22:00:43 2026] Launched ila_gt_debug_synth_1...
Run output will be captured here: /home/chenxun/Documents/Project/Venturi/Vivado_example/eth_xcvr_gth_full_ex/eth_xcvr_gth_full_ex.runs/ila_gt_debug_synth_1/runme.log
[Fri Feb 13 22:00:43 2026] Launched synth_1...
Run output will be captured here: /home/chenxun/Documents/Project/Venturi/Vivado_example/eth_xcvr_gth_full_ex/eth_xcvr_gth_full_ex.runs/synth_1/runme.log
launch_runs impl_1 -jobs 32
INFO: [Vivado 12-4149] The synthesis checkpoint for IP '/home/chenxun/Documents/Project/Venturi/Vivado_example/eth_xcvr_gth_full_ex/eth_xcvr_gth_full_ex.srcs/sources_1/ip/eth_xcvr_gth_full/eth_xcvr_gth_full.xci' is already up-to-date
[Fri Feb 13 22:03:13 2026] Launched impl_1...
Run output will be captured here: /home/chenxun/Documents/Project/Venturi/Vivado_example/eth_xcvr_gth_full_ex/eth_xcvr_gth_full_ex.runs/impl_1/runme.log
launch_runs impl_1 -to_step write_bitstream -jobs 32
INFO: [Vivado 12-4149] The synthesis checkpoint for IP '/home/chenxun/Documents/Project/Venturi/Vivado_example/eth_xcvr_gth_full_ex/eth_xcvr_gth_full_ex.srcs/sources_1/ip/eth_xcvr_gth_full/eth_xcvr_gth_full.xci' is already up-to-date
[Fri Feb 13 22:05:15 2026] Launched impl_1...
Run output will be captured here: /home/chenxun/Documents/Project/Venturi/Vivado_example/eth_xcvr_gth_full_ex/eth_xcvr_gth_full_ex.runs/impl_1/runme.log
reset_run synth_1
launch_runs synth_1 -jobs 32
INFO: [Vivado 12-4149] The synthesis checkpoint for IP '/home/chenxun/Documents/Project/Venturi/Vivado_example/eth_xcvr_gth_full_ex/eth_xcvr_gth_full_ex.srcs/sources_1/ip/eth_xcvr_gth_full/eth_xcvr_gth_full.xci' is already up-to-date
[Fri Feb 13 22:10:34 2026] Launched synth_1...
Run output will be captured here: /home/chenxun/Documents/Project/Venturi/Vivado_example/eth_xcvr_gth_full_ex/eth_xcvr_gth_full_ex.runs/synth_1/runme.log
open_run synth_1 -name synth_1
Design is defaulting to impl run constrset: constrs_1
Design is defaulting to synth run part: xcku035-fbva676-2-e
INFO: [Project 1-454] Reading design checkpoint '/home/chenxun/Documents/Project/Venturi/Vivado_example/eth_xcvr_gth_full_ex/eth_xcvr_gth_full_ex.srcs/sources_1/ip/ila_gt_debug/ila_gt_debug.dcp' for cell 'ila_inst'
INFO: [Project 1-454] Reading design checkpoint '/home/chenxun/Documents/Project/Venturi/Vivado_example/eth_xcvr_gth_full_ex/eth_xcvr_gth_full_ex.srcs/sources_1/ip/eth_xcvr_gth_full/eth_xcvr_gth_full.dcp' for cell 'example_wrapper_inst/eth_xcvr_gth_full_inst'
INFO: [Netlist 29-17] Analyzing 118 Unisim elements for replacement
INFO: [Netlist 29-28] Unisim Transformation completed in 0 CPU seconds
INFO: [Project 1-479] Netlist was created with Vivado 2018.3
INFO: [Project 1-570] Preparing netlist for logic optimization
INFO: [Chipscope 16-324] Core: ila_inst UUID: b65d52e4-76d5-562d-b429-2afca0f6d0a3 
Parsing XDC File [/home/chenxun/Documents/Project/Venturi/Vivado_example/eth_xcvr_gth_full_ex/eth_xcvr_gth_full_ex.srcs/sources_1/ip/eth_xcvr_gth_full/synth/eth_xcvr_gth_full.xdc] for cell 'example_wrapper_inst/eth_xcvr_gth_full_inst/inst'
Finished Parsing XDC File [/home/chenxun/Documents/Project/Venturi/Vivado_example/eth_xcvr_gth_full_ex/eth_xcvr_gth_full_ex.srcs/sources_1/ip/eth_xcvr_gth_full/synth/eth_xcvr_gth_full.xdc] for cell 'example_wrapper_inst/eth_xcvr_gth_full_inst/inst'
Parsing XDC File [/home/chenxun/Documents/Project/Venturi/Vivado_example/eth_xcvr_gth_full_ex/eth_xcvr_gth_full_ex.srcs/sources_1/ip/ila_gt_debug/ila_v6_2/constraints/ila_impl.xdc] for cell 'ila_inst/inst'
Finished Parsing XDC File [/home/chenxun/Documents/Project/Venturi/Vivado_example/eth_xcvr_gth_full_ex/eth_xcvr_gth_full_ex.srcs/sources_1/ip/ila_gt_debug/ila_v6_2/constraints/ila_impl.xdc] for cell 'ila_inst/inst'
Parsing XDC File [/home/chenxun/Documents/Project/Venturi/Vivado_example/eth_xcvr_gth_full_ex/eth_xcvr_gth_full_ex.srcs/sources_1/ip/ila_gt_debug/ila_v6_2/constraints/ila.xdc] for cell 'ila_inst/inst'
Finished Parsing XDC File [/home/chenxun/Documents/Project/Venturi/Vivado_example/eth_xcvr_gth_full_ex/eth_xcvr_gth_full_ex.srcs/sources_1/ip/ila_gt_debug/ila_v6_2/constraints/ila.xdc] for cell 'ila_inst/inst'
Parsing XDC File [/home/chenxun/Documents/Project/Venturi/Vivado_example/eth_xcvr_gth_full_ex/imports/eth_xcvr_gth_full_example_top.xdc]
INFO: [Constraints 18-632] set_output_delay: No clock object specified, the clocks will be automatically identified [/home/chenxun/Documents/Project/Venturi/Vivado_example/eth_xcvr_gth_full_ex/imports/eth_xcvr_gth_full_example_top.xdc:55]
WARNING: [Vivado 12-180] No cells matched 'get_cells -hierarchical -filter {NAME =~ *sync_reset*sync_reg[0]}'. [/home/chenxun/Documents/Project/Venturi/Vivado_example/eth_xcvr_gth_full_ex/imports/eth_xcvr_gth_full_example_top.xdc:88]
CRITICAL WARNING: [Vivado 12-4739] set_false_path:No valid object(s) found for '-to [get_cells -hierarchical -filter {NAME =~ *sync_reset*sync_reg[0]}]'. [/home/chenxun/Documents/Project/Venturi/Vivado_example/eth_xcvr_gth_full_ex/imports/eth_xcvr_gth_full_example_top.xdc:88]
Resolution: Check if the specified object(s) exists in the current design. If it does, ensure that the correct design hierarchy was specified for the object. If you are working with clocks, make sure create_clock was used to create the clock object before it is referenced.
Finished Parsing XDC File [/home/chenxun/Documents/Project/Venturi/Vivado_example/eth_xcvr_gth_full_ex/imports/eth_xcvr_gth_full_example_top.xdc]
INFO: [Opt 31-138] Pushed 0 inverter(s) to 0 load pin(s).
Netlist sorting complete. Time (s): cpu = 00:00:00 ; elapsed = 00:00:00 . Memory (MB): peak = 7490.941 ; gain = 0.000 ; free physical = 12301 ; free virtual = 25558
INFO: [Project 1-111] Unisim Transformation Summary:
  A total of 86 instances were transformed.
  CFGLUT5 => CFGLUT5 (SRLC32E, SRL16E): 84 instances
  IBUF => IBUF (IBUFCTRL, INBUF): 1 instances
  IBUFDS => IBUFDS (DIFFINBUF, IBUFCTRL): 1 instances

launch_runs impl_1 -jobs 32
INFO: [Vivado 12-4149] The synthesis checkpoint for IP '/home/chenxun/Documents/Project/Venturi/Vivado_example/eth_xcvr_gth_full_ex/eth_xcvr_gth_full_ex.srcs/sources_1/ip/eth_xcvr_gth_full/eth_xcvr_gth_full.xci' is already up-to-date
Netlist sorting complete. Time (s): cpu = 00:00:00.01 ; elapsed = 00:00:00 . Memory (MB): peak = 7838.574 ; gain = 0.000 ; free physical = 11825 ; free virtual = 25083
INFO: [Timing 38-480] Writing timing data to binary archive.
Writing placer database...
Writing XDEF routing.
Writing XDEF routing logical nets.
Writing XDEF routing special nets.
Write XDEF Complete: Time (s): cpu = 00:00:00.06 ; elapsed = 00:00:00.02 . Memory (MB): peak = 7840.574 ; gain = 0.000 ; free physical = 11821 ; free virtual = 25081
Netlist sorting complete. Time (s): cpu = 00:00:00 ; elapsed = 00:00:00 . Memory (MB): peak = 7840.574 ; gain = 0.000 ; free physical = 11820 ; free virtual = 25081
[Fri Feb 13 22:14:20 2026] Launched impl_1...
Run output will be captured here: /home/chenxun/Documents/Project/Venturi/Vivado_example/eth_xcvr_gth_full_ex/eth_xcvr_gth_full_ex.runs/impl_1/runme.log
launch_runs impl_1 -to_step write_bitstream -jobs 32
INFO: [Vivado 12-4149] The synthesis checkpoint for IP '/home/chenxun/Documents/Project/Venturi/Vivado_example/eth_xcvr_gth_full_ex/eth_xcvr_gth_full_ex.srcs/sources_1/ip/eth_xcvr_gth_full/eth_xcvr_gth_full.xci' is already up-to-date
[Fri Feb 13 22:16:06 2026] Launched impl_1...
Run output will be captured here: /home/chenxun/Documents/Project/Venturi/Vivado_example/eth_xcvr_gth_full_ex/eth_xcvr_gth_full_ex.runs/impl_1/runme.log
open_hw
connect_hw_server
INFO: [Labtools 27-2285] Connecting to hw_server url TCP:localhost:3121
open_hw_target
INFO: [Labtoolstcl 44-466] Opening hw_target localhost:3121/xilinx_tcf/Digilent/D17610F5ABCD
set_property PROGRAM.FILE {/home/chenxun/Documents/Project/Venturi/Vivado_example/eth_xcvr_gth_full_ex/eth_xcvr_gth_full_ex.runs/impl_1/eth_xcvr_gth_full_example_top.bit} [get_hw_devices xcku035_0]
set_property PROBES.FILE {/home/chenxun/Documents/Project/Venturi/Vivado_example/eth_xcvr_gth_full_ex/eth_xcvr_gth_full_ex.runs/impl_1/eth_xcvr_gth_full_example_top.ltx} [get_hw_devices xcku035_0]
set_property FULL_PROBES.FILE {/home/chenxun/Documents/Project/Venturi/Vivado_example/eth_xcvr_gth_full_ex/eth_xcvr_gth_full_ex.runs/impl_1/eth_xcvr_gth_full_example_top.ltx} [get_hw_devices xcku035_0]
current_hw_device [get_hw_devices xcku035_0]
refresh_hw_device [lindex [get_hw_devices xcku035_0] 0]
INFO: [Labtools 27-2302] Device xcku035 (JTAG device index = 0) is programmed with a design that has 3 ILA core(s).
WARNING: [Labtools 27-3413] Dropping logic core with cellname:'ila_inst' at location 'uuid_B65D52E476D5562DB4292AFCA0F6D0A3' from probes file, since it cannot be found on the programmed device.
WARNING: [Labtools 27-1974] Mismatch between the design programmed into the device xcku035_0 and the probes file(s) /home/chenxun/Documents/Project/Venturi/Vivado_example/eth_xcvr_gth_full_ex/eth_xcvr_gth_full_ex.runs/impl_1/eth_xcvr_gth_full_example_top.ltx.
The device design has 3 ILA core(s) and 0 VIO core(s). 0 ILA core(s) and 0 VIO core(s) are matched in the probes file(s).
Resolution: 
1. Reprogram device with the correct programming file and associated probes file(s) OR
2. Goto device properties and associate the correct probes file(s) with the programming file already programmed in the device.
set_property PROBES.FILE {/home/chenxun/Documents/Project/Venturi/Vivado_example/eth_xcvr_gth_full_ex/eth_xcvr_gth_full_ex.runs/impl_1/eth_xcvr_gth_full_example_top.ltx} [get_hw_devices xcku035_0]
set_property FULL_PROBES.FILE {/home/chenxun/Documents/Project/Venturi/Vivado_example/eth_xcvr_gth_full_ex/eth_xcvr_gth_full_ex.runs/impl_1/eth_xcvr_gth_full_example_top.ltx} [get_hw_devices xcku035_0]
set_property PROGRAM.FILE {/home/chenxun/Documents/Project/Venturi/Vivado_example/eth_xcvr_gth_full_ex/eth_xcvr_gth_full_ex.runs/impl_1/eth_xcvr_gth_full_example_top.bit} [get_hw_devices xcku035_0]
program_hw_devices [get_hw_devices xcku035_0]
INFO: [Labtools 27-3164] End of startup status: HIGH
refresh_hw_device [lindex [get_hw_devices xcku035_0] 0]
INFO: [Labtools 27-2302] Device xcku035 (JTAG device index = 0) is programmed with a design that has 1 ILA core(s).
display_hw_ila_data [ get_hw_ila_data hw_ila_data_1 -of_objects [get_hw_ilas -of_objects [get_hw_devices xcku035_0] -filter {CELL_NAME=~"ila_inst"}]]
run_hw_ila [get_hw_ilas -of_objects [get_hw_devices xcku035_0] -filter {CELL_NAME=~"ila_inst"}]
INFO: [Labtools 27-1964] The ILA core 'hw_ila_1' trigger was armed at 2026-Feb-13 22:19:00
wait_on_hw_ila [get_hw_ilas -of_objects [get_hw_devices xcku035_0] -filter {CELL_NAME=~"ila_inst"}]
display_hw_ila_data [upload_hw_ila_data [get_hw_ilas -of_objects [get_hw_devices xcku035_0] -filter {CELL_NAME=~"ila_inst"}]]
INFO: [Labtools 27-1966] The ILA core 'hw_ila_1' triggered at 2026-Feb-13 22:19:00
INFO: [Labtools 27-3304] ILA Waveform data saved to file /home/chenxun/Documents/Project/Venturi/Vivado_example/eth_xcvr_gth_full_ex/eth_xcvr_gth_full_ex.hw/backup/hw_ila_data_1.ila. Use Tcl command 'read_hw_ila_data' or Vivado File->Import->Import ILA Data menu item to import the previously saved data.
run_hw_ila [get_hw_ilas -of_objects [get_hw_devices xcku035_0] -filter {CELL_NAME=~"ila_inst"}]
INFO: [Labtools 27-1964] The ILA core 'hw_ila_1' trigger was armed at 2026-Feb-13 22:19:09
wait_on_hw_ila [get_hw_ilas -of_objects [get_hw_devices xcku035_0] -filter {CELL_NAME=~"ila_inst"}]
display_hw_ila_data [upload_hw_ila_data [get_hw_ilas -of_objects [get_hw_devices xcku035_0] -filter {CELL_NAME=~"ila_inst"}]]
INFO: [Labtools 27-1966] The ILA core 'hw_ila_1' triggered at 2026-Feb-13 22:19:09
INFO: [Labtools 27-3304] ILA Waveform data saved to file /home/chenxun/Documents/Project/Venturi/Vivado_example/eth_xcvr_gth_full_ex/eth_xcvr_gth_full_ex.hw/backup/hw_ila_data_1.ila. Use Tcl command 'read_hw_ila_data' or Vivado File->Import->Import ILA Data menu item to import the previously saved data.
run_hw_ila [get_hw_ilas -of_objects [get_hw_devices xcku035_0] -filter {CELL_NAME=~"ila_inst"}]
INFO: [Labtools 27-1964] The ILA core 'hw_ila_1' trigger was armed at 2026-Feb-13 22:19:12
wait_on_hw_ila [get_hw_ilas -of_objects [get_hw_devices xcku035_0] -filter {CELL_NAME=~"ila_inst"}]
display_hw_ila_data [upload_hw_ila_data [get_hw_ilas -of_objects [get_hw_devices xcku035_0] -filter {CELL_NAME=~"ila_inst"}]]
INFO: [Labtools 27-1966] The ILA core 'hw_ila_1' triggered at 2026-Feb-13 22:19:12
INFO: [Labtools 27-3304] ILA Waveform data saved to file /home/chenxun/Documents/Project/Venturi/Vivado_example/eth_xcvr_gth_full_ex/eth_xcvr_gth_full_ex.hw/backup/hw_ila_data_1.ila. Use Tcl command 'read_hw_ila_data' or Vivado File->Import->Import ILA Data menu item to import the previously saved data.
run_hw_ila [get_hw_ilas -of_objects [get_hw_devices xcku035_0] -filter {CELL_NAME=~"ila_inst"}]
INFO: [Labtools 27-1964] The ILA core 'hw_ila_1' trigger was armed at 2026-Feb-13 22:19:15
wait_on_hw_ila [get_hw_ilas -of_objects [get_hw_devices xcku035_0] -filter {CELL_NAME=~"ila_inst"}]
display_hw_ila_data [upload_hw_ila_data [get_hw_ilas -of_objects [get_hw_devices xcku035_0] -filter {CELL_NAME=~"ila_inst"}]]
INFO: [Labtools 27-1966] The ILA core 'hw_ila_1' triggered at 2026-Feb-13 22:19:15
INFO: [Labtools 27-3304] ILA Waveform data saved to file /home/chenxun/Documents/Project/Venturi/Vivado_example/eth_xcvr_gth_full_ex/eth_xcvr_gth_full_ex.hw/backup/hw_ila_data_1.ila. Use Tcl command 'read_hw_ila_data' or Vivado File->Import->Import ILA Data menu item to import the previously saved data.
run_hw_ila [get_hw_ilas -of_objects [get_hw_devices xcku035_0] -filter {CELL_NAME=~"ila_inst"}]
INFO: [Labtools 27-1964] The ILA core 'hw_ila_1' trigger was armed at 2026-Feb-13 22:19:16
wait_on_hw_ila [get_hw_ilas -of_objects [get_hw_devices xcku035_0] -filter {CELL_NAME=~"ila_inst"}]
display_hw_ila_data [upload_hw_ila_data [get_hw_ilas -of_objects [get_hw_devices xcku035_0] -filter {CELL_NAME=~"ila_inst"}]]
INFO: [Labtools 27-1966] The ILA core 'hw_ila_1' triggered at 2026-Feb-13 22:19:16
INFO: [Labtools 27-3304] ILA Waveform data saved to file /home/chenxun/Documents/Project/Venturi/Vivado_example/eth_xcvr_gth_full_ex/eth_xcvr_gth_full_ex.hw/backup/hw_ila_data_1.ila. Use Tcl command 'read_hw_ila_data' or Vivado File->Import->Import ILA Data menu item to import the previously saved data.
run_hw_ila [get_hw_ilas -of_objects [get_hw_devices xcku035_0] -filter {CELL_NAME=~"ila_inst"}]
INFO: [Labtools 27-1964] The ILA core 'hw_ila_1' trigger was armed at 2026-Feb-13 22:19:19
wait_on_hw_ila [get_hw_ilas -of_objects [get_hw_devices xcku035_0] -filter {CELL_NAME=~"ila_inst"}]
display_hw_ila_data [upload_hw_ila_data [get_hw_ilas -of_objects [get_hw_devices xcku035_0] -filter {CELL_NAME=~"ila_inst"}]]
INFO: [Labtools 27-1966] The ILA core 'hw_ila_1' triggered at 2026-Feb-13 22:19:19
INFO: [Labtools 27-3304] ILA Waveform data saved to file /home/chenxun/Documents/Project/Venturi/Vivado_example/eth_xcvr_gth_full_ex/eth_xcvr_gth_full_ex.hw/backup/hw_ila_data_1.ila. Use Tcl command 'read_hw_ila_data' or Vivado File->Import->Import ILA Data menu item to import the previously saved data.
run_hw_ila [get_hw_ilas -of_objects [get_hw_devices xcku035_0] -filter {CELL_NAME=~"ila_inst"}]
INFO: [Labtools 27-1964] The ILA core 'hw_ila_1' trigger was armed at 2026-Feb-13 22:19:20
wait_on_hw_ila [get_hw_ilas -of_objects [get_hw_devices xcku035_0] -filter {CELL_NAME=~"ila_inst"}]
display_hw_ila_data [upload_hw_ila_data [get_hw_ilas -of_objects [get_hw_devices xcku035_0] -filter {CELL_NAME=~"ila_inst"}]]
INFO: [Labtools 27-1966] The ILA core 'hw_ila_1' triggered at 2026-Feb-13 22:19:20
INFO: [Labtools 27-3304] ILA Waveform data saved to file /home/chenxun/Documents/Project/Venturi/Vivado_example/eth_xcvr_gth_full_ex/eth_xcvr_gth_full_ex.hw/backup/hw_ila_data_1.ila. Use Tcl command 'read_hw_ila_data' or Vivado File->Import->Import ILA Data menu item to import the previously saved data.
run_hw_ila [get_hw_ilas -of_objects [get_hw_devices xcku035_0] -filter {CELL_NAME=~"ila_inst"}]
INFO: [Labtools 27-1964] The ILA core 'hw_ila_1' trigger was armed at 2026-Feb-13 22:19:21
wait_on_hw_ila [get_hw_ilas -of_objects [get_hw_devices xcku035_0] -filter {CELL_NAME=~"ila_inst"}]
display_hw_ila_data [upload_hw_ila_data [get_hw_ilas -of_objects [get_hw_devices xcku035_0] -filter {CELL_NAME=~"ila_inst"}]]
INFO: [Labtools 27-1966] The ILA core 'hw_ila_1' triggered at 2026-Feb-13 22:19:21
INFO: [Labtools 27-3304] ILA Waveform data saved to file /home/chenxun/Documents/Project/Venturi/Vivado_example/eth_xcvr_gth_full_ex/eth_xcvr_gth_full_ex.hw/backup/hw_ila_data_1.ila. Use Tcl command 'read_hw_ila_data' or Vivado File->Import->Import ILA Data menu item to import the previously saved data.
reset_run synth_1
launch_runs synth_1 -jobs 32
INFO: [Vivado 12-4149] The synthesis checkpoint for IP '/home/chenxun/Documents/Project/Venturi/Vivado_example/eth_xcvr_gth_full_ex/eth_xcvr_gth_full_ex.srcs/sources_1/ip/eth_xcvr_gth_full/eth_xcvr_gth_full.xci' is already up-to-date
[Fri Feb 13 22:24:23 2026] Launched synth_1...
Run output will be captured here: /home/chenxun/Documents/Project/Venturi/Vivado_example/eth_xcvr_gth_full_ex/eth_xcvr_gth_full_ex.runs/synth_1/runme.log
launch_runs impl_1 -jobs 32
INFO: [Vivado 12-4149] The synthesis checkpoint for IP '/home/chenxun/Documents/Project/Venturi/Vivado_example/eth_xcvr_gth_full_ex/eth_xcvr_gth_full_ex.srcs/sources_1/ip/eth_xcvr_gth_full/eth_xcvr_gth_full.xci' is already up-to-date
WARNING: [Project 1-478] Design 'synth_1' is stale and will not be used when launching 'impl_1'
[Fri Feb 13 22:26:41 2026] Launched impl_1...
Run output will be captured here: /home/chenxun/Documents/Project/Venturi/Vivado_example/eth_xcvr_gth_full_ex/eth_xcvr_gth_full_ex.runs/impl_1/runme.log
launch_runs impl_1 -to_step write_bitstream -jobs 32
INFO: [Vivado 12-4149] The synthesis checkpoint for IP '/home/chenxun/Documents/Project/Venturi/Vivado_example/eth_xcvr_gth_full_ex/eth_xcvr_gth_full_ex.srcs/sources_1/ip/eth_xcvr_gth_full/eth_xcvr_gth_full.xci' is already up-to-date
[Fri Feb 13 22:28:53 2026] Launched impl_1...
Run output will be captured here: /home/chenxun/Documents/Project/Venturi/Vivado_example/eth_xcvr_gth_full_ex/eth_xcvr_gth_full_ex.runs/impl_1/runme.log
set_property PROBES.FILE {/home/chenxun/Documents/Project/Venturi/Vivado_example/eth_xcvr_gth_full_ex/eth_xcvr_gth_full_ex.runs/impl_1/eth_xcvr_gth_full_example_top.ltx} [get_hw_devices xcku035_0]
set_property FULL_PROBES.FILE {/home/chenxun/Documents/Project/Venturi/Vivado_example/eth_xcvr_gth_full_ex/eth_xcvr_gth_full_ex.runs/impl_1/eth_xcvr_gth_full_example_top.ltx} [get_hw_devices xcku035_0]
set_property PROGRAM.FILE {/home/chenxun/Documents/Project/Venturi/Vivado_example/eth_xcvr_gth_full_ex/eth_xcvr_gth_full_ex.runs/impl_1/eth_xcvr_gth_full_example_top.bit} [get_hw_devices xcku035_0]
program_hw_devices [get_hw_devices xcku035_0]
INFO: [Labtools 27-3164] End of startup status: HIGH
refresh_hw_device [lindex [get_hw_devices xcku035_0] 0]
INFO: [Labtools 27-2302] Device xcku035 (JTAG device index = 0) is programmed with a design that has 1 ILA core(s).
run_hw_ila [get_hw_ilas -of_objects [get_hw_devices xcku035_0] -filter {CELL_NAME=~"ila_inst"}]
INFO: [Labtools 27-1964] The ILA core 'hw_ila_1' trigger was armed at 2026-Feb-13 22:31:39
wait_on_hw_ila [get_hw_ilas -of_objects [get_hw_devices xcku035_0] -filter {CELL_NAME=~"ila_inst"}]
display_hw_ila_data [upload_hw_ila_data [get_hw_ilas -of_objects [get_hw_devices xcku035_0] -filter {CELL_NAME=~"ila_inst"}]]
INFO: [Labtools 27-1966] The ILA core 'hw_ila_1' triggered at 2026-Feb-13 22:31:39
INFO: [Labtools 27-3304] ILA Waveform data saved to file /home/chenxun/Documents/Project/Venturi/Vivado_example/eth_xcvr_gth_full_ex/eth_xcvr_gth_full_ex.hw/backup/hw_ila_data_1.ila. Use Tcl command 'read_hw_ila_data' or Vivado File->Import->Import ILA Data menu item to import the previously saved data.
run_hw_ila [get_hw_ilas -of_objects [get_hw_devices xcku035_0] -filter {CELL_NAME=~"ila_inst"}]
INFO: [Labtools 27-1964] The ILA core 'hw_ila_1' trigger was armed at 2026-Feb-13 22:31:50
wait_on_hw_ila [get_hw_ilas -of_objects [get_hw_devices xcku035_0] -filter {CELL_NAME=~"ila_inst"}]
display_hw_ila_data [upload_hw_ila_data [get_hw_ilas -of_objects [get_hw_devices xcku035_0] -filter {CELL_NAME=~"ila_inst"}]]
INFO: [Labtools 27-1966] The ILA core 'hw_ila_1' triggered at 2026-Feb-13 22:31:50
INFO: [Labtools 27-3304] ILA Waveform data saved to file /home/chenxun/Documents/Project/Venturi/Vivado_example/eth_xcvr_gth_full_ex/eth_xcvr_gth_full_ex.hw/backup/hw_ila_data_1.ila. Use Tcl command 'read_hw_ila_data' or Vivado File->Import->Import ILA Data menu item to import the previously saved data.
reset_run synth_1
launch_runs synth_1 -jobs 32
INFO: [Vivado 12-4149] The synthesis checkpoint for IP '/home/chenxun/Documents/Project/Venturi/Vivado_example/eth_xcvr_gth_full_ex/eth_xcvr_gth_full_ex.srcs/sources_1/ip/eth_xcvr_gth_full/eth_xcvr_gth_full.xci' is already up-to-date
[Fri Feb 13 22:34:36 2026] Launched synth_1...
Run output will be captured here: /home/chenxun/Documents/Project/Venturi/Vivado_example/eth_xcvr_gth_full_ex/eth_xcvr_gth_full_ex.runs/synth_1/runme.log
launch_runs impl_1 -jobs 32
INFO: [Vivado 12-4149] The synthesis checkpoint for IP '/home/chenxun/Documents/Project/Venturi/Vivado_example/eth_xcvr_gth_full_ex/eth_xcvr_gth_full_ex.srcs/sources_1/ip/eth_xcvr_gth_full/eth_xcvr_gth_full.xci' is already up-to-date
WARNING: [Project 1-478] Design 'synth_1' is stale and will not be used when launching 'impl_1'
[Fri Feb 13 22:36:56 2026] Launched impl_1...
Run output will be captured here: /home/chenxun/Documents/Project/Venturi/Vivado_example/eth_xcvr_gth_full_ex/eth_xcvr_gth_full_ex.runs/impl_1/runme.log
launch_runs impl_1 -to_step write_bitstream -jobs 32
INFO: [Vivado 12-4149] The synthesis checkpoint for IP '/home/chenxun/Documents/Project/Venturi/Vivado_example/eth_xcvr_gth_full_ex/eth_xcvr_gth_full_ex.srcs/sources_1/ip/eth_xcvr_gth_full/eth_xcvr_gth_full.xci' is already up-to-date
[Fri Feb 13 22:38:48 2026] Launched impl_1...
Run output will be captured here: /home/chenxun/Documents/Project/Venturi/Vivado_example/eth_xcvr_gth_full_ex/eth_xcvr_gth_full_ex.runs/impl_1/runme.log
set_property PROBES.FILE {/home/chenxun/Documents/Project/Venturi/Vivado_example/eth_xcvr_gth_full_ex/eth_xcvr_gth_full_ex.runs/impl_1/eth_xcvr_gth_full_example_top.ltx} [get_hw_devices xcku035_0]
set_property FULL_PROBES.FILE {/home/chenxun/Documents/Project/Venturi/Vivado_example/eth_xcvr_gth_full_ex/eth_xcvr_gth_full_ex.runs/impl_1/eth_xcvr_gth_full_example_top.ltx} [get_hw_devices xcku035_0]
set_property PROGRAM.FILE {/home/chenxun/Documents/Project/Venturi/Vivado_example/eth_xcvr_gth_full_ex/eth_xcvr_gth_full_ex.runs/impl_1/eth_xcvr_gth_full_example_top.bit} [get_hw_devices xcku035_0]
program_hw_devices [get_hw_devices xcku035_0]
INFO: [Labtools 27-3164] End of startup status: HIGH
refresh_hw_device [lindex [get_hw_devices xcku035_0] 0]
INFO: [Labtools 27-2302] Device xcku035 (JTAG device index = 0) is programmed with a design that has 1 ILA core(s).
run_hw_ila [get_hw_ilas -of_objects [get_hw_devices xcku035_0] -filter {CELL_NAME=~"ila_inst"}]
INFO: [Labtools 27-1964] The ILA core 'hw_ila_1' trigger was armed at 2026-Feb-13 22:41:36
wait_on_hw_ila [get_hw_ilas -of_objects [get_hw_devices xcku035_0] -filter {CELL_NAME=~"ila_inst"}]
display_hw_ila_data [upload_hw_ila_data [get_hw_ilas -of_objects [get_hw_devices xcku035_0] -filter {CELL_NAME=~"ila_inst"}]]
INFO: [Labtools 27-1966] The ILA core 'hw_ila_1' triggered at 2026-Feb-13 22:41:36
INFO: [Labtools 27-3304] ILA Waveform data saved to file /home/chenxun/Documents/Project/Venturi/Vivado_example/eth_xcvr_gth_full_ex/eth_xcvr_gth_full_ex.hw/backup/hw_ila_data_1.ila. Use Tcl command 'read_hw_ila_data' or Vivado File->Import->Import ILA Data menu item to import the previously saved data.
run_hw_ila [get_hw_ilas -of_objects [get_hw_devices xcku035_0] -filter {CELL_NAME=~"ila_inst"}]
INFO: [Labtools 27-1964] The ILA core 'hw_ila_1' trigger was armed at 2026-Feb-13 22:41:43
wait_on_hw_ila [get_hw_ilas -of_objects [get_hw_devices xcku035_0] -filter {CELL_NAME=~"ila_inst"}]
display_hw_ila_data [upload_hw_ila_data [get_hw_ilas -of_objects [get_hw_devices xcku035_0] -filter {CELL_NAME=~"ila_inst"}]]
INFO: [Labtools 27-1966] The ILA core 'hw_ila_1' triggered at 2026-Feb-13 22:41:43
INFO: [Labtools 27-3304] ILA Waveform data saved to file /home/chenxun/Documents/Project/Venturi/Vivado_example/eth_xcvr_gth_full_ex/eth_xcvr_gth_full_ex.hw/backup/hw_ila_data_1.ila. Use Tcl command 'read_hw_ila_data' or Vivado File->Import->Import ILA Data menu item to import the previously saved data.
set_property PROBES.FILE {/home/chenxun/Documents/Project/Venturi/Vivado_example/eth_xcvr_gth_full_ex/eth_xcvr_gth_full_ex.runs/impl_1/eth_xcvr_gth_full_example_top.ltx} [get_hw_devices xcku035_0]
set_property FULL_PROBES.FILE {/home/chenxun/Documents/Project/Venturi/Vivado_example/eth_xcvr_gth_full_ex/eth_xcvr_gth_full_ex.runs/impl_1/eth_xcvr_gth_full_example_top.ltx} [get_hw_devices xcku035_0]
set_property PROGRAM.FILE {/home/chenxun/Documents/Project/Venturi/Vivado_example/eth_xcvr_gth_full_ex/eth_xcvr_gth_full_ex.runs/impl_1/eth_xcvr_gth_full_example_top.bit} [get_hw_devices xcku035_0]
program_hw_devices [get_hw_devices xcku035_0]
INFO: [Labtools 27-3164] End of startup status: HIGH
refresh_hw_device [lindex [get_hw_devices xcku035_0] 0]
INFO: [Labtools 27-2302] Device xcku035 (JTAG device index = 0) is programmed with a design that has 1 ILA core(s).
run_hw_ila [get_hw_ilas -of_objects [get_hw_devices xcku035_0] -filter {CELL_NAME=~"ila_inst"}]
INFO: [Labtools 27-1964] The ILA core 'hw_ila_1' trigger was armed at 2026-Feb-13 22:42:32
wait_on_hw_ila [get_hw_ilas -of_objects [get_hw_devices xcku035_0] -filter {CELL_NAME=~"ila_inst"}]
display_hw_ila_data [upload_hw_ila_data [get_hw_ilas -of_objects [get_hw_devices xcku035_0] -filter {CELL_NAME=~"ila_inst"}]]
INFO: [Labtools 27-1966] The ILA core 'hw_ila_1' triggered at 2026-Feb-13 22:42:32
INFO: [Labtools 27-3304] ILA Waveform data saved to file /home/chenxun/Documents/Project/Venturi/Vivado_example/eth_xcvr_gth_full_ex/eth_xcvr_gth_full_ex.hw/backup/hw_ila_data_1.ila. Use Tcl command 'read_hw_ila_data' or Vivado File->Import->Import ILA Data menu item to import the previously saved data.
WARNING: [IP_Flow 19-4067] Ignoring invalid widget type specified checkbox.Providing a default widget
create_ip -name ila -vendor xilinx.com -library ip -version 6.2 -module_name ila_xgmii_rx
set_property -dict [list CONFIG.C_PROBE1_WIDTH {8} CONFIG.C_PROBE0_WIDTH {64} CONFIG.C_NUM_OF_PROBES {2} CONFIG.Component_Name {ila_xgmii_rx}] [get_ips ila_xgmii_rx]
WARNING: [Vivado 12-3523] Attempt to change 'Component_Name' from 'ila_xgmii_rx' to 'ila_xgmii_rx' is not allowed and is ignored.
generate_target {instantiation_template} [get_files /home/chenxun/Documents/Project/Venturi/Vivado_example/eth_xcvr_gth_full_ex/eth_xcvr_gth_full_ex.srcs/sources_1/ip/ila_xgmii_rx/ila_xgmii_rx.xci]
INFO: [IP_Flow 19-1686] Generating 'Instantiation Template' target for IP 'ila_xgmii_rx'...
generate_target all [get_files  /home/chenxun/Documents/Project/Venturi/Vivado_example/eth_xcvr_gth_full_ex/eth_xcvr_gth_full_ex.srcs/sources_1/ip/ila_xgmii_rx/ila_xgmii_rx.xci]
INFO: [IP_Flow 19-1686] Generating 'Synthesis' target for IP 'ila_xgmii_rx'...
WARNING: [IP_Flow 19-4994] Overwriting existing constraint file '/home/chenxun/Documents/Project/Venturi/Vivado_example/eth_xcvr_gth_full_ex/eth_xcvr_gth_full_ex.srcs/sources_1/ip/ila_xgmii_rx/ila_xgmii_rx_ooc.xdc'
INFO: [IP_Flow 19-1686] Generating 'Simulation' target for IP 'ila_xgmii_rx'...
INFO: [IP_Flow 19-1686] Generating 'Implementation' target for IP 'ila_xgmii_rx'...
INFO: [IP_Flow 19-1686] Generating 'Change Log' target for IP 'ila_xgmii_rx'...
catch { config_ip_cache -export [get_ips -all ila_xgmii_rx] }
export_ip_user_files -of_objects [get_files /home/chenxun/Documents/Project/Venturi/Vivado_example/eth_xcvr_gth_full_ex/eth_xcvr_gth_full_ex.srcs/sources_1/ip/ila_xgmii_rx/ila_xgmii_rx.xci] -no_script -sync -force -quiet
create_ip_run [get_files -of_objects [get_fileset sources_1] /home/chenxun/Documents/Project/Venturi/Vivado_example/eth_xcvr_gth_full_ex/eth_xcvr_gth_full_ex.srcs/sources_1/ip/ila_xgmii_rx/ila_xgmii_rx.xci]
launch_runs -jobs 32 ila_xgmii_rx_synth_1
[Fri Feb 13 22:44:35 2026] Launched ila_xgmii_rx_synth_1...
Run output will be captured here: /home/chenxun/Documents/Project/Venturi/Vivado_example/eth_xcvr_gth_full_ex/eth_xcvr_gth_full_ex.runs/ila_xgmii_rx_synth_1/runme.log
export_simulation -of_objects [get_files /home/chenxun/Documents/Project/Venturi/Vivado_example/eth_xcvr_gth_full_ex/eth_xcvr_gth_full_ex.srcs/sources_1/ip/ila_xgmii_rx/ila_xgmii_rx.xci] -directory /home/chenxun/Documents/Project/Venturi/Vivado_example/eth_xcvr_gth_full_ex/eth_xcvr_gth_full_ex.ip_user_files/sim_scripts -ip_user_files_dir /home/chenxun/Documents/Project/Venturi/Vivado_example/eth_xcvr_gth_full_ex/eth_xcvr_gth_full_ex.ip_user_files -ipstatic_source_dir /home/chenxun/Documents/Project/Venturi/Vivado_example/eth_xcvr_gth_full_ex/eth_xcvr_gth_full_ex.ip_user_files/ipstatic -lib_map_path [list {modelsim=/home/chenxun/Documents/Project/Venturi/Vivado_example/eth_xcvr_gth_full_ex/eth_xcvr_gth_full_ex.cache/compile_simlib/modelsim} {questa=/home/chenxun/Documents/Project/Venturi/Vivado_example/eth_xcvr_gth_full_ex/eth_xcvr_gth_full_ex.cache/compile_simlib/questa} {ies=/home/chenxun/Documents/Project/Venturi/Vivado_example/eth_xcvr_gth_full_ex/eth_xcvr_gth_full_ex.cache/compile_simlib/ies} {xcelium=/home/chenxun/Documents/Project/Venturi/Vivado_example/eth_xcvr_gth_full_ex/eth_xcvr_gth_full_ex.cache/compile_simlib/xcelium} {vcs=/home/chenxun/Documents/Project/Venturi/Vivado_example/eth_xcvr_gth_full_ex/eth_xcvr_gth_full_ex.cache/compile_simlib/vcs} {riviera=/home/chenxun/Documents/Project/Venturi/Vivado_example/eth_xcvr_gth_full_ex/eth_xcvr_gth_full_ex.cache/compile_simlib/riviera}] -use_ip_compiled_libs -force -quiet
reset_run synth_1
launch_runs synth_1 -jobs 32
INFO: [Vivado 12-4149] The synthesis checkpoint for IP '/home/chenxun/Documents/Project/Venturi/Vivado_example/eth_xcvr_gth_full_ex/eth_xcvr_gth_full_ex.srcs/sources_1/ip/eth_xcvr_gth_full/eth_xcvr_gth_full.xci' is already up-to-date
[Fri Feb 13 22:44:42 2026] Launched ila_xgmii_rx_synth_1...
Run output will be captured here: /home/chenxun/Documents/Project/Venturi/Vivado_example/eth_xcvr_gth_full_ex/eth_xcvr_gth_full_ex.runs/ila_xgmii_rx_synth_1/runme.log
[Fri Feb 13 22:44:42 2026] Launched synth_1...
Run output will be captured here: /home/chenxun/Documents/Project/Venturi/Vivado_example/eth_xcvr_gth_full_ex/eth_xcvr_gth_full_ex.runs/synth_1/runme.log
launch_runs impl_1 -jobs 32
INFO: [Vivado 12-4149] The synthesis checkpoint for IP '/home/chenxun/Documents/Project/Venturi/Vivado_example/eth_xcvr_gth_full_ex/eth_xcvr_gth_full_ex.srcs/sources_1/ip/eth_xcvr_gth_full/eth_xcvr_gth_full.xci' is already up-to-date
WARNING: [Project 1-478] Design 'synth_1' is stale and will not be used when launching 'impl_1'
[Fri Feb 13 22:48:27 2026] Launched impl_1...
Run output will be captured here: /home/chenxun/Documents/Project/Venturi/Vivado_example/eth_xcvr_gth_full_ex/eth_xcvr_gth_full_ex.runs/impl_1/runme.log
launch_runs impl_1 -to_step write_bitstream -jobs 32
INFO: [Vivado 12-4149] The synthesis checkpoint for IP '/home/chenxun/Documents/Project/Venturi/Vivado_example/eth_xcvr_gth_full_ex/eth_xcvr_gth_full_ex.srcs/sources_1/ip/eth_xcvr_gth_full/eth_xcvr_gth_full.xci' is already up-to-date
[Fri Feb 13 22:50:36 2026] Launched impl_1...
Run output will be captured here: /home/chenxun/Documents/Project/Venturi/Vivado_example/eth_xcvr_gth_full_ex/eth_xcvr_gth_full_ex.runs/impl_1/runme.log
set_property PROBES.FILE {/home/chenxun/Documents/Project/Venturi/Vivado_example/eth_xcvr_gth_full_ex/eth_xcvr_gth_full_ex.runs/impl_1/eth_xcvr_gth_full_example_top.ltx} [get_hw_devices xcku035_0]
set_property FULL_PROBES.FILE {/home/chenxun/Documents/Project/Venturi/Vivado_example/eth_xcvr_gth_full_ex/eth_xcvr_gth_full_ex.runs/impl_1/eth_xcvr_gth_full_example_top.ltx} [get_hw_devices xcku035_0]
set_property PROGRAM.FILE {/home/chenxun/Documents/Project/Venturi/Vivado_example/eth_xcvr_gth_full_ex/eth_xcvr_gth_full_ex.runs/impl_1/eth_xcvr_gth_full_example_top.bit} [get_hw_devices xcku035_0]
program_hw_devices [get_hw_devices xcku035_0]
INFO: [Labtools 27-3164] End of startup status: HIGH
refresh_hw_device [lindex [get_hw_devices xcku035_0] 0]
INFO: [Labtools 27-2302] Device xcku035 (JTAG device index = 0) is programmed with a design that has 2 ILA core(s).
display_hw_ila_data [ get_hw_ila_data hw_ila_data_2 -of_objects [get_hw_ilas -of_objects [get_hw_devices xcku035_0] -filter {CELL_NAME=~"ila_xgmii_rx_inst"}]]
run_hw_ila [get_hw_ilas -of_objects [get_hw_devices xcku035_0] -filter {CELL_NAME=~"ila_inst"}]
INFO: [Labtools 27-1964] The ILA core 'hw_ila_1' trigger was armed at 2026-Feb-13 22:54:43
wait_on_hw_ila [get_hw_ilas -of_objects [get_hw_devices xcku035_0] -filter {CELL_NAME=~"ila_inst"}]
display_hw_ila_data [upload_hw_ila_data [get_hw_ilas -of_objects [get_hw_devices xcku035_0] -filter {CELL_NAME=~"ila_inst"}]]
INFO: [Labtools 27-1966] The ILA core 'hw_ila_1' triggered at 2026-Feb-13 22:54:43
INFO: [Labtools 27-3304] ILA Waveform data saved to file /home/chenxun/Documents/Project/Venturi/Vivado_example/eth_xcvr_gth_full_ex/eth_xcvr_gth_full_ex.hw/backup/hw_ila_data_1.ila. Use Tcl command 'read_hw_ila_data' or Vivado File->Import->Import ILA Data menu item to import the previously saved data.
run_hw_ila [get_hw_ilas -of_objects [get_hw_devices xcku035_0] -filter {CELL_NAME=~"ila_xgmii_rx_inst"}]
INFO: [Labtools 27-1964] The ILA core 'hw_ila_2' trigger was armed at 2026-Feb-13 22:54:46
wait_on_hw_ila [get_hw_ilas -of_objects [get_hw_devices xcku035_0] -filter {CELL_NAME=~"ila_xgmii_rx_inst"}]
display_hw_ila_data [upload_hw_ila_data [get_hw_ilas -of_objects [get_hw_devices xcku035_0] -filter {CELL_NAME=~"ila_xgmii_rx_inst"}]]
INFO: [Labtools 27-1966] The ILA core 'hw_ila_2' triggered at 2026-Feb-13 22:54:46
INFO: [Labtools 27-3304] ILA Waveform data saved to file /home/chenxun/Documents/Project/Venturi/Vivado_example/eth_xcvr_gth_full_ex/eth_xcvr_gth_full_ex.hw/backup/hw_ila_data_2.ila. Use Tcl command 'read_hw_ila_data' or Vivado File->Import->Import ILA Data menu item to import the previously saved data.
run_hw_ila [get_hw_ilas -of_objects [get_hw_devices xcku035_0] -filter {CELL_NAME=~"ila_xgmii_rx_inst"}]
INFO: [Labtools 27-1964] The ILA core 'hw_ila_2' trigger was armed at 2026-Feb-13 22:54:49
wait_on_hw_ila [get_hw_ilas -of_objects [get_hw_devices xcku035_0] -filter {CELL_NAME=~"ila_xgmii_rx_inst"}]
display_hw_ila_data [upload_hw_ila_data [get_hw_ilas -of_objects [get_hw_devices xcku035_0] -filter {CELL_NAME=~"ila_xgmii_rx_inst"}]]
INFO: [Labtools 27-1966] The ILA core 'hw_ila_2' triggered at 2026-Feb-13 22:54:49
INFO: [Labtools 27-3304] ILA Waveform data saved to file /home/chenxun/Documents/Project/Venturi/Vivado_example/eth_xcvr_gth_full_ex/eth_xcvr_gth_full_ex.hw/backup/hw_ila_data_2.ila. Use Tcl command 'read_hw_ila_data' or Vivado File->Import->Import ILA Data menu item to import the previously saved data.
update_compile_order -fileset sources_1
